<?xml version="1.0"?>
<link_info>
   <banner>MSP430 Linker PC v4.3.3</banner>
   <copyright>Copyright (c) 2003-2014 Texas Instruments Incorporated</copyright>
   <link_time>0x55b2059a</link_time>
   <link_errors>0x0</link_errors>
   <output_file>Copy of TI20150113.out</output_file>
   <entry_point>
      <name>_c_int00</name>
      <address>0x4bae</address>
   </entry_point>
   <input_file_list>
      <input_file id="fl-2">
         <path>.\</path>
         <kind>object</kind>
         <file>main.obj</file>
         <name>main.obj</name>
      </input_file>
      <input_file id="fl-3">
         <path>.\</path>
         <kind>object</kind>
         <file>system_pre_init.obj</file>
         <name>system_pre_init.obj</name>
      </input_file>
      <input_file id="fl-4">
         <path>.\driverlib\MSP430F5xx_6xx\</path>
         <kind>object</kind>
         <file>adc10_a.obj</file>
         <name>adc10_a.obj</name>
      </input_file>
      <input_file id="fl-5">
         <path>.\driverlib\MSP430F5xx_6xx\</path>
         <kind>object</kind>
         <file>adc12_a.obj</file>
         <name>adc12_a.obj</name>
      </input_file>
      <input_file id="fl-6">
         <path>.\driverlib\MSP430F5xx_6xx\</path>
         <kind>object</kind>
         <file>aes.obj</file>
         <name>aes.obj</name>
      </input_file>
      <input_file id="fl-7">
         <path>.\driverlib\MSP430F5xx_6xx\</path>
         <kind>object</kind>
         <file>bak_batt.obj</file>
         <name>bak_batt.obj</name>
      </input_file>
      <input_file id="fl-8">
         <path>.\driverlib\MSP430F5xx_6xx\</path>
         <kind>object</kind>
         <file>comp_b.obj</file>
         <name>comp_b.obj</name>
      </input_file>
      <input_file id="fl-9">
         <path>.\driverlib\MSP430F5xx_6xx\</path>
         <kind>object</kind>
         <file>crc.obj</file>
         <name>crc.obj</name>
      </input_file>
      <input_file id="fl-a">
         <path>.\driverlib\MSP430F5xx_6xx\</path>
         <kind>object</kind>
         <file>dac12_a.obj</file>
         <name>dac12_a.obj</name>
      </input_file>
      <input_file id="fl-b">
         <path>.\driverlib\MSP430F5xx_6xx\</path>
         <kind>object</kind>
         <file>dma.obj</file>
         <name>dma.obj</name>
      </input_file>
      <input_file id="fl-c">
         <path>.\driverlib\MSP430F5xx_6xx\</path>
         <kind>object</kind>
         <file>eusci_a_spi.obj</file>
         <name>eusci_a_spi.obj</name>
      </input_file>
      <input_file id="fl-d">
         <path>.\driverlib\MSP430F5xx_6xx\</path>
         <kind>object</kind>
         <file>eusci_a_uart.obj</file>
         <name>eusci_a_uart.obj</name>
      </input_file>
      <input_file id="fl-e">
         <path>.\driverlib\MSP430F5xx_6xx\</path>
         <kind>object</kind>
         <file>eusci_b_i2c.obj</file>
         <name>eusci_b_i2c.obj</name>
      </input_file>
      <input_file id="fl-f">
         <path>.\driverlib\MSP430F5xx_6xx\</path>
         <kind>object</kind>
         <file>eusci_b_spi.obj</file>
         <name>eusci_b_spi.obj</name>
      </input_file>
      <input_file id="fl-10">
         <path>.\driverlib\MSP430F5xx_6xx\</path>
         <kind>object</kind>
         <file>eusci_i2c.obj</file>
         <name>eusci_i2c.obj</name>
      </input_file>
      <input_file id="fl-11">
         <path>.\driverlib\MSP430F5xx_6xx\</path>
         <kind>object</kind>
         <file>eusci_spi.obj</file>
         <name>eusci_spi.obj</name>
      </input_file>
      <input_file id="fl-12">
         <path>.\driverlib\MSP430F5xx_6xx\</path>
         <kind>object</kind>
         <file>eusci_uart.obj</file>
         <name>eusci_uart.obj</name>
      </input_file>
      <input_file id="fl-13">
         <path>.\driverlib\MSP430F5xx_6xx\</path>
         <kind>object</kind>
         <file>flash.obj</file>
         <name>flash.obj</name>
      </input_file>
      <input_file id="fl-14">
         <path>.\driverlib\MSP430F5xx_6xx\</path>
         <kind>object</kind>
         <file>gpio.obj</file>
         <name>gpio.obj</name>
      </input_file>
      <input_file id="fl-15">
         <path>.\driverlib\MSP430F5xx_6xx\</path>
         <kind>object</kind>
         <file>ldopwr.obj</file>
         <name>ldopwr.obj</name>
      </input_file>
      <input_file id="fl-16">
         <path>.\driverlib\MSP430F5xx_6xx\</path>
         <kind>object</kind>
         <file>mpy32.obj</file>
         <name>mpy32.obj</name>
      </input_file>
      <input_file id="fl-17">
         <path>.\driverlib\MSP430F5xx_6xx\</path>
         <kind>object</kind>
         <file>pmap.obj</file>
         <name>pmap.obj</name>
      </input_file>
      <input_file id="fl-18">
         <path>.\driverlib\MSP430F5xx_6xx\</path>
         <kind>object</kind>
         <file>pmm.obj</file>
         <name>pmm.obj</name>
      </input_file>
      <input_file id="fl-19">
         <path>.\driverlib\MSP430F5xx_6xx\</path>
         <kind>object</kind>
         <file>ram.obj</file>
         <name>ram.obj</name>
      </input_file>
      <input_file id="fl-1a">
         <path>.\driverlib\MSP430F5xx_6xx\</path>
         <kind>object</kind>
         <file>ref.obj</file>
         <name>ref.obj</name>
      </input_file>
      <input_file id="fl-1b">
         <path>.\driverlib\MSP430F5xx_6xx\</path>
         <kind>object</kind>
         <file>rtc_a.obj</file>
         <name>rtc_a.obj</name>
      </input_file>
      <input_file id="fl-1c">
         <path>.\driverlib\MSP430F5xx_6xx\</path>
         <kind>object</kind>
         <file>rtc_b.obj</file>
         <name>rtc_b.obj</name>
      </input_file>
      <input_file id="fl-1d">
         <path>.\driverlib\MSP430F5xx_6xx\</path>
         <kind>object</kind>
         <file>rtc_c.obj</file>
         <name>rtc_c.obj</name>
      </input_file>
      <input_file id="fl-1e">
         <path>.\driverlib\MSP430F5xx_6xx\</path>
         <kind>object</kind>
         <file>sd24_b.obj</file>
         <name>sd24_b.obj</name>
      </input_file>
      <input_file id="fl-1f">
         <path>.\driverlib\MSP430F5xx_6xx\</path>
         <kind>object</kind>
         <file>sfr.obj</file>
         <name>sfr.obj</name>
      </input_file>
      <input_file id="fl-20">
         <path>.\driverlib\MSP430F5xx_6xx\</path>
         <kind>object</kind>
         <file>sys.obj</file>
         <name>sys.obj</name>
      </input_file>
      <input_file id="fl-21">
         <path>.\driverlib\MSP430F5xx_6xx\</path>
         <kind>object</kind>
         <file>tec.obj</file>
         <name>tec.obj</name>
      </input_file>
      <input_file id="fl-22">
         <path>.\driverlib\MSP430F5xx_6xx\</path>
         <kind>object</kind>
         <file>timer_a.obj</file>
         <name>timer_a.obj</name>
      </input_file>
      <input_file id="fl-23">
         <path>.\driverlib\MSP430F5xx_6xx\</path>
         <kind>object</kind>
         <file>timer_b.obj</file>
         <name>timer_b.obj</name>
      </input_file>
      <input_file id="fl-24">
         <path>.\driverlib\MSP430F5xx_6xx\</path>
         <kind>object</kind>
         <file>timer_d.obj</file>
         <name>timer_d.obj</name>
      </input_file>
      <input_file id="fl-25">
         <path>.\driverlib\MSP430F5xx_6xx\</path>
         <kind>object</kind>
         <file>tlv.obj</file>
         <name>tlv.obj</name>
      </input_file>
      <input_file id="fl-26">
         <path>.\driverlib\MSP430F5xx_6xx\</path>
         <kind>object</kind>
         <file>ucs.obj</file>
         <name>ucs.obj</name>
      </input_file>
      <input_file id="fl-27">
         <path>.\driverlib\MSP430F5xx_6xx\</path>
         <kind>object</kind>
         <file>usci_a_spi.obj</file>
         <name>usci_a_spi.obj</name>
      </input_file>
      <input_file id="fl-28">
         <path>.\driverlib\MSP430F5xx_6xx\</path>
         <kind>object</kind>
         <file>usci_a_uart.obj</file>
         <name>usci_a_uart.obj</name>
      </input_file>
      <input_file id="fl-29">
         <path>.\driverlib\MSP430F5xx_6xx\</path>
         <kind>object</kind>
         <file>usci_b_i2c.obj</file>
         <name>usci_b_i2c.obj</name>
      </input_file>
      <input_file id="fl-2a">
         <path>.\driverlib\MSP430F5xx_6xx\</path>
         <kind>object</kind>
         <file>usci_b_spi.obj</file>
         <name>usci_b_spi.obj</name>
      </input_file>
      <input_file id="fl-2b">
         <path>.\driverlib\MSP430F5xx_6xx\</path>
         <kind>object</kind>
         <file>usci_i2c.obj</file>
         <name>usci_i2c.obj</name>
      </input_file>
      <input_file id="fl-2c">
         <path>.\driverlib\MSP430F5xx_6xx\</path>
         <kind>object</kind>
         <file>usci_spi.obj</file>
         <name>usci_spi.obj</name>
      </input_file>
      <input_file id="fl-2d">
         <path>.\driverlib\MSP430F5xx_6xx\</path>
         <kind>object</kind>
         <file>usci_uart.obj</file>
         <name>usci_uart.obj</name>
      </input_file>
      <input_file id="fl-2e">
         <path>.\driverlib\MSP430F5xx_6xx\</path>
         <kind>object</kind>
         <file>wdt_a.obj</file>
         <name>wdt_a.obj</name>
      </input_file>
      <input_file id="fl-2f">
         <path>.\USB_config\</path>
         <kind>object</kind>
         <file>UsbIsr.obj</file>
         <name>UsbIsr.obj</name>
      </input_file>
      <input_file id="fl-30">
         <path>.\USB_config\</path>
         <kind>object</kind>
         <file>descriptors.obj</file>
         <name>descriptors.obj</name>
      </input_file>
      <input_file id="fl-31">
         <path>.\USB_app\</path>
         <kind>object</kind>
         <file>usbConstructs.obj</file>
         <name>usbConstructs.obj</name>
      </input_file>
      <input_file id="fl-32">
         <path>.\USB_app\</path>
         <kind>object</kind>
         <file>usbEventHandling.obj</file>
         <name>usbEventHandling.obj</name>
      </input_file>
      <input_file id="fl-33">
         <path>.\USB_API\USB_PHDC_API\</path>
         <kind>object</kind>
         <file>UsbPHDC.obj</file>
         <name>UsbPHDC.obj</name>
      </input_file>
      <input_file id="fl-34">
         <path>.\USB_API\USB_MSC_API\</path>
         <kind>object</kind>
         <file>UsbMscReq.obj</file>
         <name>UsbMscReq.obj</name>
      </input_file>
      <input_file id="fl-35">
         <path>.\USB_API\USB_MSC_API\</path>
         <kind>object</kind>
         <file>UsbMscScsi.obj</file>
         <name>UsbMscScsi.obj</name>
      </input_file>
      <input_file id="fl-36">
         <path>.\USB_API\USB_MSC_API\</path>
         <kind>object</kind>
         <file>UsbMscStateMachine.obj</file>
         <name>UsbMscStateMachine.obj</name>
      </input_file>
      <input_file id="fl-37">
         <path>.\USB_API\USB_HID_API\</path>
         <kind>object</kind>
         <file>UsbHid.obj</file>
         <name>UsbHid.obj</name>
      </input_file>
      <input_file id="fl-38">
         <path>.\USB_API\USB_HID_API\</path>
         <kind>object</kind>
         <file>UsbHidReq.obj</file>
         <name>UsbHidReq.obj</name>
      </input_file>
      <input_file id="fl-39">
         <path>.\USB_API\USB_Common\</path>
         <kind>object</kind>
         <file>usb.obj</file>
         <name>usb.obj</name>
      </input_file>
      <input_file id="fl-3a">
         <path>.\USB_API\USB_Common\</path>
         <kind>object</kind>
         <file>usbdma.obj</file>
         <name>usbdma.obj</name>
      </input_file>
      <input_file id="fl-3b">
         <path>.\USB_API\USB_CDC_API\</path>
         <kind>object</kind>
         <file>UsbCdc.obj</file>
         <name>UsbCdc.obj</name>
      </input_file>
      <input_file id="fl-3c">
         <path>.\UART\</path>
         <kind>object</kind>
         <file>BCUart.obj</file>
         <name>BCUart.obj</name>
      </input_file>
      <input_file id="fl-3d">
         <path>.\UART\</path>
         <kind>object</kind>
         <file>hal.obj</file>
         <name>hal.obj</name>
      </input_file>
      <input_file id="fl-3e">
         <path>.\TFT_SCREEN\</path>
         <kind>object</kind>
         <file>HAL_PMM.obj</file>
         <name>HAL_PMM.obj</name>
      </input_file>
      <input_file id="fl-3f">
         <path>.\TFT_SCREEN\</path>
         <kind>object</kind>
         <file>TFT_Screen.obj</file>
         <name>TFT_Screen.obj</name>
      </input_file>
      <input_file id="fl-40">
         <path>.\SPO2H\</path>
         <kind>object</kind>
         <file>spo2h.obj</file>
         <name>spo2h.obj</name>
      </input_file>
      <input_file id="fl-41">
         <path>.\QRSMAIN\</path>
         <kind>object</kind>
         <file>heartrate.obj</file>
         <name>heartrate.obj</name>
      </input_file>
      <input_file id="fl-42">
         <path>.\KEY\</path>
         <kind>object</kind>
         <file>key.obj</file>
         <name>key.obj</name>
      </input_file>
      <input_file id="fl-43">
         <path>.\DELAY\</path>
         <kind>object</kind>
         <file>delay.obj</file>
         <name>delay.obj</name>
      </input_file>
      <input_file id="fl-44">
         <path>.\BLUETOOTH\</path>
         <kind>object</kind>
         <file>bt.obj</file>
         <name>bt.obj</name>
      </input_file>
      <input_file id="fl-45">
         <path>.\BLOODPREASURE\</path>
         <kind>object</kind>
         <file>bloodpreasure.obj</file>
         <name>bloodpreasure.obj</name>
      </input_file>
      <input_file id="fl-46">
         <path>.\ADC12\</path>
         <kind>object</kind>
         <file>ADC12.obj</file>
         <name>ADC12.obj</name>
      </input_file>
      <input_file id="fl-47">
         <path>.\ACCEL\</path>
         <kind>object</kind>
         <file>accel.obj</file>
         <name>accel.obj</name>
      </input_file>
      <input_file id="fl-76">
         <path>D:\CCS6.0.1\ccsv6\tools\compiler\msp430_4.3.3\lib\</path>
         <kind>archive</kind>
         <file>rts430x_lc_sd_eabi.lib</file>
         <name>abs.obj</name>
      </input_file>
      <input_file id="fl-77">
         <path>D:\CCS6.0.1\ccsv6\tools\compiler\msp430_4.3.3\lib\</path>
         <kind>archive</kind>
         <file>rts430x_lc_sd_eabi.lib</file>
         <name>addd.obj</name>
      </input_file>
      <input_file id="fl-78">
         <path>D:\CCS6.0.1\ccsv6\tools\compiler\msp430_4.3.3\lib\</path>
         <kind>archive</kind>
         <file>rts430x_lc_sd_eabi.lib</file>
         <name>atanf.obj</name>
      </input_file>
      <input_file id="fl-79">
         <path>D:\CCS6.0.1\ccsv6\tools\compiler\msp430_4.3.3\lib\</path>
         <kind>archive</kind>
         <file>rts430x_lc_sd_eabi.lib</file>
         <name>boot.obj</name>
      </input_file>
      <input_file id="fl-7a">
         <path>D:\CCS6.0.1\ccsv6\tools\compiler\msp430_4.3.3\lib\</path>
         <kind>archive</kind>
         <file>rts430x_lc_sd_eabi.lib</file>
         <name>cmpd.obj</name>
      </input_file>
      <input_file id="fl-7b">
         <path>D:\CCS6.0.1\ccsv6\tools\compiler\msp430_4.3.3\lib\</path>
         <kind>archive</kind>
         <file>rts430x_lc_sd_eabi.lib</file>
         <name>copy_decompress_none.obj</name>
      </input_file>
      <input_file id="fl-7c">
         <path>D:\CCS6.0.1\ccsv6\tools\compiler\msp430_4.3.3\lib\</path>
         <kind>archive</kind>
         <file>rts430x_lc_sd_eabi.lib</file>
         <name>copy_decompress_rle.obj</name>
      </input_file>
      <input_file id="fl-7d">
         <path>D:\CCS6.0.1\ccsv6\tools\compiler\msp430_4.3.3\lib\</path>
         <kind>archive</kind>
         <file>rts430x_lc_sd_eabi.lib</file>
         <name>copy_zero_init.obj</name>
      </input_file>
      <input_file id="fl-7e">
         <path>D:\CCS6.0.1\ccsv6\tools\compiler\msp430_4.3.3\lib\</path>
         <kind>archive</kind>
         <file>rts430x_lc_sd_eabi.lib</file>
         <name>cpy_util.obj</name>
      </input_file>
      <input_file id="fl-7f">
         <path>D:\CCS6.0.1\ccsv6\tools\compiler\msp430_4.3.3\lib\</path>
         <kind>archive</kind>
         <file>rts430x_lc_sd_eabi.lib</file>
         <name>cvtdf.obj</name>
      </input_file>
      <input_file id="fl-80">
         <path>D:\CCS6.0.1\ccsv6\tools\compiler\msp430_4.3.3\lib\</path>
         <kind>archive</kind>
         <file>rts430x_lc_sd_eabi.lib</file>
         <name>cvtfd.obj</name>
      </input_file>
      <input_file id="fl-81">
         <path>D:\CCS6.0.1\ccsv6\tools\compiler\msp430_4.3.3\lib\</path>
         <kind>archive</kind>
         <file>rts430x_lc_sd_eabi.lib</file>
         <name>div16s.obj</name>
      </input_file>
      <input_file id="fl-82">
         <path>D:\CCS6.0.1\ccsv6\tools\compiler\msp430_4.3.3\lib\</path>
         <kind>archive</kind>
         <file>rts430x_lc_sd_eabi.lib</file>
         <name>div16u.obj</name>
      </input_file>
      <input_file id="fl-83">
         <path>D:\CCS6.0.1\ccsv6\tools\compiler\msp430_4.3.3\lib\</path>
         <kind>archive</kind>
         <file>rts430x_lc_sd_eabi.lib</file>
         <name>div32s.obj</name>
      </input_file>
      <input_file id="fl-84">
         <path>D:\CCS6.0.1\ccsv6\tools\compiler\msp430_4.3.3\lib\</path>
         <kind>archive</kind>
         <file>rts430x_lc_sd_eabi.lib</file>
         <name>div32u.obj</name>
      </input_file>
      <input_file id="fl-85">
         <path>D:\CCS6.0.1\ccsv6\tools\compiler\msp430_4.3.3\lib\</path>
         <kind>archive</kind>
         <file>rts430x_lc_sd_eabi.lib</file>
         <name>divd.obj</name>
      </input_file>
      <input_file id="fl-86">
         <path>D:\CCS6.0.1\ccsv6\tools\compiler\msp430_4.3.3\lib\</path>
         <kind>archive</kind>
         <file>rts430x_lc_sd_eabi.lib</file>
         <name>exit.obj</name>
      </input_file>
      <input_file id="fl-87">
         <path>D:\CCS6.0.1\ccsv6\tools\compiler\msp430_4.3.3\lib\</path>
         <kind>archive</kind>
         <file>rts430x_lc_sd_eabi.lib</file>
         <name>fixdi.obj</name>
      </input_file>
      <input_file id="fl-88">
         <path>D:\CCS6.0.1\ccsv6\tools\compiler\msp430_4.3.3\lib\</path>
         <kind>archive</kind>
         <file>rts430x_lc_sd_eabi.lib</file>
         <name>fixdli.obj</name>
      </input_file>
      <input_file id="fl-89">
         <path>D:\CCS6.0.1\ccsv6\tools\compiler\msp430_4.3.3\lib\</path>
         <kind>archive</kind>
         <file>rts430x_lc_sd_eabi.lib</file>
         <name>fixdu.obj</name>
      </input_file>
      <input_file id="fl-8a">
         <path>D:\CCS6.0.1\ccsv6\tools\compiler\msp430_4.3.3\lib\</path>
         <kind>archive</kind>
         <file>rts430x_lc_sd_eabi.lib</file>
         <name>fixdul.obj</name>
      </input_file>
      <input_file id="fl-8b">
         <path>D:\CCS6.0.1\ccsv6\tools\compiler\msp430_4.3.3\lib\</path>
         <kind>archive</kind>
         <file>rts430x_lc_sd_eabi.lib</file>
         <name>floor.obj</name>
      </input_file>
      <input_file id="fl-8c">
         <path>D:\CCS6.0.1\ccsv6\tools\compiler\msp430_4.3.3\lib\</path>
         <kind>archive</kind>
         <file>rts430x_lc_sd_eabi.lib</file>
         <name>fltid.obj</name>
      </input_file>
      <input_file id="fl-8d">
         <path>D:\CCS6.0.1\ccsv6\tools\compiler\msp430_4.3.3\lib\</path>
         <kind>archive</kind>
         <file>rts430x_lc_sd_eabi.lib</file>
         <name>fltlid.obj</name>
      </input_file>
      <input_file id="fl-8e">
         <path>D:\CCS6.0.1\ccsv6\tools\compiler\msp430_4.3.3\lib\</path>
         <kind>archive</kind>
         <file>rts430x_lc_sd_eabi.lib</file>
         <name>fltud.obj</name>
      </input_file>
      <input_file id="fl-8f">
         <path>D:\CCS6.0.1\ccsv6\tools\compiler\msp430_4.3.3\lib\</path>
         <kind>archive</kind>
         <file>rts430x_lc_sd_eabi.lib</file>
         <name>fltuld.obj</name>
      </input_file>
      <input_file id="fl-90">
         <path>D:\CCS6.0.1\ccsv6\tools\compiler\msp430_4.3.3\lib\</path>
         <kind>archive</kind>
         <file>rts430x_lc_sd_eabi.lib</file>
         <name>frcaddd.obj</name>
      </input_file>
      <input_file id="fl-91">
         <path>D:\CCS6.0.1\ccsv6\tools\compiler\msp430_4.3.3\lib\</path>
         <kind>archive</kind>
         <file>rts430x_lc_sd_eabi.lib</file>
         <name>frcdivd.obj</name>
      </input_file>
      <input_file id="fl-92">
         <path>D:\CCS6.0.1\ccsv6\tools\compiler\msp430_4.3.3\lib\</path>
         <kind>archive</kind>
         <file>rts430x_lc_sd_eabi.lib</file>
         <name>fs_add.obj</name>
      </input_file>
      <input_file id="fl-93">
         <path>D:\CCS6.0.1\ccsv6\tools\compiler\msp430_4.3.3\lib\</path>
         <kind>archive</kind>
         <file>rts430x_lc_sd_eabi.lib</file>
         <name>fs_cmp.obj</name>
      </input_file>
      <input_file id="fl-94">
         <path>D:\CCS6.0.1\ccsv6\tools\compiler\msp430_4.3.3\lib\</path>
         <kind>archive</kind>
         <file>rts430x_lc_sd_eabi.lib</file>
         <name>fs_div.obj</name>
      </input_file>
      <input_file id="fl-95">
         <path>D:\CCS6.0.1\ccsv6\tools\compiler\msp430_4.3.3\lib\</path>
         <kind>archive</kind>
         <file>rts430x_lc_sd_eabi.lib</file>
         <name>fs_itof.obj</name>
      </input_file>
      <input_file id="fl-96">
         <path>D:\CCS6.0.1\ccsv6\tools\compiler\msp430_4.3.3\lib\</path>
         <kind>archive</kind>
         <file>rts430x_lc_sd_eabi.lib</file>
         <name>fs_mpy.obj</name>
      </input_file>
      <input_file id="fl-97">
         <path>D:\CCS6.0.1\ccsv6\tools\compiler\msp430_4.3.3\lib\</path>
         <kind>archive</kind>
         <file>rts430x_lc_sd_eabi.lib</file>
         <name>fs_neg.obj</name>
      </input_file>
      <input_file id="fl-98">
         <path>D:\CCS6.0.1\ccsv6\tools\compiler\msp430_4.3.3\lib\</path>
         <kind>archive</kind>
         <file>rts430x_lc_sd_eabi.lib</file>
         <name>fs_toi.obj</name>
      </input_file>
      <input_file id="fl-99">
         <path>D:\CCS6.0.1\ccsv6\tools\compiler\msp430_4.3.3\lib\</path>
         <kind>archive</kind>
         <file>rts430x_lc_sd_eabi.lib</file>
         <name>fs_tou.obj</name>
      </input_file>
      <input_file id="fl-9a">
         <path>D:\CCS6.0.1\ccsv6\tools\compiler\msp430_4.3.3\lib\</path>
         <kind>archive</kind>
         <file>rts430x_lc_sd_eabi.lib</file>
         <name>fs_utof.obj</name>
      </input_file>
      <input_file id="fl-9b">
         <path>D:\CCS6.0.1\ccsv6\tools\compiler\msp430_4.3.3\lib\</path>
         <kind>archive</kind>
         <file>rts430x_lc_sd_eabi.lib</file>
         <name>int41.obj</name>
      </input_file>
      <input_file id="fl-9c">
         <path>D:\CCS6.0.1\ccsv6\tools\compiler\msp430_4.3.3\lib\</path>
         <kind>archive</kind>
         <file>rts430x_lc_sd_eabi.lib</file>
         <name>int42.obj</name>
      </input_file>
      <input_file id="fl-9d">
         <path>D:\CCS6.0.1\ccsv6\tools\compiler\msp430_4.3.3\lib\</path>
         <kind>archive</kind>
         <file>rts430x_lc_sd_eabi.lib</file>
         <name>int43.obj</name>
      </input_file>
      <input_file id="fl-9e">
         <path>D:\CCS6.0.1\ccsv6\tools\compiler\msp430_4.3.3\lib\</path>
         <kind>archive</kind>
         <file>rts430x_lc_sd_eabi.lib</file>
         <name>int44.obj</name>
      </input_file>
      <input_file id="fl-9f">
         <path>D:\CCS6.0.1\ccsv6\tools\compiler\msp430_4.3.3\lib\</path>
         <kind>archive</kind>
         <file>rts430x_lc_sd_eabi.lib</file>
         <name>int45.obj</name>
      </input_file>
      <input_file id="fl-a0">
         <path>D:\CCS6.0.1\ccsv6\tools\compiler\msp430_4.3.3\lib\</path>
         <kind>archive</kind>
         <file>rts430x_lc_sd_eabi.lib</file>
         <name>int48.obj</name>
      </input_file>
      <input_file id="fl-a1">
         <path>D:\CCS6.0.1\ccsv6\tools\compiler\msp430_4.3.3\lib\</path>
         <kind>archive</kind>
         <file>rts430x_lc_sd_eabi.lib</file>
         <name>int49.obj</name>
      </input_file>
      <input_file id="fl-a2">
         <path>D:\CCS6.0.1\ccsv6\tools\compiler\msp430_4.3.3\lib\</path>
         <kind>archive</kind>
         <file>rts430x_lc_sd_eabi.lib</file>
         <name>int50.obj</name>
      </input_file>
      <input_file id="fl-a3">
         <path>D:\CCS6.0.1\ccsv6\tools\compiler\msp430_4.3.3\lib\</path>
         <kind>archive</kind>
         <file>rts430x_lc_sd_eabi.lib</file>
         <name>int52.obj</name>
      </input_file>
      <input_file id="fl-a4">
         <path>D:\CCS6.0.1\ccsv6\tools\compiler\msp430_4.3.3\lib\</path>
         <kind>archive</kind>
         <file>rts430x_lc_sd_eabi.lib</file>
         <name>int53.obj</name>
      </input_file>
      <input_file id="fl-a5">
         <path>D:\CCS6.0.1\ccsv6\tools\compiler\msp430_4.3.3\lib\</path>
         <kind>archive</kind>
         <file>rts430x_lc_sd_eabi.lib</file>
         <name>int55.obj</name>
      </input_file>
      <input_file id="fl-a6">
         <path>D:\CCS6.0.1\ccsv6\tools\compiler\msp430_4.3.3\lib\</path>
         <kind>archive</kind>
         <file>rts430x_lc_sd_eabi.lib</file>
         <name>int57.obj</name>
      </input_file>
      <input_file id="fl-a7">
         <path>D:\CCS6.0.1\ccsv6\tools\compiler\msp430_4.3.3\lib\</path>
         <kind>archive</kind>
         <file>rts430x_lc_sd_eabi.lib</file>
         <name>int58.obj</name>
      </input_file>
      <input_file id="fl-a8">
         <path>D:\CCS6.0.1\ccsv6\tools\compiler\msp430_4.3.3\lib\</path>
         <kind>archive</kind>
         <file>rts430x_lc_sd_eabi.lib</file>
         <name>int59.obj</name>
      </input_file>
      <input_file id="fl-a9">
         <path>D:\CCS6.0.1\ccsv6\tools\compiler\msp430_4.3.3\lib\</path>
         <kind>archive</kind>
         <file>rts430x_lc_sd_eabi.lib</file>
         <name>int60.obj</name>
      </input_file>
      <input_file id="fl-aa">
         <path>D:\CCS6.0.1\ccsv6\tools\compiler\msp430_4.3.3\lib\</path>
         <kind>archive</kind>
         <file>rts430x_lc_sd_eabi.lib</file>
         <name>int62.obj</name>
      </input_file>
      <input_file id="fl-ab">
         <path>D:\CCS6.0.1\ccsv6\tools\compiler\msp430_4.3.3\lib\</path>
         <kind>archive</kind>
         <file>rts430x_lc_sd_eabi.lib</file>
         <name>isr_trap.obj</name>
      </input_file>
      <input_file id="fl-ac">
         <path>D:\CCS6.0.1\ccsv6\tools\compiler\msp430_4.3.3\lib\</path>
         <kind>archive</kind>
         <file>rts430x_lc_sd_eabi.lib</file>
         <name>llmath.obj</name>
      </input_file>
      <input_file id="fl-ad">
         <path>D:\CCS6.0.1\ccsv6\tools\compiler\msp430_4.3.3\lib\</path>
         <kind>archive</kind>
         <file>rts430x_lc_sd_eabi.lib</file>
         <name>lsl16.obj</name>
      </input_file>
      <input_file id="fl-ae">
         <path>D:\CCS6.0.1\ccsv6\tools\compiler\msp430_4.3.3\lib\</path>
         <kind>archive</kind>
         <file>rts430x_lc_sd_eabi.lib</file>
         <name>lsl32.obj</name>
      </input_file>
      <input_file id="fl-af">
         <path>D:\CCS6.0.1\ccsv6\tools\compiler\msp430_4.3.3\lib\</path>
         <kind>archive</kind>
         <file>rts430x_lc_sd_eabi.lib</file>
         <name>lsr16.obj</name>
      </input_file>
      <input_file id="fl-b0">
         <path>D:\CCS6.0.1\ccsv6\tools\compiler\msp430_4.3.3\lib\</path>
         <kind>archive</kind>
         <file>rts430x_lc_sd_eabi.lib</file>
         <name>lsr32.obj</name>
      </input_file>
      <input_file id="fl-b1">
         <path>D:\CCS6.0.1\ccsv6\tools\compiler\msp430_4.3.3\lib\</path>
         <kind>archive</kind>
         <file>rts430x_lc_sd_eabi.lib</file>
         <name>memset.obj</name>
      </input_file>
      <input_file id="fl-b2">
         <path>D:\CCS6.0.1\ccsv6\tools\compiler\msp430_4.3.3\lib\</path>
         <kind>archive</kind>
         <file>rts430x_lc_sd_eabi.lib</file>
         <name>mpu_init.obj</name>
      </input_file>
      <input_file id="fl-b3">
         <path>D:\CCS6.0.1\ccsv6\tools\compiler\msp430_4.3.3\lib\</path>
         <kind>archive</kind>
         <file>rts430x_lc_sd_eabi.lib</file>
         <name>mpyd.obj</name>
      </input_file>
      <input_file id="fl-b4">
         <path>D:\CCS6.0.1\ccsv6\tools\compiler\msp430_4.3.3\lib\</path>
         <kind>archive</kind>
         <file>rts430x_lc_sd_eabi.lib</file>
         <name>mult16_f5hw.obj</name>
      </input_file>
      <input_file id="fl-b5">
         <path>D:\CCS6.0.1\ccsv6\tools\compiler\msp430_4.3.3\lib\</path>
         <kind>archive</kind>
         <file>rts430x_lc_sd_eabi.lib</file>
         <name>mult32_f5hw.obj</name>
      </input_file>
      <input_file id="fl-b6">
         <path>D:\CCS6.0.1\ccsv6\tools\compiler\msp430_4.3.3\lib\</path>
         <kind>archive</kind>
         <file>rts430x_lc_sd_eabi.lib</file>
         <name>mult64_f5hw.obj</name>
      </input_file>
      <input_file id="fl-b7">
         <path>D:\CCS6.0.1\ccsv6\tools\compiler\msp430_4.3.3\lib\</path>
         <kind>archive</kind>
         <file>rts430x_lc_sd_eabi.lib</file>
         <name>renormd.obj</name>
      </input_file>
      <input_file id="fl-b8">
         <path>D:\CCS6.0.1\ccsv6\tools\compiler\msp430_4.3.3\lib\</path>
         <kind>archive</kind>
         <file>rts430x_lc_sd_eabi.lib</file>
         <name>sqrtf.obj</name>
      </input_file>
      <input_file id="fl-b9">
         <path>D:\CCS6.0.1\ccsv6\tools\compiler\msp430_4.3.3\lib\</path>
         <kind>archive</kind>
         <file>rts430x_lc_sd_eabi.lib</file>
         <name>subd.obj</name>
      </input_file>
      <input_file id="fl-ba">
         <path>D:\CCS6.0.1\ccsv6\tools\compiler\msp430_4.3.3\lib\</path>
         <kind>archive</kind>
         <file>rts430x_lc_sd_eabi.lib</file>
         <name>xfatan.obj</name>
      </input_file>
      <input_file id="fl-bb">
         <path>D:\CCS6.0.1\ccsv6\tools\compiler\msp430_4.3.3\lib\</path>
         <kind>archive</kind>
         <file>rts430x_lc_sd_eabi.lib</file>
         <name>xfdscale.obj</name>
      </input_file>
      <input_file id="fl-bc">
         <path>D:\CCS6.0.1\ccsv6\tools\compiler\msp430_4.3.3\lib\</path>
         <kind>archive</kind>
         <file>rts430x_lc_sd_eabi.lib</file>
         <name>xfdunsca.obj</name>
      </input_file>
      <input_file id="fl-bd">
         <path>D:\CCS6.0.1\ccsv6\tools\compiler\msp430_4.3.3\lib\</path>
         <kind>archive</kind>
         <file>rts430x_lc_sd_eabi.lib</file>
         <name>xferaise.obj</name>
      </input_file>
      <input_file id="fl-be">
         <path>D:\CCS6.0.1\ccsv6\tools\compiler\msp430_4.3.3\lib\</path>
         <kind>archive</kind>
         <file>rts430x_lc_sd_eabi.lib</file>
         <name>xfvalues.obj</name>
      </input_file>
      <input_file id="fl-bf">
         <path>D:\CCS6.0.1\ccsv6\tools\compiler\msp430_4.3.3\lib\</path>
         <kind>archive</kind>
         <file>rts430x_lc_sd_eabi.lib</file>
         <name>_lock.obj</name>
      </input_file>
      <input_file id="fl-c0">
         <path>D:\CCS6.0.1\ccsv6\tools\compiler\msp430_4.3.3\lib\</path>
         <kind>archive</kind>
         <file>rts430x_lc_sd_eabi.lib</file>
         <name>args_main.obj</name>
      </input_file>
      <input_file id="fl-c1">
         <path>D:\CCS6.0.1\ccsv6\tools\compiler\msp430_4.3.3\lib\</path>
         <kind>archive</kind>
         <file>rts430x_lc_sd_eabi.lib</file>
         <name>asr32.obj</name>
      </input_file>
      <input_file id="fl-c2">
         <path>D:\CCS6.0.1\ccsv6\tools\compiler\msp430_4.3.3\lib\</path>
         <kind>archive</kind>
         <file>rts430x_lc_sd_eabi.lib</file>
         <name>autoinit.obj</name>
      </input_file>
      <input_file id="fl-c3">
         <path>D:\CCS6.0.1\ccsv6\tools\compiler\msp430_4.3.3\lib\</path>
         <kind>archive</kind>
         <file>rts430x_lc_sd_eabi.lib</file>
         <name>errno.obj</name>
      </input_file>
      <input_file id="fl-c4">
         <path>D:\CCS6.0.1\ccsv6\tools\compiler\msp430_4.3.3\lib\</path>
         <kind>archive</kind>
         <file>rts430x_lc_sd_eabi.lib</file>
         <name>feraiseexcept.obj</name>
      </input_file>
      <input_file id="fl-c5">
         <path>D:\CCS6.0.1\ccsv6\tools\compiler\msp430_4.3.3\lib\</path>
         <kind>archive</kind>
         <file>rts430x_lc_sd_eabi.lib</file>
         <name>frcmpyd.obj</name>
      </input_file>
      <input_file id="fl-c6">
         <path>D:\CCS6.0.1\ccsv6\tools\compiler\msp430_4.3.3\lib\</path>
         <kind>archive</kind>
         <file>rts430x_lc_sd_eabi.lib</file>
         <name>llabs.obj</name>
      </input_file>
      <input_file id="fl-c7">
         <path>D:\CCS6.0.1\ccsv6\tools\compiler\msp430_4.3.3\lib\</path>
         <kind>archive</kind>
         <file>rts430x_lc_sd_eabi.lib</file>
         <name>raise.obj</name>
      </input_file>
      <input_file id="fl-c8">
         <path>D:\CCS6.0.1\ccsv6\tools\compiler\msp430_4.3.3\lib\</path>
         <kind>archive</kind>
         <file>rts430x_lc_sd_eabi.lib</file>
         <name>signal.obj</name>
      </input_file>
      <input_file id="fl-c9">
         <path>D:\CCS6.0.1\ccsv6\tools\compiler\msp430_4.3.3\lib\</path>
         <kind>archive</kind>
         <file>rts430x_lc_sd_eabi.lib</file>
         <name>xfdnorm.obj</name>
      </input_file>
   </input_file_list>
   <object_component_list>
      <object_component id="oc-97">
         <name>.stack</name>
         <uninitialized>true</uninitialized>
         <run_address>0x41a8</run_address>
         <size>0x2</size>
         <input_file_ref idref="fl-79"/>
      </object_component>
      <object_component id="oc-1148">
         <name>.stack</name>
         <uninitialized>true</uninitialized>
         <run_address>0x41a8</run_address>
         <size>0x0</size>
      </object_component>
      <object_component id="oc-2ce">
         <name>.text:WALK</name>
         <load_address>0x10000</load_address>
         <run_address>0x10000</run_address>
         <size>0xf72</size>
         <input_file_ref idref="fl-47"/>
      </object_component>
      <object_component id="oc-2de">
         <name>.text:WALK2</name>
         <load_address>0x10f72</load_address>
         <run_address>0x10f72</run_address>
         <size>0xef6</size>
         <input_file_ref idref="fl-47"/>
      </object_component>
      <object_component id="oc-2c6">
         <name>.text:ACCEL</name>
         <load_address>0x11e68</load_address>
         <run_address>0x11e68</run_address>
         <size>0xdc6</size>
         <input_file_ref idref="fl-47"/>
      </object_component>
      <object_component id="oc-2d6">
         <name>.text:ACCEL2</name>
         <load_address>0x12c2e</load_address>
         <run_address>0x12c2e</run_address>
         <size>0xd4e</size>
         <input_file_ref idref="fl-47"/>
      </object_component>
      <object_component id="oc-2ba">
         <name>.text:SPO2H</name>
         <load_address>0x1397c</load_address>
         <run_address>0x1397c</run_address>
         <size>0xb80</size>
         <input_file_ref idref="fl-40"/>
      </object_component>
      <object_component id="oc-538">
         <name>.text:HRCaculate</name>
         <load_address>0x144fc</load_address>
         <run_address>0x144fc</run_address>
         <size>0x546</size>
         <input_file_ref idref="fl-41"/>
      </object_component>
      <object_component id="oc-7d4">
         <name>.text:judgementone</name>
         <load_address>0x14a42</load_address>
         <run_address>0x14a42</run_address>
         <size>0x482</size>
         <input_file_ref idref="fl-47"/>
      </object_component>
      <object_component id="oc-ad5">
         <name>.text:Show_TranMenuMode</name>
         <load_address>0x14ec4</load_address>
         <run_address>0x14ec4</run_address>
         <size>0x464</size>
         <input_file_ref idref="fl-3f"/>
      </object_component>
      <object_component id="oc-cbc">
         <name>.text:__TI_frcdivd</name>
         <load_address>0x15328</load_address>
         <run_address>0x15328</run_address>
         <size>0x452</size>
         <input_file_ref idref="fl-91"/>
      </object_component>
      <object_component id="oc-434">
         <name>.text:Show_ChanleMode</name>
         <load_address>0x1577a</load_address>
         <run_address>0x1577a</run_address>
         <size>0x424</size>
         <input_file_ref idref="fl-3f"/>
      </object_component>
      <object_component id="oc-593">
         <name>.text:findBP</name>
         <load_address>0x15b9e</load_address>
         <run_address>0x15b9e</run_address>
         <size>0x408</size>
         <input_file_ref idref="fl-45"/>
      </object_component>
      <object_component id="oc-292">
         <name>.text:HR</name>
         <load_address>0x15fa6</load_address>
         <run_address>0x15fa6</run_address>
         <size>0x3b2</size>
         <input_file_ref idref="fl-41"/>
      </object_component>
      <object_component id="oc-158">
         <name>.text:Show_MenuMode</name>
         <load_address>0x16358</load_address>
         <run_address>0x16358</run_address>
         <size>0x364</size>
         <input_file_ref idref="fl-3f"/>
      </object_component>
      <object_component id="oc-c9c">
         <name>.text:__TI_frcmpyd</name>
         <load_address>0x166bc</load_address>
         <run_address>0x166bc</run_address>
         <size>0x2e4</size>
         <input_file_ref idref="fl-c5"/>
      </object_component>
      <object_component id="oc-71a">
         <name>.text:__mspabi_addd</name>
         <load_address>0x169a0</load_address>
         <run_address>0x169a0</run_address>
         <size>0x2d6</size>
         <input_file_ref idref="fl-77"/>
      </object_component>
      <object_component id="oc-600">
         <name>.text:wave</name>
         <load_address>0x16c76</load_address>
         <run_address>0x16c76</run_address>
         <size>0x2c6</size>
         <input_file_ref idref="fl-40"/>
      </object_component>
      <object_component id="oc-13a">
         <name>.text:ILI9325_CMO24_Initial</name>
         <load_address>0x16f3c</load_address>
         <run_address>0x16f3c</run_address>
         <size>0x2c4</size>
         <input_file_ref idref="fl-3f"/>
      </object_component>
      <object_component id="oc-29a">
         <name>.text:BP</name>
         <load_address>0x17200</load_address>
         <run_address>0x17200</run_address>
         <size>0x288</size>
         <input_file_ref idref="fl-45"/>
      </object_component>
      <object_component id="oc-6b2">
         <name>.text:__mspabi_mpyd</name>
         <load_address>0x17488</load_address>
         <run_address>0x17488</run_address>
         <size>0x280</size>
         <input_file_ref idref="fl-b3"/>
      </object_component>
      <object_component id="oc-cd0">
         <name>.text:__TI_frcaddd</name>
         <load_address>0x17708</load_address>
         <run_address>0x17708</run_address>
         <size>0x252</size>
         <input_file_ref idref="fl-90"/>
      </object_component>
      <object_component id="oc-58d">
         <name>.text:int_findpk</name>
         <load_address>0x1795a</load_address>
         <run_address>0x1795a</run_address>
         <size>0x24e</size>
         <input_file_ref idref="fl-45"/>
      </object_component>
      <object_component id="oc-6c4">
         <name>.text:__mspabi_divd</name>
         <load_address>0x17ba8</load_address>
         <run_address>0x17ba8</run_address>
         <size>0x220</size>
         <input_file_ref idref="fl-85"/>
      </object_component>
      <object_component id="oc-b8">
         <name>.text:main</name>
         <load_address>0x17dc8</load_address>
         <run_address>0x17dc8</run_address>
         <size>0x210</size>
         <input_file_ref idref="fl-2"/>
      </object_component>
      <object_component id="oc-202">
         <name>.text:HidToBufferFromHost</name>
         <load_address>0x17fd8</load_address>
         <run_address>0x17fd8</run_address>
         <size>0x1f2</size>
         <input_file_ref idref="fl-37"/>
      </object_component>
      <object_component id="oc-43b">
         <name>.text:transmit_menu</name>
         <load_address>0x181ca</load_address>
         <run_address>0x181ca</run_address>
         <size>0x1d6</size>
         <input_file_ref idref="fl-2"/>
      </object_component>
      <object_component id="oc-c11">
         <name>.text:floor</name>
         <load_address>0x183a0</load_address>
         <run_address>0x183a0</run_address>
         <size>0x1c4</size>
         <input_file_ref idref="fl-8b"/>
      </object_component>
      <object_component id="oc-1ef">
         <name>.text:HidToHostFromBuffer</name>
         <load_address>0x18564</load_address>
         <run_address>0x18564</run_address>
         <size>0x1c2</size>
         <input_file_ref idref="fl-37"/>
      </object_component>
      <object_component id="oc-18b">
         <name>.text:chanle_menu</name>
         <load_address>0x18726</load_address>
         <run_address>0x18726</run_address>
         <size>0x190</size>
         <input_file_ref idref="fl-2"/>
      </object_component>
      <object_component id="oc-a16">
         <name>.text:UCS_initFLL</name>
         <load_address>0x188b6</load_address>
         <run_address>0x188b6</run_address>
         <size>0x166</size>
         <input_file_ref idref="fl-26"/>
      </object_component>
      <object_component id="oc-1ce">
         <name>.text:USB_reset</name>
         <load_address>0x18a1c</load_address>
         <run_address>0x18a1c</run_address>
         <size>0x14e</size>
         <input_file_ref idref="fl-39"/>
      </object_component>
      <object_component id="oc-324">
         <name>.text:UCS_clockSignalInit</name>
         <load_address>0x18b6a</load_address>
         <run_address>0x18b6a</run_address>
         <size>0x14a</size>
         <input_file_ref idref="fl-26"/>
      </object_component>
      <object_component id="oc-e1c">
         <name>.text:ACCELNAME</name>
         <load_address>0x18cb4</load_address>
         <run_address>0x18cb4</run_address>
         <size>0x144</size>
         <input_file_ref idref="fl-47"/>
      </object_component>
      <object_component id="oc-14c">
         <name>.text:Show_splash</name>
         <load_address>0x18df8</load_address>
         <run_address>0x18df8</run_address>
         <size>0x13c</size>
         <input_file_ref idref="fl-3f"/>
      </object_component>
      <object_component id="oc-ab3">
         <name>.text:USB_InitSerialStringDescriptor</name>
         <load_address>0x18f34</load_address>
         <run_address>0x18f34</run_address>
         <size>0x13a</size>
         <input_file_ref idref="fl-39"/>
      </object_component>
      <object_component id="oc-6e9">
         <name>.text</name>
         <load_address>0x1906e</load_address>
         <run_address>0x1906e</run_address>
         <size>0x130</size>
         <input_file_ref idref="fl-92"/>
      </object_component>
      <object_component id="oc-d15">
         <name>.text:_FAtan</name>
         <load_address>0x1919e</load_address>
         <run_address>0x1919e</run_address>
         <size>0x12e</size>
         <input_file_ref idref="fl-ba"/>
      </object_component>
      <object_component id="oc-ae6">
         <name>.text:ACCELMENU</name>
         <load_address>0x192cc</load_address>
         <run_address>0x192cc</run_address>
         <size>0x126</size>
         <input_file_ref idref="fl-47"/>
      </object_component>
      <object_component id="oc-7ae">
         <name>.text:sqrtf</name>
         <load_address>0x193f2</load_address>
         <run_address>0x193f2</run_address>
         <size>0x118</size>
         <input_file_ref idref="fl-b8"/>
      </object_component>
      <object_component id="oc-d00">
         <name>.text:_FDscale</name>
         <load_address>0x1950a</load_address>
         <run_address>0x1950a</run_address>
         <size>0x114</size>
         <input_file_ref idref="fl-bb"/>
      </object_component>
      <object_component id="oc-564">
         <name>.text:drawbpletter</name>
         <load_address>0x1961e</load_address>
         <run_address>0x1961e</run_address>
         <size>0x10a</size>
         <input_file_ref idref="fl-45"/>
      </object_component>
      <object_component id="oc-e02">
         <name>.text:privateGPIOGetBaseAddress</name>
         <load_address>0x19728</load_address>
         <run_address>0x19728</run_address>
         <size>0x106</size>
         <input_file_ref idref="fl-14"/>
      </object_component>
      <object_component id="oc-587">
         <name>.text:smooth</name>
         <load_address>0x1982e</load_address>
         <run_address>0x1982e</run_address>
         <size>0x106</size>
         <input_file_ref idref="fl-45"/>
      </object_component>
      <object_component id="oc-317">
         <name>.text:SetVCoreUp</name>
         <load_address>0x19934</load_address>
         <run_address>0x19934</run_address>
         <size>0xf6</size>
         <input_file_ref idref="fl-3e"/>
      </object_component>
      <object_component id="oc-417">
         <name>.text:USB_enable</name>
         <load_address>0x19a2a</load_address>
         <run_address>0x19a2a</run_address>
         <size>0xf4</size>
         <input_file_ref idref="fl-39"/>
      </object_component>
      <object_component id="oc-235">
         <name>.text:DRAW_LINE</name>
         <load_address>0x19b1e</load_address>
         <run_address>0x19b1e</run_address>
         <size>0xf2</size>
         <input_file_ref idref="fl-3f"/>
      </object_component>
      <object_component id="oc-5e2">
         <name>.text:SpO2_lcd</name>
         <load_address>0x19c10</load_address>
         <run_address>0x19c10</run_address>
         <size>0xf2</size>
         <input_file_ref idref="fl-40"/>
      </object_component>
      <object_component id="oc-2ae">
         <name>.text:on_red</name>
         <load_address>0x19d02</load_address>
         <run_address>0x19d02</run_address>
         <size>0xf0</size>
         <input_file_ref idref="fl-40"/>
      </object_component>
      <object_component id="oc-44b">
         <name>.text:usbDecodeAndProcessUsbRequest</name>
         <load_address>0x19df2</load_address>
         <run_address>0x19df2</run_address>
         <size>0xea</size>
         <input_file_ref idref="fl-39"/>
      </object_component>
      <object_component id="oc-b98">
         <name>.text:USBHID_intfStatus</name>
         <load_address>0x19edc</load_address>
         <run_address>0x19edc</run_address>
         <size>0xe6</size>
         <input_file_ref idref="fl-37"/>
      </object_component>
      <object_component id="oc-5fa">
         <name>.text:on_ired</name>
         <load_address>0x19fc2</load_address>
         <run_address>0x19fc2</run_address>
         <size>0xe4</size>
         <input_file_ref idref="fl-40"/>
      </object_component>
      <object_component id="oc-ac3">
         <name>.text:GPIO_setAsPeripheralModuleFunctionOutputPin</name>
         <load_address>0x1a0a6</load_address>
         <run_address>0x1a0a6</run_address>
         <size>0xd8</size>
         <input_file_ref idref="fl-14"/>
      </object_component>
      <object_component id="oc-152">
         <name>.text:Show_MenuTheme</name>
         <load_address>0x1a17e</load_address>
         <run_address>0x1a17e</run_address>
         <size>0xd8</size>
         <input_file_ref idref="fl-3f"/>
      </object_component>
      <object_component id="oc-f0">
         <name>.text:__TI_decompress_rle_core</name>
         <load_address>0x1a256</load_address>
         <run_address>0x1a256</run_address>
         <size>0xd8</size>
         <input_file_ref idref="fl-7c"/>
      </object_component>
      <object_component id="oc-885">
         <name>.text:__mspabi_cmpd</name>
         <load_address>0x1a32e</load_address>
         <run_address>0x1a32e</run_address>
         <size>0xd8</size>
         <input_file_ref idref="fl-7a"/>
      </object_component>
      <object_component id="oc-4c9">
         <name>.text:HidCopyUsbToBuff</name>
         <load_address>0x1a406</load_address>
         <run_address>0x1a406</run_address>
         <size>0xd6</size>
         <input_file_ref idref="fl-37"/>
      </object_component>
      <object_component id="oc-fab">
         <name>.text:Show_ACCELMenuMode</name>
         <load_address>0x1a4dc</load_address>
         <run_address>0x1a4dc</run_address>
         <size>0xd6</size>
         <input_file_ref idref="fl-3f"/>
      </object_component>
      <object_component id="oc-e13">
         <name>.text:Show_ACCEL_Select</name>
         <load_address>0x1a5b2</load_address>
         <run_address>0x1a5b2</run_address>
         <size>0xd6</size>
         <input_file_ref idref="fl-3f"/>
      </object_component>
      <object_component id="oc-464">
         <name>.text:USB_determineFreq</name>
         <load_address>0x1a688</load_address>
         <run_address>0x1a688</run_address>
         <size>0xba</size>
         <input_file_ref idref="fl-39"/>
      </object_component>
      <object_component id="oc-7bc">
         <name>.text:atanf</name>
         <load_address>0x1a742</load_address>
         <run_address>0x1a742</run_address>
         <size>0xb8</size>
         <input_file_ref idref="fl-78"/>
      </object_component>
      <object_component id="oc-7a5">
         <name>.text</name>
         <load_address>0x1a7fa</load_address>
         <run_address>0x1a7fa</run_address>
         <size>0xb6</size>
         <input_file_ref idref="fl-96"/>
      </object_component>
      <object_component id="oc-f1c">
         <name>.text:__TI_renormd</name>
         <load_address>0x1a8b0</load_address>
         <run_address>0x1a8b0</run_address>
         <size>0xb2</size>
         <input_file_ref idref="fl-b7"/>
      </object_component>
      <object_component id="oc-112">
         <name>.text:scankey</name>
         <load_address>0x1a962</load_address>
         <run_address>0x1a962</run_address>
         <size>0xb0</size>
         <input_file_ref idref="fl-42"/>
      </object_component>
      <object_component id="oc-31d">
         <name>.text:SetVCoreDown</name>
         <load_address>0x1aa12</load_address>
         <run_address>0x1aa12</run_address>
         <size>0xae</size>
         <input_file_ref idref="fl-3e"/>
      </object_component>
      <object_component id="oc-405">
         <name>.text:USB_init</name>
         <load_address>0x1aac0</load_address>
         <run_address>0x1aac0</run_address>
         <size>0xae</size>
         <input_file_ref idref="fl-39"/>
      </object_component>
      <object_component id="oc-df9">
         <name>.text:memcpyDMA</name>
         <load_address>0x1ab6e</load_address>
         <run_address>0x1ab6e</run_address>
         <size>0xac</size>
         <input_file_ref idref="fl-3a"/>
      </object_component>
      <object_component id="oc-e71">
         <name>.text:usbGetEndpointStatus</name>
         <load_address>0x1ac1a</load_address>
         <run_address>0x1ac1a</run_address>
         <size>0xa6</size>
         <input_file_ref idref="fl-39"/>
      </object_component>
      <object_component id="oc-df3">
         <name>.text:DMA_init</name>
         <load_address>0x1acc0</load_address>
         <run_address>0x1acc0</run_address>
         <size>0xa0</size>
         <input_file_ref idref="fl-b"/>
      </object_component>
      <object_component id="oc-b9e">
         <name>.text:USBHID_sendData</name>
         <load_address>0x1ad60</load_address>
         <run_address>0x1ad60</run_address>
         <size>0xa0</size>
         <input_file_ref idref="fl-37"/>
      </object_component>
      <object_component id="oc-55c">
         <name>.text:hidSendDataInBackground</name>
         <load_address>0x1ae00</load_address>
         <run_address>0x1ae00</run_address>
         <size>0xa0</size>
         <input_file_ref idref="fl-31"/>
      </object_component>
      <object_component id="oc-4fd">
         <name>.text:Show_ALLTHEME</name>
         <load_address>0x1aea0</load_address>
         <run_address>0x1aea0</run_address>
         <size>0x98</size>
         <input_file_ref idref="fl-3f"/>
      </object_component>
      <object_component id="oc-c94">
         <name>.text:__mspabi_fltlid</name>
         <load_address>0x1af38</load_address>
         <run_address>0x1af38</run_address>
         <size>0x94</size>
         <input_file_ref idref="fl-8d"/>
      </object_component>
      <object_component id="oc-b5c">
         <name>.text:DRAW_Heart</name>
         <load_address>0x1afcc</load_address>
         <run_address>0x1afcc</run_address>
         <size>0x90</size>
         <input_file_ref idref="fl-3f"/>
      </object_component>
      <object_component id="oc-541">
         <name>.text:DRAW_NUM</name>
         <load_address>0x1b05c</load_address>
         <run_address>0x1b05c</run_address>
         <size>0x8e</size>
         <input_file_ref idref="fl-3f"/>
      </object_component>
      <object_component id="oc-15e">
         <name>.text:Show_Select</name>
         <load_address>0x1b0ea</load_address>
         <run_address>0x1b0ea</run_address>
         <size>0x8e</size>
         <input_file_ref idref="fl-3f"/>
      </object_component>
      <object_component id="oc-6e4">
         <name>.text</name>
         <load_address>0x1b178</load_address>
         <run_address>0x1b178</run_address>
         <size>0x8e</size>
         <input_file_ref idref="fl-94"/>
      </object_component>
      <object_component id="oc-f30">
         <name>.text:_FDnorm</name>
         <load_address>0x1b206</load_address>
         <run_address>0x1b206</run_address>
         <size>0x8c</size>
         <input_file_ref idref="fl-c9"/>
      </object_component>
      <object_component id="oc-6b8">
         <name>.text:__mspabi_cvtdf</name>
         <load_address>0x1b292</load_address>
         <run_address>0x1b292</run_address>
         <size>0x8c</size>
         <input_file_ref idref="fl-7f"/>
      </object_component>
      <object_component id="oc-745">
         <name>.text:DRAW_Other</name>
         <load_address>0x1b31e</load_address>
         <run_address>0x1b31e</run_address>
         <size>0x8a</size>
         <input_file_ref idref="fl-3f"/>
      </object_component>
      <object_component id="oc-3d2">
         <name>.text:DRAW_Mi</name>
         <load_address>0x1b3a8</load_address>
         <run_address>0x1b3a8</run_address>
         <size>0x82</size>
         <input_file_ref idref="fl-3f"/>
      </object_component>
      <object_component id="oc-3c3">
         <name>.text:DRAW_Mifan</name>
         <load_address>0x1b42a</load_address>
         <run_address>0x1b42a</run_address>
         <size>0x82</size>
         <input_file_ref idref="fl-3f"/>
      </object_component>
      <object_component id="oc-3b4">
         <name>.text:DRAW_NUM1</name>
         <load_address>0x1b4ac</load_address>
         <run_address>0x1b4ac</run_address>
         <size>0x82</size>
         <input_file_ref idref="fl-3f"/>
      </object_component>
      <object_component id="oc-e0c">
         <name>.text:DRAW_NUM1fan</name>
         <load_address>0x1b52e</load_address>
         <run_address>0x1b52e</run_address>
         <size>0x82</size>
         <input_file_ref idref="fl-3f"/>
      </object_component>
      <object_component id="oc-38c">
         <name>.text:DRAW_han1616</name>
         <load_address>0x1b5b0</load_address>
         <run_address>0x1b5b0</run_address>
         <size>0x82</size>
         <input_file_ref idref="fl-3f"/>
      </object_component>
      <object_component id="oc-12e">
         <name>.text:initClocks</name>
         <load_address>0x1b632</load_address>
         <run_address>0x1b632</run_address>
         <size>0x82</size>
         <input_file_ref idref="fl-3d"/>
      </object_component>
      <object_component id="oc-37d">
         <name>.text:DRAW_NUM4848</name>
         <load_address>0x1b6b4</load_address>
         <run_address>0x1b6b4</run_address>
         <size>0x80</size>
         <input_file_ref idref="fl-3f"/>
      </object_component>
      <object_component id="oc-365">
         <name>.text:DRAW_han4848</name>
         <load_address>0x1b734</load_address>
         <run_address>0x1b734</run_address>
         <size>0x80</size>
         <input_file_ref idref="fl-3f"/>
      </object_component>
      <object_component id="oc-3a5">
         <name>.text:DRAW_han</name>
         <load_address>0x1b7b4</load_address>
         <run_address>0x1b7b4</run_address>
         <size>0x80</size>
         <input_file_ref idref="fl-3f"/>
      </object_component>
      <object_component id="oc-3cc">
         <name>.text:DRAW_hanfan</name>
         <load_address>0x1b834</load_address>
         <run_address>0x1b834</run_address>
         <size>0x80</size>
         <input_file_ref idref="fl-3f"/>
      </object_component>
      <object_component id="oc-579">
         <name>.text:int_aerate</name>
         <load_address>0x1b8b4</load_address>
         <run_address>0x1b8b4</run_address>
         <size>0x80</size>
         <input_file_ref idref="fl-45"/>
      </object_component>
      <object_component id="oc-1b5">
         <name>.text:PWRVBUSoffHandler</name>
         <load_address>0x1b934</load_address>
         <run_address>0x1b934</run_address>
         <size>0x7e</size>
         <input_file_ref idref="fl-2f"/>
      </object_component>
      <object_component id="oc-dda">
         <name>.text:TLV_getInfo</name>
         <load_address>0x1b9b2</load_address>
         <run_address>0x1b9b2</run_address>
         <size>0x7e</size>
         <input_file_ref idref="fl-25"/>
      </object_component>
      <object_component id="oc-ac9">
         <name>.text:UCS_XT2StartWithTimeout</name>
         <load_address>0x1ba30</load_address>
         <run_address>0x1ba30</run_address>
         <size>0x7e</size>
         <input_file_ref idref="fl-26"/>
      </object_component>
      <object_component id="oc-473">
         <name>.text:usbSendNextPacketOnIEP0</name>
         <load_address>0x1baae</load_address>
         <run_address>0x1baae</run_address>
         <size>0x7e</size>
         <input_file_ref idref="fl-39"/>
      </object_component>
      <object_component id="oc-cef">
         <name>.text:__mspabi_fltuld</name>
         <load_address>0x1bb2c</load_address>
         <run_address>0x1bb2c</run_address>
         <size>0x76</size>
         <input_file_ref idref="fl-8f"/>
      </object_component>
      <object_component id="oc-b2">
         <name>.text:_auto_init</name>
         <load_address>0x1bba2</load_address>
         <run_address>0x1bba2</run_address>
         <size>0x70</size>
         <input_file_ref idref="fl-c2"/>
      </object_component>
      <object_component id="oc-e59">
         <name>.text:usbGetStringDescriptor</name>
         <load_address>0x1bc12</load_address>
         <run_address>0x1bc12</run_address>
         <size>0x6e</size>
         <input_file_ref idref="fl-39"/>
      </object_component>
      <object_component id="oc-1a8">
         <name>.text:PWRVBUSonHandler</name>
         <load_address>0x1bc80</load_address>
         <run_address>0x1bc80</run_address>
         <size>0x6c</size>
         <input_file_ref idref="fl-2f"/>
      </object_component>
      <object_component id="oc-140">
         <name>.text:SPILCD_SetWindow</name>
         <load_address>0x1bcec</load_address>
         <run_address>0x1bcec</run_address>
         <size>0x6c</size>
         <input_file_ref idref="fl-3f"/>
      </object_component>
      <object_component id="oc-128">
         <name>.text:SetVCore</name>
         <load_address>0x1bd58</load_address>
         <run_address>0x1bd58</run_address>
         <size>0x6a</size>
         <input_file_ref idref="fl-3e"/>
      </object_component>
      <object_component id="oc-dca">
         <name>.text:__mspabi_fixdul</name>
         <load_address>0x1bdc2</load_address>
         <run_address>0x1bdc2</run_address>
         <size>0x68</size>
         <input_file_ref idref="fl-8a"/>
      </object_component>
      <object_component id="oc-7e5">
         <name>.text</name>
         <load_address>0x1be2a</load_address>
         <run_address>0x1be2a</run_address>
         <size>0x68</size>
         <input_file_ref idref="fl-98"/>
      </object_component>
      <object_component id="oc-47b">
         <name>.text:usbReceiveNextPacketOnOEP0</name>
         <load_address>0x1be92</load_address>
         <run_address>0x1be92</run_address>
         <size>0x68</size>
         <input_file_ref idref="fl-39"/>
      </object_component>
      <object_component id="oc-cc4">
         <name>.text:__mspabi_fixdli</name>
         <load_address>0x1befa</load_address>
         <run_address>0x1befa</run_address>
         <size>0x66</size>
         <input_file_ref idref="fl-88"/>
      </object_component>
      <object_component id="oc-cfa">
         <name>.text:_FDunscale</name>
         <load_address>0x1bf60</load_address>
         <run_address>0x1bf60</run_address>
         <size>0x64</size>
         <input_file_ref idref="fl-bc"/>
      </object_component>
      <object_component id="oc-6be">
         <name>.text:__mspabi_cvtfd</name>
         <load_address>0x1bfc4</load_address>
         <run_address>0x1bfc4</run_address>
         <size>0x64</size>
         <input_file_ref idref="fl-80"/>
      </object_component>
      <object_component id="oc-f70">
         <name>.text:DMA_setDstAddress</name>
         <load_address>0x1c028</load_address>
         <run_address>0x1c028</run_address>
         <size>0x60</size>
         <input_file_ref idref="fl-b"/>
      </object_component>
      <object_component id="oc-f6a">
         <name>.text:DMA_setSrcAddress</name>
         <load_address>0x1c088</load_address>
         <run_address>0x1c088</run_address>
         <size>0x5c</size>
         <input_file_ref idref="fl-b"/>
      </object_component>
      <object_component id="oc-199">
         <name>.text:SetupPacketInterruptHandler</name>
         <load_address>0x1c0e4</load_address>
         <run_address>0x1c0e4</run_address>
         <size>0x5c</size>
         <input_file_ref idref="fl-2f"/>
      </object_component>
      <object_component id="oc-227">
         <name>.text:SPILCD_Clear_Lim</name>
         <load_address>0x1c140</load_address>
         <run_address>0x1c140</run_address>
         <size>0x58</size>
         <input_file_ref idref="fl-3f"/>
      </object_component>
      <object_component id="oc-334">
         <name>.text:UCS_initFLLSettle</name>
         <load_address>0x1c198</load_address>
         <run_address>0x1c198</run_address>
         <size>0x58</size>
         <input_file_ref idref="fl-26"/>
      </object_component>
      <object_component id="oc-32a">
         <name>.text</name>
         <load_address>0x1c1f0</load_address>
         <run_address>0x1c1f0</run_address>
         <size>0x58</size>
         <input_file_ref idref="fl-84"/>
      </object_component>
      <object_component id="oc-783">
         <name>.text:Init_ADC</name>
         <load_address>0x1c248</load_address>
         <run_address>0x1c248</run_address>
         <size>0x56</size>
         <input_file_ref idref="fl-47"/>
      </object_component>
      <object_component id="oc-e89">
         <name>.text:usbSetEndpointFeature</name>
         <load_address>0x1c29e</load_address>
         <run_address>0x1c29e</run_address>
         <size>0x56</size>
         <input_file_ref idref="fl-39"/>
      </object_component>
      <object_component id="oc-146">
         <name>.text:SPILCD_Clear</name>
         <load_address>0x1c2f4</load_address>
         <run_address>0x1c2f4</run_address>
         <size>0x54</size>
         <input_file_ref idref="fl-3f"/>
      </object_component>
      <object_component id="oc-e41">
         <name>.text:usbClearEndpointFeature</name>
         <load_address>0x1c348</load_address>
         <run_address>0x1c348</run_address>
         <size>0x54</size>
         <input_file_ref idref="fl-39"/>
      </object_component>
      <object_component id="oc-506">
         <name>.text:ADC12_IO_Init</name>
         <load_address>0x1c39c</load_address>
         <run_address>0x1c39c</run_address>
         <size>0x52</size>
         <input_file_ref idref="fl-41"/>
      </object_component>
      <object_component id="oc-ab9">
         <name>.text:USB_initMemcpy</name>
         <load_address>0x1c3ee</load_address>
         <run_address>0x1c3ee</run_address>
         <size>0x4e</size>
         <input_file_ref idref="fl-3a"/>
      </object_component>
      <object_component id="oc-5b9">
         <name>.text:bcUartSend_char</name>
         <load_address>0x1c43c</load_address>
         <run_address>0x1c43c</run_address>
         <size>0x4e</size>
         <input_file_ref idref="fl-3c"/>
      </object_component>
      <object_component id="oc-5f4">
         <name>.text:ad</name>
         <load_address>0x1c48a</load_address>
         <run_address>0x1c48a</run_address>
         <size>0x4c</size>
         <input_file_ref idref="fl-40"/>
      </object_component>
      <object_component id="oc-555">
         <name>.text:bcUartSend</name>
         <load_address>0x1c4d6</load_address>
         <run_address>0x1c4d6</run_address>
         <size>0x4a</size>
         <input_file_ref idref="fl-3c"/>
      </object_component>
      <object_component id="oc-7de">
         <name>.text</name>
         <load_address>0x1c520</load_address>
         <run_address>0x1c520</run_address>
         <size>0x4a</size>
         <input_file_ref idref="fl-93"/>
      </object_component>
      <object_component id="oc-56a">
         <name>.text:int_adc12</name>
         <load_address>0x1c56a</load_address>
         <run_address>0x1c56a</run_address>
         <size>0x48</size>
         <input_file_ref idref="fl-45"/>
      </object_component>
      <object_component id="oc-deb">
         <name>.text:memcpyV</name>
         <load_address>0x1c5b2</load_address>
         <run_address>0x1c5b2</run_address>
         <size>0x48</size>
         <input_file_ref idref="fl-3a"/>
      </object_component>
      <object_component id="oc-286">
         <name>.text:select_chanle</name>
         <load_address>0x1c5fa</load_address>
         <run_address>0x1c5fa</run_address>
         <size>0x48</size>
         <input_file_ref idref="fl-2"/>
      </object_component>
      <object_component id="oc-16d">
         <name>.text:USB_setup</name>
         <load_address>0x1c642</load_address>
         <run_address>0x1c642</run_address>
         <size>0x46</size>
         <input_file_ref idref="fl-39"/>
      </object_component>
      <object_component id="oc-8c9">
         <name>.text</name>
         <load_address>0x1c688</load_address>
         <run_address>0x1c688</run_address>
         <size>0x46</size>
         <input_file_ref idref="fl-99"/>
      </object_component>
      <object_component id="oc-606">
         <name>.text:save</name>
         <load_address>0x1c6ce</load_address>
         <run_address>0x1c6ce</run_address>
         <size>0x46</size>
         <input_file_ref idref="fl-40"/>
      </object_component>
      <object_component id="oc-1c8">
         <name>.text:OEP0InterruptHandler</name>
         <load_address>0x1c714</load_address>
         <run_address>0x1c714</run_address>
         <size>0x40</size>
         <input_file_ref idref="fl-2f"/>
      </object_component>
      <object_component id="oc-411">
         <name>.text:USB_connectionInfo</name>
         <load_address>0x1c754</load_address>
         <run_address>0x1c754</run_address>
         <size>0x40</size>
         <input_file_ref idref="fl-39"/>
      </object_component>
      <object_component id="oc-dd">
         <name>.text:__memcpy_far</name>
         <load_address>0x1c794</load_address>
         <run_address>0x1c794</run_address>
         <size>0x40</size>
         <input_file_ref idref="fl-7e"/>
      </object_component>
      <object_component id="oc-8aa">
         <name>.text</name>
         <load_address>0x1c7d4</load_address>
         <run_address>0x1c7d4</run_address>
         <size>0x40</size>
         <input_file_ref idref="fl-83"/>
      </object_component>
      <object_component id="oc-8b">
         <name>.text:decompress:ZI:__TI_zero_init</name>
         <load_address>0x1c814</load_address>
         <run_address>0x1c814</run_address>
         <size>0x3e</size>
         <input_file_ref idref="fl-7d"/>
      </object_component>
      <object_component id="oc-cb5">
         <name>.text:l_asr_const</name>
         <load_address>0x1c852</load_address>
         <run_address>0x1c852</run_address>
         <size>0x3e</size>
         <input_file_ref idref="fl-c1"/>
      </object_component>
      <object_component id="oc-ca9">
         <name>.text:l_lsl_const</name>
         <load_address>0x1c890</load_address>
         <run_address>0x1c890</run_address>
         <size>0x3e</size>
         <input_file_ref idref="fl-ae"/>
      </object_component>
      <object_component id="oc-32f">
         <name>.text:l_lsr_const</name>
         <load_address>0x1c8ce</load_address>
         <run_address>0x1c8ce</run_address>
         <size>0x3e</size>
         <input_file_ref idref="fl-b0"/>
      </object_component>
      <object_component id="oc-164">
         <name>.text:Init_UART2</name>
         <load_address>0x1c90c</load_address>
         <run_address>0x1c90c</run_address>
         <size>0x3c</size>
         <input_file_ref idref="fl-44"/>
      </object_component>
      <object_component id="oc-fb6">
         <name>.text:USBHID_handleEP0GetReport</name>
         <load_address>0x1c948</load_address>
         <run_address>0x1c948</run_address>
         <size>0x3c</size>
         <input_file_ref idref="fl-32"/>
      </object_component>
      <object_component id="oc-fc4">
         <name>.text:USBHID_handleEP0SetReport</name>
         <load_address>0x1c984</load_address>
         <run_address>0x1c984</run_address>
         <size>0x3c</size>
         <input_file_ref idref="fl-32"/>
      </object_component>
      <object_component id="oc-85">
         <name>.text:decompress:none:__TI_decompress_none</name>
         <load_address>0x1c9c0</load_address>
         <run_address>0x1c9c0</run_address>
         <size>0x3c</size>
         <input_file_ref idref="fl-7b"/>
      </object_component>
      <object_component id="oc-33c">
         <name>.text:Delayms</name>
         <load_address>0x1c9fc</load_address>
         <run_address>0x1c9fc</run_address>
         <size>0x3a</size>
         <input_file_ref idref="fl-3f"/>
      </object_component>
      <object_component id="oc-492">
         <name>.text:HidResetData</name>
         <load_address>0x1ca36</load_address>
         <run_address>0x1ca36</run_address>
         <size>0x3a</size>
         <input_file_ref idref="fl-37"/>
      </object_component>
      <object_component id="oc-ee8">
         <name>.text:__mspabi_sllll</name>
         <load_address>0x1ca70</load_address>
         <run_address>0x1ca70</run_address>
         <size>0x3a</size>
         <input_file_ref idref="fl-ac"/>
      </object_component>
      <object_component id="oc-ee2">
         <name>.text:__mspabi_srlll</name>
         <load_address>0x1caaa</load_address>
         <run_address>0x1caaa</run_address>
         <size>0x3a</size>
         <input_file_ref idref="fl-ac"/>
      </object_component>
      <object_component id="oc-17f">
         <name>.text:Show_ButtonS1</name>
         <load_address>0x1cae4</load_address>
         <run_address>0x1cae4</run_address>
         <size>0x38</size>
         <input_file_ref idref="fl-3f"/>
      </object_component>
      <object_component id="oc-191">
         <name>.text:Show_ButtonS4</name>
         <load_address>0x1cb1c</load_address>
         <run_address>0x1cb1c</run_address>
         <size>0x38</size>
         <input_file_ref idref="fl-3f"/>
      </object_component>
      <object_component id="oc-5e8">
         <name>.text:int_adc</name>
         <load_address>0x1cb54</load_address>
         <run_address>0x1cb54</run_address>
         <size>0x38</size>
         <input_file_ref idref="fl-40"/>
      </object_component>
      <object_component id="oc-6df">
         <name>.text</name>
         <load_address>0x1cb8c</load_address>
         <run_address>0x1cb8c</run_address>
         <size>0x36</size>
         <input_file_ref idref="fl-95"/>
      </object_component>
      <object_component id="oc-10a8">
         <name>.text:signal</name>
         <load_address>0x1cbc2</load_address>
         <run_address>0x1cbc2</run_address>
         <size>0x36</size>
         <input_file_ref idref="fl-c8"/>
      </object_component>
      <object_component id="oc-e29">
         <name>.text:usbSetReport</name>
         <load_address>0x1cbf8</load_address>
         <run_address>0x1cbf8</run_address>
         <size>0x34</size>
         <input_file_ref idref="fl-38"/>
      </object_component>
      <object_component id="oc-d06">
         <name>.text:_Feraise</name>
         <load_address>0x1cc2c</load_address>
         <run_address>0x1cc2c</run_address>
         <size>0x32</size>
         <input_file_ref idref="fl-bd"/>
      </object_component>
      <object_component id="oc-11c">
         <name>.text:init_key</name>
         <load_address>0x1cc5e</load_address>
         <run_address>0x1cc5e</run_address>
         <size>0x32</size>
         <input_file_ref idref="fl-42"/>
      </object_component>
      <object_component id="oc-1056">
         <name>.text:raise</name>
         <load_address>0x1cc90</load_address>
         <run_address>0x1cc90</run_address>
         <size>0x32</size>
         <input_file_ref idref="fl-c7"/>
      </object_component>
      <object_component id="oc-e7d">
         <name>.text:usbSetConfiguration</name>
         <load_address>0x1ccc2</load_address>
         <run_address>0x1ccc2</run_address>
         <size>0x32</size>
         <input_file_ref idref="fl-39"/>
      </object_component>
      <object_component id="oc-4ee">
         <name>.text:DRAW_POINT</name>
         <load_address>0x1ccf4</load_address>
         <run_address>0x1ccf4</run_address>
         <size>0x30</size>
         <input_file_ref idref="fl-3f"/>
      </object_component>
      <object_component id="oc-f3a">
         <name>.text:feraiseexcept</name>
         <load_address>0x1cd24</load_address>
         <run_address>0x1cd24</run_address>
         <size>0x30</size>
         <input_file_ref idref="fl-c4"/>
      </object_component>
      <object_component id="oc-eb8">
         <name>.text:usbDisableInEndpointInterrupt</name>
         <load_address>0x1cd54</load_address>
         <run_address>0x1cd54</run_address>
         <size>0x30</size>
         <input_file_ref idref="fl-39"/>
      </object_component>
      <object_component id="oc-ebe">
         <name>.text:usbDisableOutEndpointInterrupt</name>
         <load_address>0x1cd84</load_address>
         <run_address>0x1cd84</run_address>
         <size>0x30</size>
         <input_file_ref idref="fl-39"/>
      </object_component>
      <object_component id="oc-e65">
         <name>.text:usbGetDeviceStatus</name>
         <load_address>0x1cdb4</load_address>
         <run_address>0x1cdb4</run_address>
         <size>0x30</size>
         <input_file_ref idref="fl-39"/>
      </object_component>
      <object_component id="oc-fbc">
         <name>.text:usbSendDataPacketOnEP0</name>
         <load_address>0x1cde4</load_address>
         <run_address>0x1cde4</run_address>
         <size>0x30</size>
         <input_file_ref idref="fl-39"/>
      </object_component>
      <object_component id="oc-795">
         <name>.text:__mspabi_subd</name>
         <load_address>0x1ce14</load_address>
         <run_address>0x1ce14</run_address>
         <size>0x2e</size>
         <input_file_ref idref="fl-b9"/>
      </object_component>
      <object_component id="oc-52b">
         <name>.text:bcUartInit</name>
         <load_address>0x1ce42</load_address>
         <run_address>0x1ce42</run_address>
         <size>0x2e</size>
         <input_file_ref idref="fl-3c"/>
      </object_component>
      <object_component id="oc-2b4">
         <name>.text:USE_LCD</name>
         <load_address>0x1ce70</load_address>
         <run_address>0x1ce70</run_address>
         <size>0x2c</size>
         <input_file_ref idref="fl-3f"/>
      </object_component>
      <object_component id="oc-220">
         <name>.text</name>
         <load_address>0x1ce9c</load_address>
         <run_address>0x1ce9c</run_address>
         <size>0x2c</size>
         <input_file_ref idref="fl-81"/>
      </object_component>
      <object_component id="oc-134">
         <name>.text:init_SPI</name>
         <load_address>0x1cec8</load_address>
         <run_address>0x1cec8</run_address>
         <size>0x2a</size>
         <input_file_ref idref="fl-3f"/>
      </object_component>
      <object_component id="oc-e23">
         <name>.text:usbGetReport</name>
         <load_address>0x1cef2</load_address>
         <run_address>0x1cef2</run_address>
         <size>0x2a</size>
         <input_file_ref idref="fl-38"/>
      </object_component>
      <object_component id="oc-6ca">
         <name>.text:__mspabi_fixdi</name>
         <load_address>0x1cf1c</load_address>
         <run_address>0x1cf1c</run_address>
         <size>0x28</size>
         <input_file_ref idref="fl-87"/>
      </object_component>
      <object_component id="oc-f94">
         <name>.text:DMA_disableTransfers</name>
         <load_address>0x1cf44</load_address>
         <run_address>0x1cf44</run_address>
         <size>0x26</size>
         <input_file_ref idref="fl-b"/>
      </object_component>
      <object_component id="oc-f82">
         <name>.text:DMA_enableTransfers</name>
         <load_address>0x1cf6a</load_address>
         <run_address>0x1cf6a</run_address>
         <size>0x26</size>
         <input_file_ref idref="fl-b"/>
      </object_component>
      <object_component id="oc-f88">
         <name>.text:DMA_startTransfer</name>
         <load_address>0x1cf90</load_address>
         <run_address>0x1cf90</run_address>
         <size>0x24</size>
         <input_file_ref idref="fl-b"/>
      </object_component>
      <object_component id="oc-6d4">
         <name>.text</name>
         <load_address>0x1cfb4</load_address>
         <run_address>0x1cfb4</run_address>
         <size>0x24</size>
         <input_file_ref idref="fl-9a"/>
      </object_component>
      <object_component id="oc-f8e">
         <name>.text:DMA_getInterruptStatus</name>
         <load_address>0x1cfd8</load_address>
         <run_address>0x1cfd8</run_address>
         <size>0x22</size>
         <input_file_ref idref="fl-b"/>
      </object_component>
      <object_component id="oc-f7c">
         <name>.text:DMA_setTransferSize</name>
         <load_address>0x1cffa</load_address>
         <run_address>0x1cffa</run_address>
         <size>0x22</size>
         <input_file_ref idref="fl-b"/>
      </object_component>
      <object_component id="oc-2e8">
         <name>.text:UCS_clearFaultFlag</name>
         <load_address>0x1d01c</load_address>
         <run_address>0x1d01c</run_address>
         <size>0x22</size>
         <input_file_ref idref="fl-26"/>
      </object_component>
      <object_component id="oc-2f4">
         <name>.text:USB_disable</name>
         <load_address>0x1d03e</load_address>
         <run_address>0x1d03e</run_address>
         <size>0x22</size>
         <input_file_ref idref="fl-39"/>
      </object_component>
      <object_component id="oc-ef6">
         <name>.text</name>
         <load_address>0x1d060</load_address>
         <run_address>0x1d060</run_address>
         <size>0x22</size>
         <input_file_ref idref="fl-b5"/>
      </object_component>
      <object_component id="oc-2ee">
         <name>.text:SFR_clearInterrupt</name>
         <load_address>0x1d082</load_address>
         <run_address>0x1d082</run_address>
         <size>0x20</size>
         <input_file_ref idref="fl-1f"/>
      </object_component>
      <object_component id="oc-e77">
[...]
         <object_component_ref idref="oc-be"/>
      </symbol>
      <symbol id="sm-10a5">
         <name>abort</name>
         <value>0x1d4fc</value>
         <object_component_ref idref="oc-be"/>
      </symbol>
      <symbol id="sm-10b5">
         <name>__mspabi_fixdi</name>
         <value>0x1cf1c</value>
         <object_component_ref idref="oc-6ca"/>
      </symbol>
      <symbol id="sm-10c7">
         <name>__mspabi_fixdli</name>
         <value>0x1befa</value>
         <object_component_ref idref="oc-cc4"/>
      </symbol>
      <symbol id="sm-10d5">
         <name>__mspabi_fixdu</name>
         <value>0x1d386</value>
         <object_component_ref idref="oc-8b7"/>
      </symbol>
      <symbol id="sm-10e8">
         <name>__mspabi_fixdul</name>
         <value>0x1bdc2</value>
         <object_component_ref idref="oc-dca"/>
      </symbol>
      <symbol id="sm-10fb">
         <name>floor</name>
         <value>0x183a0</value>
         <object_component_ref idref="oc-c11"/>
      </symbol>
      <symbol id="sm-1107">
         <name>__mspabi_fltid</name>
         <value>0x1d47e</value>
         <object_component_ref idref="oc-6ac"/>
      </symbol>
      <symbol id="sm-111f">
         <name>__mspabi_fltlid</name>
         <value>0x1af38</value>
         <object_component_ref idref="oc-c94"/>
      </symbol>
      <symbol id="sm-112b">
         <name>__mspabi_fltud</name>
         <value>0x1d4d2</value>
         <object_component_ref idref="oc-78f"/>
      </symbol>
      <symbol id="sm-1140">
         <name>__mspabi_fltuld</name>
         <value>0x1bb2c</value>
         <object_component_ref idref="oc-cef"/>
      </symbol>
      <symbol id="sm-1161">
         <name>__TI_frcaddd</name>
         <value>0x17708</value>
         <object_component_ref idref="oc-cd0"/>
      </symbol>
      <symbol id="sm-117c">
         <name>__TI_frcdivd</name>
         <value>0x15328</value>
         <object_component_ref idref="oc-cbc"/>
      </symbol>
      <symbol id="sm-1197">
         <name>__mspabi_subf</name>
         <value>0x1906e</value>
         <object_component_ref idref="oc-6e9"/>
      </symbol>
      <symbol id="sm-1198">
         <name>__mspabi_addf</name>
         <value>0x19074</value>
         <object_component_ref idref="oc-6e9"/>
      </symbol>
      <symbol id="sm-11a8">
         <name>__mspabi_cmpf</name>
         <value>0x1c520</value>
         <object_component_ref idref="oc-7de"/>
      </symbol>
      <symbol id="sm-11ba">
         <name>__mspabi_divf</name>
         <value>0x1b178</value>
         <object_component_ref idref="oc-6e4"/>
      </symbol>
      <symbol id="sm-11c7">
         <name>__mspabi_fltif</name>
         <value>0x1cb8c</value>
         <object_component_ref idref="oc-6df"/>
      </symbol>
      <symbol id="sm-11de">
         <name>__mspabi_mpyf</name>
         <value>0x1a7fa</value>
         <object_component_ref idref="oc-7a5"/>
      </symbol>
      <symbol id="sm-11e7">
         <name>__mspabi_negf</name>
         <value>0x1d49e</value>
         <object_component_ref idref="oc-d10"/>
      </symbol>
      <symbol id="sm-11f9">
         <name>__mspabi_fixfi</name>
         <value>0x1be2a</value>
         <object_component_ref idref="oc-7e5"/>
      </symbol>
      <symbol id="sm-1208">
         <name>__mspabi_fixfu</name>
         <value>0x1c688</value>
         <object_component_ref idref="oc-8c9"/>
      </symbol>
      <symbol id="sm-1213">
         <name>__mspabi_fltuf</name>
         <value>0x1cfb4</value>
         <object_component_ref idref="oc-6d4"/>
      </symbol>
      <symbol id="sm-1216">
         <name>__TI_int41</name>
         <value>0xffd2</value>
         <object_component_ref idref="oc-69"/>
      </symbol>
      <symbol id="sm-1219">
         <name>__TI_int42</name>
         <value>0xffd4</value>
         <object_component_ref idref="oc-6a"/>
      </symbol>
      <symbol id="sm-121c">
         <name>__TI_int43</name>
         <value>0xffd6</value>
         <object_component_ref idref="oc-6b"/>
      </symbol>
      <symbol id="sm-121f">
         <name>__TI_int44</name>
         <value>0xffd8</value>
         <object_component_ref idref="oc-6c"/>
      </symbol>
      <symbol id="sm-1222">
         <name>__TI_int45</name>
         <value>0xffda</value>
         <object_component_ref idref="oc-6d"/>
      </symbol>
      <symbol id="sm-1225">
         <name>__TI_int48</name>
         <value>0xffe0</value>
         <object_component_ref idref="oc-70"/>
      </symbol>
      <symbol id="sm-1228">
         <name>__TI_int49</name>
         <value>0xffe2</value>
         <object_component_ref idref="oc-71"/>
      </symbol>
      <symbol id="sm-122b">
         <name>__TI_int50</name>
         <value>0xffe4</value>
         <object_component_ref idref="oc-78"/>
      </symbol>
      <symbol id="sm-122e">
         <name>__TI_int52</name>
         <value>0xffe8</value>
         <object_component_ref idref="oc-7a"/>
      </symbol>
      <symbol id="sm-1231">
         <name>__TI_int53</name>
         <value>0xffea</value>
         <object_component_ref idref="oc-7b"/>
      </symbol>
      <symbol id="sm-1234">
         <name>__TI_int55</name>
         <value>0xffee</value>
         <object_component_ref idref="oc-7d"/>
      </symbol>
      <symbol id="sm-1237">
         <name>__TI_int57</name>
         <value>0xfff2</value>
         <object_component_ref idref="oc-7f"/>
      </symbol>
      <symbol id="sm-123a">
         <name>__TI_int58</name>
         <value>0xfff4</value>
         <object_component_ref idref="oc-80"/>
      </symbol>
      <symbol id="sm-123d">
         <name>__TI_int59</name>
         <value>0xfff6</value>
         <object_component_ref idref="oc-81"/>
      </symbol>
      <symbol id="sm-1240">
         <name>__TI_int60</name>
         <value>0xfff8</value>
         <object_component_ref idref="oc-82"/>
      </symbol>
      <symbol id="sm-1243">
         <name>__TI_int62</name>
         <value>0xfffc</value>
         <object_component_ref idref="oc-84"/>
      </symbol>
      <symbol id="sm-124b">
         <name>__TI_ISR_TRAP</name>
         <value>0x1d4cc</value>
         <object_component_ref idref="oc-9b"/>
      </symbol>
      <symbol id="sm-1263">
         <name>__mspabi_srlll</name>
         <value>0x1caaa</value>
         <object_component_ref idref="oc-ee2"/>
      </symbol>
      <symbol id="sm-1264">
         <name>__mspabi_sllll</name>
         <value>0x1ca70</value>
         <object_component_ref idref="oc-ee8"/>
      </symbol>
      <symbol id="sm-126d">
         <name>__mspabi_slli</name>
         <value>0x1d4a8</value>
         <object_component_ref idref="oc-a32"/>
      </symbol>
      <symbol id="sm-127d">
         <name>__mspabi_slll_9</name>
         <value>0x1c8a8</value>
         <object_component_ref idref="oc-ca9"/>
      </symbol>
      <symbol id="sm-127e">
         <name>__mspabi_slll_8</name>
         <value>0x1c8ac</value>
         <object_component_ref idref="oc-ca9"/>
      </symbol>
      <symbol id="sm-127f">
         <name>__mspabi_slll_7</name>
         <value>0x1c8b0</value>
         <object_component_ref idref="oc-ca9"/>
      </symbol>
      <symbol id="sm-1280">
         <name>__mspabi_slll_6</name>
         <value>0x1c8b4</value>
         <object_component_ref idref="oc-ca9"/>
      </symbol>
      <symbol id="sm-1281">
         <name>__mspabi_slll_5</name>
         <value>0x1c8b8</value>
         <object_component_ref idref="oc-ca9"/>
      </symbol>
      <symbol id="sm-1282">
         <name>__mspabi_slll_4</name>
         <value>0x1c8bc</value>
         <object_component_ref idref="oc-ca9"/>
      </symbol>
      <symbol id="sm-1283">
         <name>__mspabi_slll_3</name>
         <value>0x1c8c0</value>
         <object_component_ref idref="oc-ca9"/>
      </symbol>
      <symbol id="sm-1284">
         <name>__mspabi_slll_2</name>
         <value>0x1c8c4</value>
         <object_component_ref idref="oc-ca9"/>
      </symbol>
      <symbol id="sm-1285">
         <name>__mspabi_slll_1</name>
         <value>0x1c8c8</value>
         <object_component_ref idref="oc-ca9"/>
      </symbol>
      <symbol id="sm-1286">
         <name>__mspabi_slll</name>
         <value>0x1d3da</value>
         <object_component_ref idref="oc-f12"/>
      </symbol>
      <symbol id="sm-1287">
         <name>__mspabi_slll_15</name>
         <value>0x1c890</value>
         <object_component_ref idref="oc-ca9"/>
      </symbol>
      <symbol id="sm-1288">
         <name>__mspabi_slll_14</name>
         <value>0x1c894</value>
         <object_component_ref idref="oc-ca9"/>
      </symbol>
      <symbol id="sm-1289">
         <name>__mspabi_slll_13</name>
         <value>0x1c898</value>
         <object_component_ref idref="oc-ca9"/>
      </symbol>
      <symbol id="sm-128a">
         <name>__mspabi_slll_12</name>
         <value>0x1c89c</value>
         <object_component_ref idref="oc-ca9"/>
      </symbol>
      <symbol id="sm-128b">
         <name>__mspabi_slll_11</name>
         <value>0x1c8a0</value>
         <object_component_ref idref="oc-ca9"/>
      </symbol>
      <symbol id="sm-128c">
         <name>__mspabi_slll_10</name>
         <value>0x1c8a4</value>
         <object_component_ref idref="oc-ca9"/>
      </symbol>
      <symbol id="sm-1295">
         <name>__mspabi_srli</name>
         <value>0x1d4b2</value>
         <object_component_ref idref="oc-af8"/>
      </symbol>
      <symbol id="sm-12a5">
         <name>__mspabi_srll_8</name>
         <value>0x1c8ea</value>
         <object_component_ref idref="oc-32f"/>
      </symbol>
      <symbol id="sm-12a6">
         <name>__mspabi_srll_9</name>
         <value>0x1c8e6</value>
         <object_component_ref idref="oc-32f"/>
      </symbol>
      <symbol id="sm-12a7">
         <name>__mspabi_srll_6</name>
         <value>0x1c8f2</value>
         <object_component_ref idref="oc-32f"/>
      </symbol>
      <symbol id="sm-12a8">
         <name>__mspabi_srll_7</name>
         <value>0x1c8ee</value>
         <object_component_ref idref="oc-32f"/>
      </symbol>
      <symbol id="sm-12a9">
         <name>__mspabi_srll_4</name>
         <value>0x1c8fa</value>
         <object_component_ref idref="oc-32f"/>
      </symbol>
      <symbol id="sm-12aa">
         <name>__mspabi_srll_5</name>
         <value>0x1c8f6</value>
         <object_component_ref idref="oc-32f"/>
      </symbol>
      <symbol id="sm-12ab">
         <name>__mspabi_srll_2</name>
         <value>0x1c902</value>
         <object_component_ref idref="oc-32f"/>
      </symbol>
      <symbol id="sm-12ac">
         <name>__mspabi_srll_3</name>
         <value>0x1c8fe</value>
         <object_component_ref idref="oc-32f"/>
      </symbol>
      <symbol id="sm-12ad">
         <name>__mspabi_srll_1</name>
         <value>0x1c906</value>
         <object_component_ref idref="oc-32f"/>
      </symbol>
      <symbol id="sm-12ae">
         <name>__mspabi_srll_15</name>
         <value>0x1c8ce</value>
         <object_component_ref idref="oc-32f"/>
      </symbol>
      <symbol id="sm-12af">
         <name>__mspabi_srll_14</name>
         <value>0x1c8d2</value>
         <object_component_ref idref="oc-32f"/>
      </symbol>
      <symbol id="sm-12b0">
         <name>__mspabi_srll_13</name>
         <value>0x1c8d6</value>
         <object_component_ref idref="oc-32f"/>
      </symbol>
      <symbol id="sm-12b1">
         <name>__mspabi_srll_12</name>
         <value>0x1c8da</value>
         <object_component_ref idref="oc-32f"/>
      </symbol>
      <symbol id="sm-12b2">
         <name>__mspabi_srll_11</name>
         <value>0x1c8de</value>
         <object_component_ref idref="oc-32f"/>
      </symbol>
      <symbol id="sm-12b3">
         <name>__mspabi_srll_10</name>
         <value>0x1c8e2</value>
         <object_component_ref idref="oc-32f"/>
      </symbol>
      <symbol id="sm-12b4">
         <name>__mspabi_srll</name>
         <value>0x1d3ea</value>
         <object_component_ref idref="oc-f09"/>
      </symbol>
      <symbol id="sm-12c2">
         <name>memset</name>
         <value>0x1d33a</value>
         <object_component_ref idref="oc-b2d"/>
      </symbol>
      <symbol id="sm-12e3">
         <name>__mspabi_mpyd</name>
         <value>0x17488</value>
         <object_component_ref idref="oc-6b2"/>
      </symbol>
      <symbol id="sm-12eb">
         <name>__mspabi_mpyi_f5hw</name>
         <value>0x1d2e4</value>
         <object_component_ref idref="oc-35c"/>
      </symbol>
      <symbol id="sm-12f3">
         <name>__mspabi_mpyl_f5hw</name>
         <value>0x1d060</value>
         <object_component_ref idref="oc-ef6"/>
      </symbol>
      <symbol id="sm-1308">
         <name>__TI_renormd</name>
         <value>0x1a8b0</value>
         <object_component_ref idref="oc-f1c"/>
      </symbol>
      <symbol id="sm-131f">
         <name>sqrtf</name>
         <value>0x193f2</value>
         <object_component_ref idref="oc-7ae"/>
      </symbol>
      <symbol id="sm-132b">
         <name>__mspabi_subd</name>
         <value>0x1ce14</value>
         <object_component_ref idref="oc-795"/>
      </symbol>
      <symbol id="sm-134e">
         <name>_FAtan</name>
         <value>0x1919e</value>
         <object_component_ref idref="oc-d15"/>
      </symbol>
      <symbol id="sm-136b">
         <name>_FDscale</name>
         <value>0x1950a</value>
         <object_component_ref idref="oc-d00"/>
      </symbol>
      <symbol id="sm-137d">
         <name>_FDunscale</name>
         <value>0x1bf60</value>
         <object_component_ref idref="oc-cfa"/>
      </symbol>
      <symbol id="sm-1389">
         <name>_Feraise</name>
         <value>0x1cc2c</value>
         <object_component_ref idref="oc-d06"/>
      </symbol>
      <symbol id="sm-1390">
         <name>_FZero</name>
         <value>0x3f70</value>
         <object_component_ref idref="oc-d0c"/>
      </symbol>
      <symbol id="sm-1391">
         <name>_FRteps</name>
         <value>0x3f5c</value>
         <object_component_ref idref="oc-d0c"/>
      </symbol>
      <symbol id="sm-1392">
         <name>_FSnan</name>
         <value>0x3f4c</value>
         <object_component_ref idref="oc-d0c"/>
      </symbol>
      <symbol id="sm-1393">
         <name>_FNan</name>
         <value>0x3f3c</value>
         <object_component_ref idref="oc-d0c"/>
      </symbol>
      <symbol id="sm-1394">
         <name>_FInf</name>
         <value>0x3f2c</value>
         <object_component_ref idref="oc-d0c"/>
      </symbol>
      <symbol id="sm-1395">
         <name>_FEps</name>
         <value>0x3f1c</value>
         <object_component_ref idref="oc-d0c"/>
      </symbol>
      <symbol id="sm-1396">
         <name>_FXbig</name>
         <value>0x3f6c</value>
         <object_component_ref idref="oc-d0c"/>
      </symbol>
      <symbol id="sm-1397">
         <name>_FDenorm</name>
         <value>0x3f0c</value>
         <object_component_ref idref="oc-d0c"/>
      </symbol>
      <symbol id="sm-13a8">
         <name>_nop</name>
         <value>0x1d500</value>
         <object_component_ref idref="oc-10cd"/>
      </symbol>
      <symbol id="sm-13a9">
         <name>_lock</name>
         <value>0x3fb2</value>
         <object_component_ref idref="oc-10be"/>
      </symbol>
      <symbol id="sm-13aa">
         <name>_unlock</name>
         <value>0x3fb6</value>
         <object_component_ref idref="oc-10be"/>
      </symbol>
      <symbol id="sm-13bb">
         <name>__mspabi_sral</name>
         <value>0x1d3ca</value>
         <object_component_ref idref="oc-f17"/>
      </symbol>
      <symbol id="sm-13bc">
         <name>__mspabi_sral_15</name>
         <value>0x1c852</value>
         <object_component_ref idref="oc-cb5"/>
      </symbol>
      <symbol id="sm-13bd">
         <name>__mspabi_sral_14</name>
         <value>0x1c856</value>
         <object_component_ref idref="oc-cb5"/>
      </symbol>
      <symbol id="sm-13be">
         <name>__mspabi_sral_13</name>
         <value>0x1c85a</value>
         <object_component_ref idref="oc-cb5"/>
      </symbol>
      <symbol id="sm-13bf">
         <name>__mspabi_sral_12</name>
         <value>0x1c85e</value>
         <object_component_ref idref="oc-cb5"/>
      </symbol>
      <symbol id="sm-13c0">
         <name>__mspabi_sral_11</name>
         <value>0x1c862</value>
         <object_component_ref idref="oc-cb5"/>
      </symbol>
      <symbol id="sm-13c1">
         <name>__mspabi_sral_10</name>
         <value>0x1c866</value>
         <object_component_ref idref="oc-cb5"/>
      </symbol>
      <symbol id="sm-13c2">
         <name>__mspabi_sral_8</name>
         <value>0x1c86e</value>
         <object_component_ref idref="oc-cb5"/>
      </symbol>
      <symbol id="sm-13c3">
         <name>__mspabi_sral_9</name>
         <value>0x1c86a</value>
         <object_component_ref idref="oc-cb5"/>
      </symbol>
      <symbol id="sm-13c4">
         <name>__mspabi_sral_6</name>
         <value>0x1c876</value>
         <object_component_ref idref="oc-cb5"/>
      </symbol>
      <symbol id="sm-13c5">
         <name>__mspabi_sral_7</name>
         <value>0x1c872</value>
         <object_component_ref idref="oc-cb5"/>
      </symbol>
      <symbol id="sm-13c6">
         <name>__mspabi_sral_4</name>
         <value>0x1c87e</value>
         <object_component_ref idref="oc-cb5"/>
      </symbol>
      <symbol id="sm-13c7">
         <name>__mspabi_sral_5</name>
         <value>0x1c87a</value>
         <object_component_ref idref="oc-cb5"/>
      </symbol>
      <symbol id="sm-13c8">
         <name>__mspabi_sral_2</name>
         <value>0x1c886</value>
         <object_component_ref idref="oc-cb5"/>
      </symbol>
      <symbol id="sm-13c9">
         <name>__mspabi_sral_3</name>
         <value>0x1c882</value>
         <object_component_ref idref="oc-cb5"/>
      </symbol>
      <symbol id="sm-13ca">
         <name>__mspabi_sral_1</name>
         <value>0x1c88a</value>
         <object_component_ref idref="oc-cb5"/>
      </symbol>
      <symbol id="sm-13e0">
         <name>_auto_init</name>
         <value>0x1bba2</value>
         <object_component_ref idref="oc-b2"/>
      </symbol>
      <symbol id="sm-13e7">
         <name>_Errno</name>
         <value>0x3fd4</value>
         <object_component_ref idref="oc-f40"/>
      </symbol>
      <symbol id="sm-13ff">
         <name>feraiseexcept</name>
         <value>0x1cd24</value>
         <object_component_ref idref="oc-f3a"/>
      </symbol>
      <symbol id="sm-1400">
         <name>_Tls_setup__Fenv</name>
         <value>0x3fbe</value>
         <object_component_ref idref="oc-1053"/>
      </symbol>
      <symbol id="sm-1401">
         <name>_Fenv</name>
         <value>0x3fba</value>
         <object_component_ref idref="oc-1053"/>
      </symbol>
      <symbol id="sm-1412">
         <name>__TI_frcmpyd</name>
         <value>0x166bc</value>
         <object_component_ref idref="oc-c9c"/>
      </symbol>
      <symbol id="sm-1427">
         <name>raise</name>
         <value>0x1cc90</value>
         <object_component_ref idref="oc-1056"/>
      </symbol>
      <symbol id="sm-143c">
         <name>signal</name>
         <value>0x1cbc2</value>
         <object_component_ref idref="oc-10a8"/>
      </symbol>
      <symbol id="sm-144e">
         <name>_FDnorm</name>
         <value>0x1b206</value>
         <object_component_ref idref="oc-f30"/>
      </symbol>
      <symbol id="sm-144f">
         <name>__TI_exit</name>
         <value>0x1</value>
      </symbol>
      <symbol id="sm-1450">
         <name>__TI_args_main</name>
         <value>0x1</value>
      </symbol>
      <symbol id="sm-1451">
         <name>__TI_INITARRAY_Base</name>
         <value>0x0</value>
      </symbol>
      <symbol id="sm-1452">
         <name>__TI_INITARRAY_Limit</name>
         <value>0x0</value>
      </symbol>
   </symbol_table>
   <title>Link successful</title>
</link_info>
