<?xml version="1.0"?>
<link_info>
   <banner>MSP430 Linker PC v4.3.1</banner>
   <copyright>Copyright (c) 2003-2014 Texas Instruments Incorporated</copyright>
   <link_time>0x54b3d7d9</link_time>
   <link_errors>0x0</link_errors>
   <output_file>simpleUsbBackchannel.out</output_file>
   <entry_point>
      <name>_c_int00</name>
      <address>0x498e</address>
   </entry_point>
   <input_file_list>
      <input_file id="fl-2">
         <path>.\ACCEL\</path>
         <kind>object</kind>
         <file>accel.obj</file>
         <name>accel.obj</name>
      </input_file>
      <input_file id="fl-3">
         <path>.\ADC12\</path>
         <kind>object</kind>
         <file>ADC12.obj</file>
         <name>ADC12.obj</name>
      </input_file>
      <input_file id="fl-4">
         <path>.\BLOODPREASURE\</path>
         <kind>object</kind>
         <file>bloodpreasure.obj</file>
         <name>bloodpreasure.obj</name>
      </input_file>
      <input_file id="fl-5">
         <path>.\BLUETOOTH\</path>
         <kind>object</kind>
         <file>bt.obj</file>
         <name>bt.obj</name>
      </input_file>
      <input_file id="fl-6">
         <path>.\DELAY\</path>
         <kind>object</kind>
         <file>delay.obj</file>
         <name>delay.obj</name>
      </input_file>
      <input_file id="fl-7">
         <path>.\KEY\</path>
         <kind>object</kind>
         <file>key.obj</file>
         <name>key.obj</name>
      </input_file>
      <input_file id="fl-8">
         <path>.\QRSMAIN\</path>
         <kind>object</kind>
         <file>heartrate.obj</file>
         <name>heartrate.obj</name>
      </input_file>
      <input_file id="fl-9">
         <path>.\SPO2H\</path>
         <kind>object</kind>
         <file>spo2h.obj</file>
         <name>spo2h.obj</name>
      </input_file>
      <input_file id="fl-a">
         <path>.\TFT_SCREEN\</path>
         <kind>object</kind>
         <file>TFT_Screen.obj</file>
         <name>TFT_Screen.obj</name>
      </input_file>
      <input_file id="fl-b">
         <path>.\TFT_SCREEN\</path>
         <kind>object</kind>
         <file>HAL_PMM.obj</file>
         <name>HAL_PMM.obj</name>
      </input_file>
      <input_file id="fl-c">
         <path>.\UART\</path>
         <kind>object</kind>
         <file>hal.obj</file>
         <name>hal.obj</name>
      </input_file>
      <input_file id="fl-d">
         <path>.\UART\</path>
         <kind>object</kind>
         <file>BCUart.obj</file>
         <name>BCUart.obj</name>
      </input_file>
      <input_file id="fl-e">
         <path>.\USB_API\USB_CDC_API\</path>
         <kind>object</kind>
         <file>UsbCdc.obj</file>
         <name>UsbCdc.obj</name>
      </input_file>
      <input_file id="fl-f">
         <path>.\USB_API\USB_Common\</path>
         <kind>object</kind>
         <file>usbdma.obj</file>
         <name>usbdma.obj</name>
      </input_file>
      <input_file id="fl-10">
         <path>.\USB_API\USB_Common\</path>
         <kind>object</kind>
         <file>usb.obj</file>
         <name>usb.obj</name>
      </input_file>
      <input_file id="fl-11">
         <path>.\USB_API\USB_HID_API\</path>
         <kind>object</kind>
         <file>UsbHidReq.obj</file>
         <name>UsbHidReq.obj</name>
      </input_file>
      <input_file id="fl-12">
         <path>.\USB_API\USB_HID_API\</path>
         <kind>object</kind>
         <file>UsbHid.obj</file>
         <name>UsbHid.obj</name>
      </input_file>
      <input_file id="fl-13">
         <path>.\USB_API\USB_MSC_API\</path>
         <kind>object</kind>
         <file>UsbMscStateMachine.obj</file>
         <name>UsbMscStateMachine.obj</name>
      </input_file>
      <input_file id="fl-14">
         <path>.\USB_API\USB_MSC_API\</path>
         <kind>object</kind>
         <file>UsbMscScsi.obj</file>
         <name>UsbMscScsi.obj</name>
      </input_file>
      <input_file id="fl-15">
         <path>.\USB_API\USB_MSC_API\</path>
         <kind>object</kind>
         <file>UsbMscReq.obj</file>
         <name>UsbMscReq.obj</name>
      </input_file>
      <input_file id="fl-16">
         <path>.\USB_API\USB_PHDC_API\</path>
         <kind>object</kind>
         <file>UsbPHDC.obj</file>
         <name>UsbPHDC.obj</name>
      </input_file>
      <input_file id="fl-17">
         <path>.\USB_app\</path>
         <kind>object</kind>
         <file>usbEventHandling.obj</file>
         <name>usbEventHandling.obj</name>
      </input_file>
      <input_file id="fl-18">
         <path>.\USB_app\</path>
         <kind>object</kind>
         <file>usbConstructs.obj</file>
         <name>usbConstructs.obj</name>
      </input_file>
      <input_file id="fl-19">
         <path>.\USB_config\</path>
         <kind>object</kind>
         <file>descriptors.obj</file>
         <name>descriptors.obj</name>
      </input_file>
      <input_file id="fl-1a">
         <path>.\USB_config\</path>
         <kind>object</kind>
         <file>UsbIsr.obj</file>
         <name>UsbIsr.obj</name>
      </input_file>
      <input_file id="fl-1b">
         <path>.\driverlib\MSP430F5xx_6xx\</path>
         <kind>object</kind>
         <file>wdt_a.obj</file>
         <name>wdt_a.obj</name>
      </input_file>
      <input_file id="fl-1c">
         <path>.\driverlib\MSP430F5xx_6xx\</path>
         <kind>object</kind>
         <file>usci_uart.obj</file>
         <name>usci_uart.obj</name>
      </input_file>
      <input_file id="fl-1d">
         <path>.\driverlib\MSP430F5xx_6xx\</path>
         <kind>object</kind>
         <file>usci_spi.obj</file>
         <name>usci_spi.obj</name>
      </input_file>
      <input_file id="fl-1e">
         <path>.\driverlib\MSP430F5xx_6xx\</path>
         <kind>object</kind>
         <file>usci_i2c.obj</file>
         <name>usci_i2c.obj</name>
      </input_file>
      <input_file id="fl-1f">
         <path>.\driverlib\MSP430F5xx_6xx\</path>
         <kind>object</kind>
         <file>usci_b_spi.obj</file>
         <name>usci_b_spi.obj</name>
      </input_file>
      <input_file id="fl-20">
         <path>.\driverlib\MSP430F5xx_6xx\</path>
         <kind>object</kind>
         <file>usci_b_i2c.obj</file>
         <name>usci_b_i2c.obj</name>
      </input_file>
      <input_file id="fl-21">
         <path>.\driverlib\MSP430F5xx_6xx\</path>
         <kind>object</kind>
         <file>usci_a_uart.obj</file>
         <name>usci_a_uart.obj</name>
      </input_file>
      <input_file id="fl-22">
         <path>.\driverlib\MSP430F5xx_6xx\</path>
         <kind>object</kind>
         <file>usci_a_spi.obj</file>
         <name>usci_a_spi.obj</name>
      </input_file>
      <input_file id="fl-23">
         <path>.\driverlib\MSP430F5xx_6xx\</path>
         <kind>object</kind>
         <file>ucs.obj</file>
         <name>ucs.obj</name>
      </input_file>
      <input_file id="fl-24">
         <path>.\driverlib\MSP430F5xx_6xx\</path>
         <kind>object</kind>
         <file>tlv.obj</file>
         <name>tlv.obj</name>
      </input_file>
      <input_file id="fl-25">
         <path>.\driverlib\MSP430F5xx_6xx\</path>
         <kind>object</kind>
         <file>timer_d.obj</file>
         <name>timer_d.obj</name>
      </input_file>
      <input_file id="fl-26">
         <path>.\driverlib\MSP430F5xx_6xx\</path>
         <kind>object</kind>
         <file>timer_b.obj</file>
         <name>timer_b.obj</name>
      </input_file>
      <input_file id="fl-27">
         <path>.\driverlib\MSP430F5xx_6xx\</path>
         <kind>object</kind>
         <file>timer_a.obj</file>
         <name>timer_a.obj</name>
      </input_file>
      <input_file id="fl-28">
         <path>.\driverlib\MSP430F5xx_6xx\</path>
         <kind>object</kind>
         <file>tec.obj</file>
         <name>tec.obj</name>
      </input_file>
      <input_file id="fl-29">
         <path>.\driverlib\MSP430F5xx_6xx\</path>
         <kind>object</kind>
         <file>sys.obj</file>
         <name>sys.obj</name>
      </input_file>
      <input_file id="fl-2a">
         <path>.\driverlib\MSP430F5xx_6xx\</path>
         <kind>object</kind>
         <file>sfr.obj</file>
         <name>sfr.obj</name>
      </input_file>
      <input_file id="fl-2b">
         <path>.\driverlib\MSP430F5xx_6xx\</path>
         <kind>object</kind>
         <file>sd24_b.obj</file>
         <name>sd24_b.obj</name>
      </input_file>
      <input_file id="fl-2c">
         <path>.\driverlib\MSP430F5xx_6xx\</path>
         <kind>object</kind>
         <file>rtc_c.obj</file>
         <name>rtc_c.obj</name>
      </input_file>
      <input_file id="fl-2d">
         <path>.\driverlib\MSP430F5xx_6xx\</path>
         <kind>object</kind>
         <file>rtc_b.obj</file>
         <name>rtc_b.obj</name>
      </input_file>
      <input_file id="fl-2e">
         <path>.\driverlib\MSP430F5xx_6xx\</path>
         <kind>object</kind>
         <file>rtc_a.obj</file>
         <name>rtc_a.obj</name>
      </input_file>
      <input_file id="fl-2f">
         <path>.\driverlib\MSP430F5xx_6xx\</path>
         <kind>object</kind>
         <file>ref.obj</file>
         <name>ref.obj</name>
      </input_file>
      <input_file id="fl-30">
         <path>.\driverlib\MSP430F5xx_6xx\</path>
         <kind>object</kind>
         <file>ram.obj</file>
         <name>ram.obj</name>
      </input_file>
      <input_file id="fl-31">
         <path>.\driverlib\MSP430F5xx_6xx\</path>
         <kind>object</kind>
         <file>pmm.obj</file>
         <name>pmm.obj</name>
      </input_file>
      <input_file id="fl-32">
         <path>.\driverlib\MSP430F5xx_6xx\</path>
         <kind>object</kind>
         <file>pmap.obj</file>
         <name>pmap.obj</name>
      </input_file>
      <input_file id="fl-33">
         <path>.\driverlib\MSP430F5xx_6xx\</path>
         <kind>object</kind>
         <file>mpy32.obj</file>
         <name>mpy32.obj</name>
      </input_file>
      <input_file id="fl-34">
         <path>.\driverlib\MSP430F5xx_6xx\</path>
         <kind>object</kind>
         <file>ldopwr.obj</file>
         <name>ldopwr.obj</name>
      </input_file>
      <input_file id="fl-35">
         <path>.\driverlib\MSP430F5xx_6xx\</path>
         <kind>object</kind>
         <file>gpio.obj</file>
         <name>gpio.obj</name>
      </input_file>
      <input_file id="fl-36">
         <path>.\driverlib\MSP430F5xx_6xx\</path>
         <kind>object</kind>
         <file>flash.obj</file>
         <name>flash.obj</name>
      </input_file>
      <input_file id="fl-37">
         <path>.\driverlib\MSP430F5xx_6xx\</path>
         <kind>object</kind>
         <file>eusci_uart.obj</file>
         <name>eusci_uart.obj</name>
      </input_file>
      <input_file id="fl-38">
         <path>.\driverlib\MSP430F5xx_6xx\</path>
         <kind>object</kind>
         <file>eusci_spi.obj</file>
         <name>eusci_spi.obj</name>
      </input_file>
      <input_file id="fl-39">
         <path>.\driverlib\MSP430F5xx_6xx\</path>
         <kind>object</kind>
         <file>eusci_i2c.obj</file>
         <name>eusci_i2c.obj</name>
      </input_file>
      <input_file id="fl-3a">
         <path>.\driverlib\MSP430F5xx_6xx\</path>
         <kind>object</kind>
         <file>eusci_b_spi.obj</file>
         <name>eusci_b_spi.obj</name>
      </input_file>
      <input_file id="fl-3b">
         <path>.\driverlib\MSP430F5xx_6xx\</path>
         <kind>object</kind>
         <file>eusci_b_i2c.obj</file>
         <name>eusci_b_i2c.obj</name>
      </input_file>
      <input_file id="fl-3c">
         <path>.\driverlib\MSP430F5xx_6xx\</path>
         <kind>object</kind>
         <file>eusci_a_uart.obj</file>
         <name>eusci_a_uart.obj</name>
      </input_file>
      <input_file id="fl-3d">
         <path>.\driverlib\MSP430F5xx_6xx\</path>
         <kind>object</kind>
         <file>eusci_a_spi.obj</file>
         <name>eusci_a_spi.obj</name>
      </input_file>
      <input_file id="fl-3e">
         <path>.\driverlib\MSP430F5xx_6xx\</path>
         <kind>object</kind>
         <file>dma.obj</file>
         <name>dma.obj</name>
      </input_file>
      <input_file id="fl-3f">
         <path>.\driverlib\MSP430F5xx_6xx\</path>
         <kind>object</kind>
         <file>dac12_a.obj</file>
         <name>dac12_a.obj</name>
      </input_file>
      <input_file id="fl-40">
         <path>.\driverlib\MSP430F5xx_6xx\</path>
         <kind>object</kind>
         <file>crc.obj</file>
         <name>crc.obj</name>
      </input_file>
      <input_file id="fl-41">
         <path>.\driverlib\MSP430F5xx_6xx\</path>
         <kind>object</kind>
         <file>comp_b.obj</file>
         <name>comp_b.obj</name>
      </input_file>
      <input_file id="fl-42">
         <path>.\driverlib\MSP430F5xx_6xx\</path>
         <kind>object</kind>
         <file>bak_batt.obj</file>
         <name>bak_batt.obj</name>
      </input_file>
      <input_file id="fl-43">
         <path>.\driverlib\MSP430F5xx_6xx\</path>
         <kind>object</kind>
         <file>aes.obj</file>
         <name>aes.obj</name>
      </input_file>
      <input_file id="fl-44">
         <path>.\driverlib\MSP430F5xx_6xx\</path>
         <kind>object</kind>
         <file>adc12_a.obj</file>
         <name>adc12_a.obj</name>
      </input_file>
      <input_file id="fl-45">
         <path>.\driverlib\MSP430F5xx_6xx\</path>
         <kind>object</kind>
         <file>adc10_a.obj</file>
         <name>adc10_a.obj</name>
      </input_file>
      <input_file id="fl-46">
         <path>.\</path>
         <kind>object</kind>
         <file>system_pre_init.obj</file>
         <name>system_pre_init.obj</name>
      </input_file>
      <input_file id="fl-47">
         <path>.\</path>
         <kind>object</kind>
         <file>main.obj</file>
         <name>main.obj</name>
      </input_file>
      <input_file id="fl-76">
         <path>D:\ccs_new\ccsv6\tools\compiler\msp430_4.3.1\lib\</path>
         <kind>archive</kind>
         <file>rts430x_lc_sd_eabi.lib</file>
         <name>abs.obj</name>
      </input_file>
      <input_file id="fl-77">
         <path>D:\ccs_new\ccsv6\tools\compiler\msp430_4.3.1\lib\</path>
         <kind>archive</kind>
         <file>rts430x_lc_sd_eabi.lib</file>
         <name>addd.obj</name>
      </input_file>
      <input_file id="fl-78">
         <path>D:\ccs_new\ccsv6\tools\compiler\msp430_4.3.1\lib\</path>
         <kind>archive</kind>
         <file>rts430x_lc_sd_eabi.lib</file>
         <name>atanf.obj</name>
      </input_file>
      <input_file id="fl-79">
         <path>D:\ccs_new\ccsv6\tools\compiler\msp430_4.3.1\lib\</path>
         <kind>archive</kind>
         <file>rts430x_lc_sd_eabi.lib</file>
         <name>boot.obj</name>
      </input_file>
      <input_file id="fl-7a">
         <path>D:\ccs_new\ccsv6\tools\compiler\msp430_4.3.1\lib\</path>
         <kind>archive</kind>
         <file>rts430x_lc_sd_eabi.lib</file>
         <name>cmpd.obj</name>
      </input_file>
      <input_file id="fl-7b">
         <path>D:\ccs_new\ccsv6\tools\compiler\msp430_4.3.1\lib\</path>
         <kind>archive</kind>
         <file>rts430x_lc_sd_eabi.lib</file>
         <name>copy_decompress_none.obj</name>
      </input_file>
      <input_file id="fl-7c">
         <path>D:\ccs_new\ccsv6\tools\compiler\msp430_4.3.1\lib\</path>
         <kind>archive</kind>
         <file>rts430x_lc_sd_eabi.lib</file>
         <name>copy_decompress_rle.obj</name>
      </input_file>
      <input_file id="fl-7d">
         <path>D:\ccs_new\ccsv6\tools\compiler\msp430_4.3.1\lib\</path>
         <kind>archive</kind>
         <file>rts430x_lc_sd_eabi.lib</file>
         <name>copy_zero_init.obj</name>
      </input_file>
      <input_file id="fl-7e">
         <path>D:\ccs_new\ccsv6\tools\compiler\msp430_4.3.1\lib\</path>
         <kind>archive</kind>
         <file>rts430x_lc_sd_eabi.lib</file>
         <name>cpy_util.obj</name>
      </input_file>
      <input_file id="fl-7f">
         <path>D:\ccs_new\ccsv6\tools\compiler\msp430_4.3.1\lib\</path>
         <kind>archive</kind>
         <file>rts430x_lc_sd_eabi.lib</file>
         <name>cvtdf.obj</name>
      </input_file>
      <input_file id="fl-80">
         <path>D:\ccs_new\ccsv6\tools\compiler\msp430_4.3.1\lib\</path>
         <kind>archive</kind>
         <file>rts430x_lc_sd_eabi.lib</file>
         <name>cvtfd.obj</name>
      </input_file>
      <input_file id="fl-81">
         <path>D:\ccs_new\ccsv6\tools\compiler\msp430_4.3.1\lib\</path>
         <kind>archive</kind>
         <file>rts430x_lc_sd_eabi.lib</file>
         <name>div16s.obj</name>
      </input_file>
      <input_file id="fl-82">
         <path>D:\ccs_new\ccsv6\tools\compiler\msp430_4.3.1\lib\</path>
         <kind>archive</kind>
         <file>rts430x_lc_sd_eabi.lib</file>
         <name>div16u.obj</name>
      </input_file>
      <input_file id="fl-83">
         <path>D:\ccs_new\ccsv6\tools\compiler\msp430_4.3.1\lib\</path>
         <kind>archive</kind>
         <file>rts430x_lc_sd_eabi.lib</file>
         <name>div32s.obj</name>
      </input_file>
      <input_file id="fl-84">
         <path>D:\ccs_new\ccsv6\tools\compiler\msp430_4.3.1\lib\</path>
         <kind>archive</kind>
         <file>rts430x_lc_sd_eabi.lib</file>
         <name>div32u.obj</name>
      </input_file>
      <input_file id="fl-85">
         <path>D:\ccs_new\ccsv6\tools\compiler\msp430_4.3.1\lib\</path>
         <kind>archive</kind>
         <file>rts430x_lc_sd_eabi.lib</file>
         <name>divd.obj</name>
      </input_file>
      <input_file id="fl-86">
         <path>D:\ccs_new\ccsv6\tools\compiler\msp430_4.3.1\lib\</path>
         <kind>archive</kind>
         <file>rts430x_lc_sd_eabi.lib</file>
         <name>exit.obj</name>
      </input_file>
      <input_file id="fl-87">
         <path>D:\ccs_new\ccsv6\tools\compiler\msp430_4.3.1\lib\</path>
         <kind>archive</kind>
         <file>rts430x_lc_sd_eabi.lib</file>
         <name>fixdi.obj</name>
      </input_file>
      <input_file id="fl-88">
         <path>D:\ccs_new\ccsv6\tools\compiler\msp430_4.3.1\lib\</path>
         <kind>archive</kind>
         <file>rts430x_lc_sd_eabi.lib</file>
         <name>fixdli.obj</name>
      </input_file>
      <input_file id="fl-89">
         <path>D:\ccs_new\ccsv6\tools\compiler\msp430_4.3.1\lib\</path>
         <kind>archive</kind>
         <file>rts430x_lc_sd_eabi.lib</file>
         <name>fixdu.obj</name>
      </input_file>
      <input_file id="fl-8a">
         <path>D:\ccs_new\ccsv6\tools\compiler\msp430_4.3.1\lib\</path>
         <kind>archive</kind>
         <file>rts430x_lc_sd_eabi.lib</file>
         <name>fixdul.obj</name>
      </input_file>
      <input_file id="fl-8b">
         <path>D:\ccs_new\ccsv6\tools\compiler\msp430_4.3.1\lib\</path>
         <kind>archive</kind>
         <file>rts430x_lc_sd_eabi.lib</file>
         <name>floor.obj</name>
      </input_file>
      <input_file id="fl-8c">
         <path>D:\ccs_new\ccsv6\tools\compiler\msp430_4.3.1\lib\</path>
         <kind>archive</kind>
         <file>rts430x_lc_sd_eabi.lib</file>
         <name>fltid.obj</name>
      </input_file>
      <input_file id="fl-8d">
         <path>D:\ccs_new\ccsv6\tools\compiler\msp430_4.3.1\lib\</path>
         <kind>archive</kind>
         <file>rts430x_lc_sd_eabi.lib</file>
         <name>fltlid.obj</name>
      </input_file>
      <input_file id="fl-8e">
         <path>D:\ccs_new\ccsv6\tools\compiler\msp430_4.3.1\lib\</path>
         <kind>archive</kind>
         <file>rts430x_lc_sd_eabi.lib</file>
         <name>fltud.obj</name>
      </input_file>
      <input_file id="fl-8f">
         <path>D:\ccs_new\ccsv6\tools\compiler\msp430_4.3.1\lib\</path>
         <kind>archive</kind>
         <file>rts430x_lc_sd_eabi.lib</file>
         <name>fltuld.obj</name>
      </input_file>
      <input_file id="fl-90">
         <path>D:\ccs_new\ccsv6\tools\compiler\msp430_4.3.1\lib\</path>
         <kind>archive</kind>
         <file>rts430x_lc_sd_eabi.lib</file>
         <name>frcaddd.obj</name>
      </input_file>
      <input_file id="fl-91">
         <path>D:\ccs_new\ccsv6\tools\compiler\msp430_4.3.1\lib\</path>
         <kind>archive</kind>
         <file>rts430x_lc_sd_eabi.lib</file>
         <name>frcdivd.obj</name>
      </input_file>
      <input_file id="fl-92">
         <path>D:\ccs_new\ccsv6\tools\compiler\msp430_4.3.1\lib\</path>
         <kind>archive</kind>
         <file>rts430x_lc_sd_eabi.lib</file>
         <name>fs_add.obj</name>
      </input_file>
      <input_file id="fl-93">
         <path>D:\ccs_new\ccsv6\tools\compiler\msp430_4.3.1\lib\</path>
         <kind>archive</kind>
         <file>rts430x_lc_sd_eabi.lib</file>
         <name>fs_cmp.obj</name>
      </input_file>
      <input_file id="fl-94">
         <path>D:\ccs_new\ccsv6\tools\compiler\msp430_4.3.1\lib\</path>
         <kind>archive</kind>
         <file>rts430x_lc_sd_eabi.lib</file>
         <name>fs_div.obj</name>
      </input_file>
      <input_file id="fl-95">
         <path>D:\ccs_new\ccsv6\tools\compiler\msp430_4.3.1\lib\</path>
         <kind>archive</kind>
         <file>rts430x_lc_sd_eabi.lib</file>
         <name>fs_itof.obj</name>
      </input_file>
      <input_file id="fl-96">
         <path>D:\ccs_new\ccsv6\tools\compiler\msp430_4.3.1\lib\</path>
         <kind>archive</kind>
         <file>rts430x_lc_sd_eabi.lib</file>
         <name>fs_mpy.obj</name>
      </input_file>
      <input_file id="fl-97">
         <path>D:\ccs_new\ccsv6\tools\compiler\msp430_4.3.1\lib\</path>
         <kind>archive</kind>
         <file>rts430x_lc_sd_eabi.lib</file>
         <name>fs_neg.obj</name>
      </input_file>
      <input_file id="fl-98">
         <path>D:\ccs_new\ccsv6\tools\compiler\msp430_4.3.1\lib\</path>
         <kind>archive</kind>
         <file>rts430x_lc_sd_eabi.lib</file>
         <name>fs_toi.obj</name>
      </input_file>
      <input_file id="fl-99">
         <path>D:\ccs_new\ccsv6\tools\compiler\msp430_4.3.1\lib\</path>
         <kind>archive</kind>
         <file>rts430x_lc_sd_eabi.lib</file>
         <name>fs_utof.obj</name>
      </input_file>
      <input_file id="fl-9a">
         <path>D:\ccs_new\ccsv6\tools\compiler\msp430_4.3.1\lib\</path>
         <kind>archive</kind>
         <file>rts430x_lc_sd_eabi.lib</file>
         <name>int41.obj</name>
      </input_file>
      <input_file id="fl-9b">
         <path>D:\ccs_new\ccsv6\tools\compiler\msp430_4.3.1\lib\</path>
         <kind>archive</kind>
         <file>rts430x_lc_sd_eabi.lib</file>
         <name>int42.obj</name>
      </input_file>
      <input_file id="fl-9c">
         <path>D:\ccs_new\ccsv6\tools\compiler\msp430_4.3.1\lib\</path>
         <kind>archive</kind>
         <file>rts430x_lc_sd_eabi.lib</file>
         <name>int43.obj</name>
      </input_file>
      <input_file id="fl-9d">
         <path>D:\ccs_new\ccsv6\tools\compiler\msp430_4.3.1\lib\</path>
         <kind>archive</kind>
         <file>rts430x_lc_sd_eabi.lib</file>
         <name>int44.obj</name>
      </input_file>
      <input_file id="fl-9e">
         <path>D:\ccs_new\ccsv6\tools\compiler\msp430_4.3.1\lib\</path>
         <kind>archive</kind>
         <file>rts430x_lc_sd_eabi.lib</file>
         <name>int45.obj</name>
      </input_file>
      <input_file id="fl-9f">
         <path>D:\ccs_new\ccsv6\tools\compiler\msp430_4.3.1\lib\</path>
         <kind>archive</kind>
         <file>rts430x_lc_sd_eabi.lib</file>
         <name>int48.obj</name>
      </input_file>
      <input_file id="fl-a0">
         <path>D:\ccs_new\ccsv6\tools\compiler\msp430_4.3.1\lib\</path>
         <kind>archive</kind>
         <file>rts430x_lc_sd_eabi.lib</file>
         <name>int49.obj</name>
      </input_file>
      <input_file id="fl-a1">
         <path>D:\ccs_new\ccsv6\tools\compiler\msp430_4.3.1\lib\</path>
         <kind>archive</kind>
         <file>rts430x_lc_sd_eabi.lib</file>
         <name>int50.obj</name>
      </input_file>
      <input_file id="fl-a2">
         <path>D:\ccs_new\ccsv6\tools\compiler\msp430_4.3.1\lib\</path>
         <kind>archive</kind>
         <file>rts430x_lc_sd_eabi.lib</file>
         <name>int52.obj</name>
      </input_file>
      <input_file id="fl-a3">
         <path>D:\ccs_new\ccsv6\tools\compiler\msp430_4.3.1\lib\</path>
         <kind>archive</kind>
         <file>rts430x_lc_sd_eabi.lib</file>
         <name>int53.obj</name>
      </input_file>
      <input_file id="fl-a4">
         <path>D:\ccs_new\ccsv6\tools\compiler\msp430_4.3.1\lib\</path>
         <kind>archive</kind>
         <file>rts430x_lc_sd_eabi.lib</file>
         <name>int55.obj</name>
      </input_file>
      <input_file id="fl-a5">
         <path>D:\ccs_new\ccsv6\tools\compiler\msp430_4.3.1\lib\</path>
         <kind>archive</kind>
         <file>rts430x_lc_sd_eabi.lib</file>
         <name>int57.obj</name>
      </input_file>
      <input_file id="fl-a6">
         <path>D:\ccs_new\ccsv6\tools\compiler\msp430_4.3.1\lib\</path>
         <kind>archive</kind>
         <file>rts430x_lc_sd_eabi.lib</file>
         <name>int58.obj</name>
      </input_file>
      <input_file id="fl-a7">
         <path>D:\ccs_new\ccsv6\tools\compiler\msp430_4.3.1\lib\</path>
         <kind>archive</kind>
         <file>rts430x_lc_sd_eabi.lib</file>
         <name>int59.obj</name>
      </input_file>
      <input_file id="fl-a8">
         <path>D:\ccs_new\ccsv6\tools\compiler\msp430_4.3.1\lib\</path>
         <kind>archive</kind>
         <file>rts430x_lc_sd_eabi.lib</file>
         <name>int60.obj</name>
      </input_file>
      <input_file id="fl-a9">
         <path>D:\ccs_new\ccsv6\tools\compiler\msp430_4.3.1\lib\</path>
         <kind>archive</kind>
         <file>rts430x_lc_sd_eabi.lib</file>
         <name>int62.obj</name>
      </input_file>
      <input_file id="fl-aa">
         <path>D:\ccs_new\ccsv6\tools\compiler\msp430_4.3.1\lib\</path>
         <kind>archive</kind>
         <file>rts430x_lc_sd_eabi.lib</file>
         <name>isr_trap.obj</name>
      </input_file>
      <input_file id="fl-ab">
         <path>D:\ccs_new\ccsv6\tools\compiler\msp430_4.3.1\lib\</path>
         <kind>archive</kind>
         <file>rts430x_lc_sd_eabi.lib</file>
         <name>llmath.obj</name>
      </input_file>
      <input_file id="fl-ac">
         <path>D:\ccs_new\ccsv6\tools\compiler\msp430_4.3.1\lib\</path>
         <kind>archive</kind>
         <file>rts430x_lc_sd_eabi.lib</file>
         <name>lsl16.obj</name>
      </input_file>
      <input_file id="fl-ad">
         <path>D:\ccs_new\ccsv6\tools\compiler\msp430_4.3.1\lib\</path>
         <kind>archive</kind>
         <file>rts430x_lc_sd_eabi.lib</file>
         <name>lsl32.obj</name>
      </input_file>
      <input_file id="fl-ae">
         <path>D:\ccs_new\ccsv6\tools\compiler\msp430_4.3.1\lib\</path>
         <kind>archive</kind>
         <file>rts430x_lc_sd_eabi.lib</file>
         <name>lsr16.obj</name>
      </input_file>
      <input_file id="fl-af">
         <path>D:\ccs_new\ccsv6\tools\compiler\msp430_4.3.1\lib\</path>
         <kind>archive</kind>
         <file>rts430x_lc_sd_eabi.lib</file>
         <name>lsr32.obj</name>
      </input_file>
      <input_file id="fl-b0">
         <path>D:\ccs_new\ccsv6\tools\compiler\msp430_4.3.1\lib\</path>
         <kind>archive</kind>
         <file>rts430x_lc_sd_eabi.lib</file>
         <name>ltoa.obj</name>
      </input_file>
      <input_file id="fl-b1">
         <path>D:\ccs_new\ccsv6\tools\compiler\msp430_4.3.1\lib\</path>
         <kind>archive</kind>
         <file>rts430x_lc_sd_eabi.lib</file>
         <name>memcpy.obj</name>
      </input_file>
      <input_file id="fl-b2">
         <path>D:\ccs_new\ccsv6\tools\compiler\msp430_4.3.1\lib\</path>
         <kind>archive</kind>
         <file>rts430x_lc_sd_eabi.lib</file>
         <name>memset.obj</name>
      </input_file>
      <input_file id="fl-b3">
         <path>D:\ccs_new\ccsv6\tools\compiler\msp430_4.3.1\lib\</path>
         <kind>archive</kind>
         <file>rts430x_lc_sd_eabi.lib</file>
         <name>mpu_init.obj</name>
      </input_file>
      <input_file id="fl-b4">
         <path>D:\ccs_new\ccsv6\tools\compiler\msp430_4.3.1\lib\</path>
         <kind>archive</kind>
         <file>rts430x_lc_sd_eabi.lib</file>
         <name>mpyd.obj</name>
      </input_file>
      <input_file id="fl-b5">
         <path>D:\ccs_new\ccsv6\tools\compiler\msp430_4.3.1\lib\</path>
         <kind>archive</kind>
         <file>rts430x_lc_sd_eabi.lib</file>
         <name>mult16_f5hw.obj</name>
      </input_file>
      <input_file id="fl-b6">
         <path>D:\ccs_new\ccsv6\tools\compiler\msp430_4.3.1\lib\</path>
         <kind>archive</kind>
         <file>rts430x_lc_sd_eabi.lib</file>
         <name>mult32_f5hw.obj</name>
      </input_file>
      <input_file id="fl-b7">
         <path>D:\ccs_new\ccsv6\tools\compiler\msp430_4.3.1\lib\</path>
         <kind>archive</kind>
         <file>rts430x_lc_sd_eabi.lib</file>
         <name>mult64_f5hw.obj</name>
      </input_file>
      <input_file id="fl-b8">
         <path>D:\ccs_new\ccsv6\tools\compiler\msp430_4.3.1\lib\</path>
         <kind>archive</kind>
         <file>rts430x_lc_sd_eabi.lib</file>
         <name>renormd.obj</name>
      </input_file>
      <input_file id="fl-b9">
         <path>D:\ccs_new\ccsv6\tools\compiler\msp430_4.3.1\lib\</path>
         <kind>archive</kind>
         <file>rts430x_lc_sd_eabi.lib</file>
         <name>sqrtf.obj</name>
      </input_file>
      <input_file id="fl-ba">
         <path>D:\ccs_new\ccsv6\tools\compiler\msp430_4.3.1\lib\</path>
         <kind>archive</kind>
         <file>rts430x_lc_sd_eabi.lib</file>
         <name>subd.obj</name>
      </input_file>
      <input_file id="fl-bb">
         <path>D:\ccs_new\ccsv6\tools\compiler\msp430_4.3.1\lib\</path>
         <kind>archive</kind>
         <file>rts430x_lc_sd_eabi.lib</file>
         <name>xfatan.obj</name>
      </input_file>
      <input_file id="fl-bc">
         <path>D:\ccs_new\ccsv6\tools\compiler\msp430_4.3.1\lib\</path>
         <kind>archive</kind>
         <file>rts430x_lc_sd_eabi.lib</file>
         <name>xfdscale.obj</name>
      </input_file>
      <input_file id="fl-bd">
         <path>D:\ccs_new\ccsv6\tools\compiler\msp430_4.3.1\lib\</path>
         <kind>archive</kind>
         <file>rts430x_lc_sd_eabi.lib</file>
         <name>xfdunsca.obj</name>
      </input_file>
      <input_file id="fl-be">
         <path>D:\ccs_new\ccsv6\tools\compiler\msp430_4.3.1\lib\</path>
         <kind>archive</kind>
         <file>rts430x_lc_sd_eabi.lib</file>
         <name>xferaise.obj</name>
      </input_file>
      <input_file id="fl-bf">
         <path>D:\ccs_new\ccsv6\tools\compiler\msp430_4.3.1\lib\</path>
         <kind>archive</kind>
         <file>rts430x_lc_sd_eabi.lib</file>
         <name>xfvalues.obj</name>
      </input_file>
      <input_file id="fl-c0">
         <path>D:\ccs_new\ccsv6\tools\compiler\msp430_4.3.1\lib\</path>
         <kind>archive</kind>
         <file>rts430x_lc_sd_eabi.lib</file>
         <name>_lock.obj</name>
      </input_file>
      <input_file id="fl-c1">
         <path>D:\ccs_new\ccsv6\tools\compiler\msp430_4.3.1\lib\</path>
         <kind>archive</kind>
         <file>rts430x_lc_sd_eabi.lib</file>
         <name>args_main.obj</name>
      </input_file>
      <input_file id="fl-c2">
         <path>D:\ccs_new\ccsv6\tools\compiler\msp430_4.3.1\lib\</path>
         <kind>archive</kind>
         <file>rts430x_lc_sd_eabi.lib</file>
         <name>asr32.obj</name>
      </input_file>
      <input_file id="fl-c3">
         <path>D:\ccs_new\ccsv6\tools\compiler\msp430_4.3.1\lib\</path>
         <kind>archive</kind>
         <file>rts430x_lc_sd_eabi.lib</file>
         <name>autoinit.obj</name>
      </input_file>
      <input_file id="fl-c4">
         <path>D:\ccs_new\ccsv6\tools\compiler\msp430_4.3.1\lib\</path>
         <kind>archive</kind>
         <file>rts430x_lc_sd_eabi.lib</file>
         <name>errno.obj</name>
      </input_file>
      <input_file id="fl-c5">
         <path>D:\ccs_new\ccsv6\tools\compiler\msp430_4.3.1\lib\</path>
         <kind>archive</kind>
         <file>rts430x_lc_sd_eabi.lib</file>
         <name>feraiseexcept.obj</name>
      </input_file>
      <input_file id="fl-c6">
         <path>D:\ccs_new\ccsv6\tools\compiler\msp430_4.3.1\lib\</path>
         <kind>archive</kind>
         <file>rts430x_lc_sd_eabi.lib</file>
         <name>frcmpyd.obj</name>
      </input_file>
      <input_file id="fl-c7">
         <path>D:\ccs_new\ccsv6\tools\compiler\msp430_4.3.1\lib\</path>
         <kind>archive</kind>
         <file>rts430x_lc_sd_eabi.lib</file>
         <name>llabs.obj</name>
      </input_file>
      <input_file id="fl-c8">
         <path>D:\ccs_new\ccsv6\tools\compiler\msp430_4.3.1\lib\</path>
         <kind>archive</kind>
         <file>rts430x_lc_sd_eabi.lib</file>
         <name>raise.obj</name>
      </input_file>
      <input_file id="fl-c9">
         <path>D:\ccs_new\ccsv6\tools\compiler\msp430_4.3.1\lib\</path>
         <kind>archive</kind>
         <file>rts430x_lc_sd_eabi.lib</file>
         <name>signal.obj</name>
      </input_file>
      <input_file id="fl-ca">
         <path>D:\ccs_new\ccsv6\tools\compiler\msp430_4.3.1\lib\</path>
         <kind>archive</kind>
         <file>rts430x_lc_sd_eabi.lib</file>
         <name>xfdnorm.obj</name>
      </input_file>
   </input_file_list>
   <object_component_list>
      <object_component id="oc-93">
         <name>.stack</name>
         <uninitialized>true</uninitialized>
         <run_address>0x41a8</run_address>
         <size>0x2</size>
         <input_file_ref idref="fl-79"/>
      </object_component>
      <object_component id="oc-f7f">
         <name>.stack</name>
         <uninitialized>true</uninitialized>
         <run_address>0x41a8</run_address>
         <size>0x0</size>
      </object_component>
      <object_component id="oc-6fa">
         <name>.text:WALK</name>
         <load_address>0x10000</load_address>
         <run_address>0x10000</run_address>
         <size>0x18da</size>
         <input_file_ref idref="fl-2"/>
      </object_component>
      <object_component id="oc-6f5">
         <name>.text:ACCEL</name>
         <load_address>0x118da</load_address>
         <run_address>0x118da</run_address>
         <size>0x158e</size>
         <input_file_ref idref="fl-2"/>
      </object_component>
      <object_component id="oc-33c">
         <name>.text:SPO2H</name>
         <load_address>0x12e68</load_address>
         <run_address>0x12e68</run_address>
         <size>0x119a</size>
         <input_file_ref idref="fl-9"/>
      </object_component>
      <object_component id="oc-4d2">
         <name>.text:HRCaculate</name>
         <load_address>0x14002</load_address>
         <run_address>0x14002</run_address>
         <size>0x562</size>
         <input_file_ref idref="fl-8"/>
      </object_component>
      <object_component id="oc-32e">
         <name>.text:HR</name>
         <load_address>0x14564</load_address>
         <run_address>0x14564</run_address>
         <size>0x522</size>
         <input_file_ref idref="fl-8"/>
      </object_component>
      <object_component id="oc-9ef">
         <name>.text:judgementone</name>
         <load_address>0x14a86</load_address>
         <run_address>0x14a86</run_address>
         <size>0x482</size>
         <input_file_ref idref="fl-2"/>
      </object_component>
      <object_component id="oc-324">
         <name>.text:Show_TranMenuMode</name>
         <load_address>0x14f08</load_address>
         <run_address>0x14f08</run_address>
         <size>0x464</size>
         <input_file_ref idref="fl-a"/>
      </object_component>
      <object_component id="oc-921">
         <name>.text:__TI_frcdivd</name>
         <load_address>0x1536c</load_address>
         <run_address>0x1536c</run_address>
         <size>0x456</size>
         <input_file_ref idref="fl-91"/>
      </object_component>
      <object_component id="oc-54f">
         <name>.text:findBP</name>
         <load_address>0x157c2</load_address>
         <run_address>0x157c2</run_address>
         <size>0x3f6</size>
         <input_file_ref idref="fl-4"/>
      </object_component>
      <object_component id="oc-12e">
         <name>.text:Show_MenuMode</name>
         <load_address>0x15bb8</load_address>
         <run_address>0x15bb8</run_address>
         <size>0x364</size>
         <input_file_ref idref="fl-a"/>
      </object_component>
      <object_component id="oc-904">
         <name>.text:__TI_frcmpyd</name>
         <load_address>0x15f1c</load_address>
         <run_address>0x15f1c</run_address>
         <size>0x2e8</size>
         <input_file_ref idref="fl-c6"/>
      </object_component>
      <object_component id="oc-69b">
         <name>.text:__mspabi_addd</name>
         <load_address>0x16204</load_address>
         <run_address>0x16204</run_address>
         <size>0x2d6</size>
         <input_file_ref idref="fl-77"/>
      </object_component>
      <object_component id="oc-ae">
         <name>.text:main</name>
         <load_address>0x164da</load_address>
         <run_address>0x164da</run_address>
         <size>0x2d4</size>
         <input_file_ref idref="fl-47"/>
      </object_component>
      <object_component id="oc-580">
         <name>.text:wave</name>
         <load_address>0x167ae</load_address>
         <run_address>0x167ae</run_address>
         <size>0x2c6</size>
         <input_file_ref idref="fl-9"/>
      </object_component>
      <object_component id="oc-115">
         <name>.text:ILI9325_CMO24_Initial</name>
         <load_address>0x16a74</load_address>
         <run_address>0x16a74</run_address>
         <size>0x2ba</size>
         <input_file_ref idref="fl-a"/>
      </object_component>
      <object_component id="oc-63c">
         <name>.text:__mspabi_mpyd</name>
         <load_address>0x16d2e</load_address>
         <run_address>0x16d2e</run_address>
         <size>0x280</size>
         <input_file_ref idref="fl-b4"/>
      </object_component>
      <object_component id="oc-933">
         <name>.text:__TI_frcaddd</name>
         <load_address>0x16fae</load_address>
         <run_address>0x16fae</run_address>
         <size>0x26a</size>
         <input_file_ref idref="fl-90"/>
      </object_component>
      <object_component id="oc-54a">
         <name>.text:int_findpk</name>
         <load_address>0x17218</load_address>
         <run_address>0x17218</run_address>
         <size>0x240</size>
         <input_file_ref idref="fl-4"/>
      </object_component>
      <object_component id="oc-64b">
         <name>.text:__mspabi_divd</name>
         <load_address>0x17458</load_address>
         <run_address>0x17458</run_address>
         <size>0x220</size>
         <input_file_ref idref="fl-85"/>
      </object_component>
      <object_component id="oc-335">
         <name>.text:BP</name>
         <load_address>0x17678</load_address>
         <run_address>0x17678</run_address>
         <size>0x21c</size>
         <input_file_ref idref="fl-4"/>
      </object_component>
      <object_component id="oc-1bc">
         <name>.text:HidToBufferFromHost</name>
         <load_address>0x17894</load_address>
         <run_address>0x17894</run_address>
         <size>0x1f2</size>
         <input_file_ref idref="fl-12"/>
      </object_component>
      <object_component id="oc-158">
         <name>.text:transmit_menu</name>
         <load_address>0x17a86</load_address>
         <run_address>0x17a86</run_address>
         <size>0x1da</size>
         <input_file_ref idref="fl-47"/>
      </object_component>
      <object_component id="oc-86e">
         <name>.text:floor</name>
         <load_address>0x17c60</load_address>
         <run_address>0x17c60</run_address>
         <size>0x1c4</size>
         <input_file_ref idref="fl-8b"/>
      </object_component>
      <object_component id="oc-1ac">
         <name>.text:HidToHostFromBuffer</name>
         <load_address>0x17e24</load_address>
         <run_address>0x17e24</run_address>
         <size>0x1c2</size>
         <input_file_ref idref="fl-12"/>
      </object_component>
      <object_component id="oc-78d">
         <name>.text:PMM_setVCoreUp</name>
         <load_address>0x17fe6</load_address>
         <run_address>0x17fe6</run_address>
         <size>0x17e</size>
         <input_file_ref idref="fl-31"/>
      </object_component>
      <object_component id="oc-c0d">
         <name>.text:UCS_initFLL</name>
         <load_address>0x18164</load_address>
         <run_address>0x18164</run_address>
         <size>0x166</size>
         <input_file_ref idref="fl-23"/>
      </object_component>
      <object_component id="oc-190">
         <name>.text:USB_reset</name>
         <load_address>0x182ca</load_address>
         <run_address>0x182ca</run_address>
         <size>0x14e</size>
         <input_file_ref idref="fl-10"/>
      </object_component>
      <object_component id="oc-798">
         <name>.text:UCS_clockSignalInit</name>
         <load_address>0x18418</load_address>
         <run_address>0x18418</run_address>
         <size>0x14a</size>
         <input_file_ref idref="fl-23"/>
      </object_component>
      <object_component id="oc-124">
         <name>.text:Show_splash</name>
         <load_address>0x18562</load_address>
         <run_address>0x18562</run_address>
         <size>0x13c</size>
         <input_file_ref idref="fl-a"/>
      </object_component>
      <object_component id="oc-c1a">
         <name>.text:USB_InitSerialStringDescriptor</name>
         <load_address>0x1869e</load_address>
         <run_address>0x1869e</run_address>
         <size>0x13a</size>
         <input_file_ref idref="fl-10"/>
      </object_component>
      <object_component id="oc-66b">
         <name>.text</name>
         <load_address>0x187d8</load_address>
         <run_address>0x187d8</run_address>
         <size>0x130</size>
         <input_file_ref idref="fl-92"/>
      </object_component>
      <object_component id="oc-cc4">
         <name>.text:_FAtan</name>
         <load_address>0x18908</load_address>
         <run_address>0x18908</run_address>
         <size>0x12e</size>
         <input_file_ref idref="fl-bb"/>
      </object_component>
      <object_component id="oc-98f">
         <name>.text:sqrtf</name>
         <load_address>0x18a36</load_address>
         <run_address>0x18a36</run_address>
         <size>0x118</size>
         <input_file_ref idref="fl-b9"/>
      </object_component>
      <object_component id="oc-cb3">
         <name>.text:_FDscale</name>
         <load_address>0x18b4e</load_address>
         <run_address>0x18b4e</run_address>
         <size>0x114</size>
         <input_file_ref idref="fl-bc"/>
      </object_component>
      <object_component id="oc-792">
         <name>.text:PMM_setVCoreDown</name>
         <load_address>0x18c62</load_address>
         <run_address>0x18c62</run_address>
         <size>0x112</size>
         <input_file_ref idref="fl-31"/>
      </object_component>
      <object_component id="oc-525">
         <name>.text:drawbpletter</name>
         <load_address>0x18d74</load_address>
         <run_address>0x18d74</run_address>
         <size>0x10a</size>
         <input_file_ref idref="fl-4"/>
      </object_component>
      <object_component id="oc-343">
         <name>.text:ACCELMENU</name>
         <load_address>0x18e7e</load_address>
         <run_address>0x18e7e</run_address>
         <size>0x108</size>
         <input_file_ref idref="fl-2"/>
      </object_component>
      <object_component id="oc-bdd">
         <name>.text:privateGPIOGetBaseAddress</name>
         <load_address>0x18f86</load_address>
         <run_address>0x18f86</run_address>
         <size>0x106</size>
         <input_file_ref idref="fl-35"/>
      </object_component>
      <object_component id="oc-545">
         <name>.text:smooth</name>
         <load_address>0x1908c</load_address>
         <run_address>0x1908c</run_address>
         <size>0x106</size>
         <input_file_ref idref="fl-4"/>
      </object_component>
      <object_component id="oc-241">
         <name>.text:SetVCoreUp</name>
         <load_address>0x19192</load_address>
         <run_address>0x19192</run_address>
         <size>0xf6</size>
         <input_file_ref idref="fl-b"/>
      </object_component>
      <object_component id="oc-36d">
         <name>.text:USB_enable</name>
         <load_address>0x19288</load_address>
         <run_address>0x19288</run_address>
         <size>0xf4</size>
         <input_file_ref idref="fl-10"/>
      </object_component>
      <object_component id="oc-151">
         <name>.text:on_red</name>
         <load_address>0x1937c</load_address>
         <run_address>0x1937c</run_address>
         <size>0xf4</size>
         <input_file_ref idref="fl-9"/>
      </object_component>
      <object_component id="oc-1e9">
         <name>.text:DRAW_LINE</name>
         <load_address>0x19470</load_address>
         <run_address>0x19470</run_address>
         <size>0xf2</size>
         <input_file_ref idref="fl-a"/>
      </object_component>
      <object_component id="oc-567">
         <name>.text:SpO2_lcd</name>
         <load_address>0x19562</load_address>
         <run_address>0x19562</run_address>
         <size>0xf2</size>
         <input_file_ref idref="fl-9"/>
      </object_component>
      <object_component id="oc-353">
         <name>.text:usbDecodeAndProcessUsbRequest</name>
         <load_address>0x19654</load_address>
         <run_address>0x19654</run_address>
         <size>0xea</size>
         <input_file_ref idref="fl-10"/>
      </object_component>
      <object_component id="oc-7f3">
         <name>.text:USBHID_intfStatus</name>
         <load_address>0x1973e</load_address>
         <run_address>0x1973e</run_address>
         <size>0xe6</size>
         <input_file_ref idref="fl-12"/>
      </object_component>
      <object_component id="oc-57b">
         <name>.text:on_ired</name>
         <load_address>0x19824</load_address>
         <run_address>0x19824</run_address>
         <size>0xe6</size>
         <input_file_ref idref="fl-9"/>
      </object_component>
      <object_component id="oc-70f">
         <name>.text:GPIO_setAsPeripheralModuleFunctionOutputPin</name>
         <load_address>0x1990a</load_address>
         <run_address>0x1990a</run_address>
         <size>0xd8</size>
         <input_file_ref idref="fl-35"/>
      </object_component>
      <object_component id="oc-129">
         <name>.text:Show_MenuTheme</name>
         <load_address>0x199e2</load_address>
         <run_address>0x199e2</run_address>
         <size>0xd8</size>
         <input_file_ref idref="fl-a"/>
      </object_component>
      <object_component id="oc-df">
         <name>.text:__TI_decompress_rle_core</name>
         <load_address>0x19aba</load_address>
         <run_address>0x19aba</run_address>
         <size>0xd8</size>
         <input_file_ref idref="fl-7c"/>
      </object_component>
      <object_component id="oc-b24">
         <name>.text:__mspabi_cmpd</name>
         <load_address>0x19b92</load_address>
         <run_address>0x19b92</run_address>
         <size>0xd8</size>
         <input_file_ref idref="fl-7a"/>
      </object_component>
      <object_component id="oc-3cb">
         <name>.text:HidCopyUsbToBuff</name>
         <load_address>0x19c6a</load_address>
         <run_address>0x19c6a</run_address>
         <size>0xd6</size>
         <input_file_ref idref="fl-12"/>
      </object_component>
      <object_component id="oc-6f0">
         <name>.text:Show_ACCELMenuMode</name>
         <load_address>0x19d40</load_address>
         <run_address>0x19d40</run_address>
         <size>0xd6</size>
         <input_file_ref idref="fl-a"/>
      </object_component>
      <object_component id="oc-366">
         <name>.text:USB_determineFreq</name>
         <load_address>0x19e16</load_address>
         <run_address>0x19e16</run_address>
         <size>0xba</size>
         <input_file_ref idref="fl-10"/>
      </object_component>
      <object_component id="oc-99c">
         <name>.text:atanf</name>
         <load_address>0x19ed0</load_address>
         <run_address>0x19ed0</run_address>
         <size>0xb8</size>
         <input_file_ref idref="fl-78"/>
      </object_component>
      <object_component id="oc-987">
         <name>.text</name>
         <load_address>0x19f88</load_address>
         <run_address>0x19f88</run_address>
         <size>0xb6</size>
         <input_file_ref idref="fl-96"/>
      </object_component>
      <object_component id="oc-c96">
         <name>.text:__TI_renormd</name>
         <load_address>0x1a03e</load_address>
         <run_address>0x1a03e</run_address>
         <size>0xb4</size>
         <input_file_ref idref="fl-b8"/>
      </object_component>
      <object_component id="oc-fd">
         <name>.text:scankey</name>
         <load_address>0x1a0f2</load_address>
         <run_address>0x1a0f2</run_address>
         <size>0xb0</size>
         <input_file_ref idref="fl-7"/>
      </object_component>
      <object_component id="oc-246">
         <name>.text:SetVCoreDown</name>
         <load_address>0x1a1a2</load_address>
         <run_address>0x1a1a2</run_address>
         <size>0xae</size>
         <input_file_ref idref="fl-b"/>
      </object_component>
      <object_component id="oc-7ac">
         <name>.text:USB_init</name>
         <load_address>0x1a250</load_address>
         <run_address>0x1a250</run_address>
         <size>0xae</size>
         <input_file_ref idref="fl-10"/>
      </object_component>
      <object_component id="oc-e16">
         <name>.text:memcpyDMA</name>
         <load_address>0x1a2fe</load_address>
         <run_address>0x1a2fe</run_address>
         <size>0xac</size>
         <input_file_ref idref="fl-f"/>
      </object_component>
      <object_component id="oc-bb7">
         <name>.text:usbGetEndpointStatus</name>
         <load_address>0x1a3aa</load_address>
         <run_address>0x1a3aa</run_address>
         <size>0xa6</size>
         <input_file_ref idref="fl-10"/>
      </object_component>
      <object_component id="oc-e11">
         <name>.text:DMA_init</name>
         <load_address>0x1a450</load_address>
         <run_address>0x1a450</run_address>
         <size>0xa0</size>
         <input_file_ref idref="fl-3e"/>
      </object_component>
      <object_component id="oc-7f8">
         <name>.text:USBHID_sendData</name>
         <load_address>0x1a4f0</load_address>
         <run_address>0x1a4f0</run_address>
         <size>0xa0</size>
         <input_file_ref idref="fl-12"/>
      </object_component>
      <object_component id="oc-505">
         <name>.text:hidSendDataInBackground</name>
         <load_address>0x1a590</load_address>
         <run_address>0x1a590</run_address>
         <size>0xa0</size>
         <input_file_ref idref="fl-18"/>
      </object_component>
      <object_component id="oc-491">
         <name>.text:Show_ALLTHEME</name>
         <load_address>0x1a630</load_address>
         <run_address>0x1a630</run_address>
         <size>0x98</size>
         <input_file_ref idref="fl-a"/>
      </object_component>
      <object_component id="oc-8fd">
         <name>.text:__mspabi_fltlid</name>
         <load_address>0x1a6c8</load_address>
         <run_address>0x1a6c8</run_address>
         <size>0x94</size>
         <input_file_ref idref="fl-8d"/>
      </object_component>
      <object_component id="oc-77e">
         <name>.text:DRAW_Heart</name>
         <load_address>0x1a75c</load_address>
         <run_address>0x1a75c</run_address>
         <size>0x90</size>
         <input_file_ref idref="fl-a"/>
      </object_component>
      <object_component id="oc-4da">
         <name>.text:DRAW_NUM</name>
         <load_address>0x1a7ec</load_address>
         <run_address>0x1a7ec</run_address>
         <size>0x8e</size>
         <input_file_ref idref="fl-a"/>
      </object_component>
      <object_component id="oc-133">
         <name>.text:Show_Select</name>
         <load_address>0x1a87a</load_address>
         <run_address>0x1a87a</run_address>
         <size>0x8e</size>
         <input_file_ref idref="fl-a"/>
      </object_component>
      <object_component id="oc-667">
         <name>.text</name>
         <load_address>0x1a908</load_address>
         <run_address>0x1a908</run_address>
         <size>0x8e</size>
         <input_file_ref idref="fl-94"/>
      </object_component>
      <object_component id="oc-e40">
         <name>.text:_FDnorm</name>
         <load_address>0x1a996</load_address>
         <run_address>0x1a996</run_address>
         <size>0x8c</size>
         <input_file_ref idref="fl-ca"/>
      </object_component>
      <object_component id="oc-641">
         <name>.text:__mspabi_cvtdf</name>
         <load_address>0x1aa22</load_address>
         <run_address>0x1aa22</run_address>
         <size>0x8c</size>
         <input_file_ref idref="fl-7f"/>
      </object_component>
      <object_component id="oc-785">
         <name>.text:DRAW_Other</name>
         <load_address>0x1aaae</load_address>
         <run_address>0x1aaae</run_address>
         <size>0x8a</size>
         <input_file_ref idref="fl-a"/>
      </object_component>
      <object_component id="oc-538">
         <name>.text:int_aerate</name>
         <load_address>0x1ab38</load_address>
         <run_address>0x1ab38</run_address>
         <size>0x84</size>
         <input_file_ref idref="fl-4"/>
      </object_component>
      <object_component id="oc-2cb">
         <name>.text:DRAW_Mi</name>
         <load_address>0x1abbc</load_address>
         <run_address>0x1abbc</run_address>
         <size>0x82</size>
         <input_file_ref idref="fl-a"/>
      </object_component>
      <object_component id="oc-2bf">
         <name>.text:DRAW_Mifan</name>
         <load_address>0x1ac3e</load_address>
         <run_address>0x1ac3e</run_address>
         <size>0x82</size>
         <input_file_ref idref="fl-a"/>
      </object_component>
      <object_component id="oc-2b3">
         <name>.text:DRAW_NUM1</name>
         <load_address>0x1acc0</load_address>
         <run_address>0x1acc0</run_address>
         <size>0x82</size>
         <input_file_ref idref="fl-a"/>
      </object_component>
      <object_component id="oc-489">
         <name>.text:DRAW_NUM1fan</name>
         <load_address>0x1ad42</load_address>
         <run_address>0x1ad42</run_address>
         <size>0x82</size>
         <input_file_ref idref="fl-a"/>
      </object_component>
      <object_component id="oc-290">
         <name>.text:DRAW_han1616</name>
         <load_address>0x1adc4</load_address>
         <run_address>0x1adc4</run_address>
         <size>0x82</size>
         <input_file_ref idref="fl-a"/>
      </object_component>
      <object_component id="oc-498">
         <name>.text:PMM_setVCore</name>
         <load_address>0x1ae46</load_address>
         <run_address>0x1ae46</run_address>
         <size>0x82</size>
         <input_file_ref idref="fl-31"/>
      </object_component>
      <object_component id="oc-49d">
         <name>.text:initClocks</name>
         <load_address>0x1aec8</load_address>
         <run_address>0x1aec8</run_address>
         <size>0x82</size>
         <input_file_ref idref="fl-c"/>
      </object_component>
      <object_component id="oc-283">
         <name>.text:DRAW_NUM4848</name>
         <load_address>0x1af4a</load_address>
         <run_address>0x1af4a</run_address>
         <size>0x80</size>
         <input_file_ref idref="fl-a"/>
      </object_component>
      <object_component id="oc-26e">
         <name>.text:DRAW_han4848</name>
         <load_address>0x1afca</load_address>
         <run_address>0x1afca</run_address>
         <size>0x80</size>
         <input_file_ref idref="fl-a"/>
      </object_component>
      <object_component id="oc-2a6">
         <name>.text:DRAW_han</name>
         <load_address>0x1b04a</load_address>
         <run_address>0x1b04a</run_address>
         <size>0x80</size>
         <input_file_ref idref="fl-a"/>
      </object_component>
      <object_component id="oc-2c6">
         <name>.text:DRAW_hanfan</name>
         <load_address>0x1b0ca</load_address>
         <run_address>0x1b0ca</run_address>
         <size>0x80</size>
         <input_file_ref idref="fl-a"/>
      </object_component>
      <object_component id="oc-17b">
         <name>.text:PWRVBUSoffHandler</name>
         <load_address>0x1b14a</load_address>
         <run_address>0x1b14a</run_address>
         <size>0x7e</size>
         <input_file_ref idref="fl-1a"/>
      </object_component>
      <object_component id="oc-dfa">
         <name>.text:TLV_getInfo</name>
         <load_address>0x1b1c8</load_address>
         <run_address>0x1b1c8</run_address>
         <size>0x7e</size>
         <input_file_ref idref="fl-24"/>
      </object_component>
      <object_component id="oc-714">
         <name>.text:UCS_XT2StartWithTimeout</name>
         <load_address>0x1b246</load_address>
         <run_address>0x1b246</run_address>
         <size>0x7e</size>
         <input_file_ref idref="fl-23"/>
      </object_component>
      <object_component id="oc-37d">
         <name>.text:usbSendNextPacketOnIEP0</name>
         <load_address>0x1b2c4</load_address>
         <run_address>0x1b2c4</run_address>
         <size>0x7e</size>
         <input_file_ref idref="fl-10"/>
      </object_component>
      <object_component id="oc-4f2">
         <name>.text:ltoa</name>
         <load_address>0x1b342</load_address>
         <run_address>0x1b342</run_address>
         <size>0x7c</size>
         <input_file_ref idref="fl-b0"/>
      </object_component>
      <object_component id="oc-c51">
         <name>.text:__mspabi_fltuld</name>
         <load_address>0x1b3be</load_address>
         <run_address>0x1b3be</run_address>
         <size>0x76</size>
         <input_file_ref idref="fl-8f"/>
      </object_component>
      <object_component id="oc-a9">
         <name>.text:_auto_init</name>
         <load_address>0x1b434</load_address>
         <run_address>0x1b434</run_address>
         <size>0x70</size>
         <input_file_ref idref="fl-c3"/>
      </object_component>
      <object_component id="oc-ba3">
         <name>.text:usbGetStringDescriptor</name>
         <load_address>0x1b4a4</load_address>
         <run_address>0x1b4a4</run_address>
         <size>0x6e</size>
         <input_file_ref idref="fl-10"/>
      </object_component>
      <object_component id="oc-170">
         <name>.text:PWRVBUSonHandler</name>
         <load_address>0x1b512</load_address>
         <run_address>0x1b512</run_address>
         <size>0x6c</size>
         <input_file_ref idref="fl-1a"/>
      </object_component>
      <object_component id="oc-11a">
         <name>.text:SPILCD_SetWindow</name>
         <load_address>0x1b57e</load_address>
         <run_address>0x1b57e</run_address>
         <size>0x6c</size>
         <input_file_ref idref="fl-a"/>
      </object_component>
      <object_component id="oc-110">
         <name>.text:SetVCore</name>
         <load_address>0x1b5ea</load_address>
         <run_address>0x1b5ea</run_address>
         <size>0x6a</size>
         <input_file_ref idref="fl-b"/>
      </object_component>
      <object_component id="oc-c64">
         <name>.text:__mspabi_fixdul</name>
         <load_address>0x1b654</load_address>
         <run_address>0x1b654</run_address>
         <size>0x68</size>
         <input_file_ref idref="fl-8a"/>
      </object_component>
      <object_component id="oc-8eb">
         <name>.text</name>
         <load_address>0x1b6bc</load_address>
         <run_address>0x1b6bc</run_address>
         <size>0x68</size>
         <input_file_ref idref="fl-98"/>
      </object_component>
      <object_component id="oc-384">
         <name>.text:usbReceiveNextPacketOnOEP0</name>
         <load_address>0x1b724</load_address>
         <run_address>0x1b724</run_address>
         <size>0x68</size>
         <input_file_ref idref="fl-10"/>
      </object_component>
      <object_component id="oc-928">
         <name>.text:__mspabi_fixdli</name>
         <load_address>0x1b78c</load_address>
         <run_address>0x1b78c</run_address>
         <size>0x66</size>
         <input_file_ref idref="fl-88"/>
      </object_component>
      <object_component id="oc-cae">
         <name>.text:_FDunscale</name>
         <load_address>0x1b7f2</load_address>
         <run_address>0x1b7f2</run_address>
         <size>0x64</size>
         <input_file_ref idref="fl-bd"/>
      </object_component>
      <object_component id="oc-646">
         <name>.text:__mspabi_cvtfd</name>
         <load_address>0x1b856</load_address>
         <run_address>0x1b856</run_address>
         <size>0x64</size>
         <input_file_ref idref="fl-80"/>
      </object_component>
      <object_component id="oc-6d9">
         <name>.text:convertTwoDigBinToASCII</name>
         <load_address>0x1b8ba</load_address>
         <run_address>0x1b8ba</run_address>
         <size>0x64</size>
         <input_file_ref idref="fl-8"/>
      </object_component>
      <object_component id="oc-e92">
         <name>.text:DMA_setDstAddress</name>
         <load_address>0x1b91e</load_address>
         <run_address>0x1b91e</run_address>
         <size>0x60</size>
         <input_file_ref idref="fl-3e"/>
      </object_component>
      <object_component id="oc-e8d">
         <name>.text:DMA_setSrcAddress</name>
         <load_address>0x1b97e</load_address>
         <run_address>0x1b97e</run_address>
         <size>0x5c</size>
         <input_file_ref idref="fl-3e"/>
      </object_component>
      <object_component id="oc-164">
         <name>.text:SetupPacketInterruptHandler</name>
         <load_address>0x1b9da</load_address>
         <run_address>0x1b9da</run_address>
         <size>0x5c</size>
         <input_file_ref idref="fl-1a"/>
      </object_component>
      <object_component id="oc-1dd">
         <name>.text:SPILCD_Clear_Lim</name>
         <load_address>0x1ba36</load_address>
         <run_address>0x1ba36</run_address>
         <size>0x58</size>
         <input_file_ref idref="fl-a"/>
      </object_component>
      <object_component id="oc-7a5">
         <name>.text:UCS_initFLLSettle</name>
         <load_address>0x1ba8e</load_address>
         <run_address>0x1ba8e</run_address>
         <size>0x58</size>
         <input_file_ref idref="fl-23"/>
      </object_component>
      <object_component id="oc-79d">
         <name>.text</name>
         <load_address>0x1bae6</load_address>
         <run_address>0x1bae6</run_address>
         <size>0x58</size>
         <input_file_ref idref="fl-84"/>
      </object_component>
      <object_component id="oc-bcb">
         <name>.text:usbSetEndpointFeature</name>
         <load_address>0x1bb3e</load_address>
         <run_address>0x1bb3e</run_address>
         <size>0x56</size>
         <input_file_ref idref="fl-10"/>
      </object_component>
      <object_component id="oc-11f">
         <name>.text:SPILCD_Clear</name>
         <load_address>0x1bb94</load_address>
         <run_address>0x1bb94</run_address>
         <size>0x54</size>
         <input_file_ref idref="fl-a"/>
      </object_component>
      <object_component id="oc-b8f">
         <name>.text:usbClearEndpointFeature</name>
         <load_address>0x1bbe8</load_address>
         <run_address>0x1bbe8</run_address>
         <size>0x54</size>
         <input_file_ref idref="fl-10"/>
      </object_component>
      <object_component id="oc-4a2">
         <name>.text:ADC12_IO_Init</name>
         <load_address>0x1bc3c</load_address>
         <run_address>0x1bc3c</run_address>
         <size>0x4e</size>
         <input_file_ref idref="fl-8"/>
      </object_component>
      <object_component id="oc-c1f">
         <name>.text:USB_initMemcpy</name>
         <load_address>0x1bc8a</load_address>
         <run_address>0x1bc8a</run_address>
         <size>0x4e</size>
         <input_file_ref idref="fl-f"/>
      </object_component>
      <object_component id="oc-4ff">
         <name>.text:bcUartSend_char</name>
         <load_address>0x1bcd8</load_address>
         <run_address>0x1bcd8</run_address>
         <size>0x4e</size>
         <input_file_ref idref="fl-d"/>
      </object_component>
      <object_component id="oc-9b5">
         <name>.text</name>
         <load_address>0x1bd26</load_address>
         <run_address>0x1bd26</run_address>
         <size>0x4a</size>
         <input_file_ref idref="fl-93"/>
      </object_component>
      <object_component id="oc-576">
         <name>.text:ad</name>
         <load_address>0x1bd70</load_address>
         <run_address>0x1bd70</run_address>
         <size>0x48</size>
         <input_file_ref idref="fl-9"/>
      </object_component>
      <object_component id="oc-e0a">
         <name>.text:memcpyV</name>
         <load_address>0x1bdb8</load_address>
         <run_address>0x1bdb8</run_address>
         <size>0x48</size>
         <input_file_ref idref="fl-f"/>
      </object_component>
      <object_component id="oc-4c6">
         <name>.text:USB_setup</name>
         <load_address>0x1be00</load_address>
         <run_address>0x1be00</run_address>
         <size>0x46</size>
         <input_file_ref idref="fl-10"/>
      </object_component>
      <object_component id="oc-592">
         <name>.text:save</name>
         <load_address>0x1be46</load_address>
         <run_address>0x1be46</run_address>
         <size>0x46</size>
         <input_file_ref idref="fl-9"/>
      </object_component>
      <object_component id="oc-52a">
         <name>.text:int_adc12</name>
         <load_address>0x1be8c</load_address>
         <run_address>0x1be8c</run_address>
         <size>0x44</size>
         <input_file_ref idref="fl-4"/>
      </object_component>
      <object_component id="oc-96f">
         <name>.text:Init_ADC</name>
         <load_address>0x1bed0</load_address>
         <run_address>0x1bed0</run_address>
         <size>0x42</size>
         <input_file_ref idref="fl-2"/>
      </object_component>
      <object_component id="oc-18b">
         <name>.text:OEP0InterruptHandler</name>
         <load_address>0x1bf12</load_address>
         <run_address>0x1bf12</run_address>
         <size>0x40</size>
         <input_file_ref idref="fl-1a"/>
      </object_component>
      <object_component id="oc-7b6">
         <name>.text:USB_connectionInfo</name>
         <load_address>0x1bf52</load_address>
         <run_address>0x1bf52</run_address>
         <size>0x40</size>
         <input_file_ref idref="fl-10"/>
      </object_component>
      <object_component id="oc-cd">
         <name>.text:__memcpy_far</name>
         <load_address>0x1bf92</load_address>
         <run_address>0x1bf92</run_address>
         <size>0x40</size>
         <input_file_ref idref="fl-7e"/>
      </object_component>
      <object_component id="oc-7eb">
         <name>.text</name>
         <load_address>0x1bfd2</load_address>
         <run_address>0x1bfd2</run_address>
         <size>0x40</size>
         <input_file_ref idref="fl-83"/>
      </object_component>
      <object_component id="oc-89">
         <name>.text:decompress:ZI:__TI_zero_init</name>
         <load_address>0x1c012</load_address>
         <run_address>0x1c012</run_address>
         <size>0x3e</size>
         <input_file_ref idref="fl-7d"/>
      </object_component>
      <object_component id="oc-91b">
         <name>.text:l_asr_const</name>
         <load_address>0x1c050</load_address>
         <run_address>0x1c050</run_address>
         <size>0x3e</size>
         <input_file_ref idref="fl-c2"/>
      </object_component>
      <object_component id="oc-910">
         <name>.text:l_lsl_const</name>
         <load_address>0x1c08e</load_address>
         <run_address>0x1c08e</run_address>
         <size>0x3e</size>
         <input_file_ref idref="fl-ad"/>
      </object_component>
      <object_component id="oc-7a1">
         <name>.text:l_lsr_const</name>
         <load_address>0x1c0cc</load_address>
         <run_address>0x1c0cc</run_address>
         <size>0x3e</size>
         <input_file_ref idref="fl-af"/>
      </object_component>
      <object_component id="oc-d81">
         <name>.text:USBHID_handleEP0GetReport</name>
         <load_address>0x1c10a</load_address>
         <run_address>0x1c10a</run_address>
         <size>0x3c</size>
         <input_file_ref idref="fl-17"/>
      </object_component>
      <object_component id="oc-d8d">
         <name>.text:USBHID_handleEP0SetReport</name>
         <load_address>0x1c146</load_address>
         <run_address>0x1c146</run_address>
         <size>0x3c</size>
         <input_file_ref idref="fl-17"/>
      </object_component>
      <object_component id="oc-84">
         <name>.text:decompress:none:__TI_decompress_none</name>
         <load_address>0x1c182</load_address>
         <run_address>0x1c182</run_address>
         <size>0x3c</size>
         <input_file_ref idref="fl-7b"/>
      </object_component>
      <object_component id="oc-14c">
         <name>.text:int_dac</name>
         <load_address>0x1c1be</load_address>
         <run_address>0x1c1be</run_address>
         <size>0x3c</size>
         <input_file_ref idref="fl-9"/>
      </object_component>
      <object_component id="oc-24c">
         <name>.text:Delayms</name>
         <load_address>0x1c1fa</load_address>
         <run_address>0x1c1fa</run_address>
         <size>0x3a</size>
         <input_file_ref idref="fl-a"/>
      </object_component>
      <object_component id="oc-398">
         <name>.text:HidResetData</name>
         <load_address>0x1c234</load_address>
         <run_address>0x1c234</run_address>
         <size>0x3a</size>
         <input_file_ref idref="fl-12"/>
      </object_component>
      <object_component id="oc-c5d">
         <name>.text:__mspabi_sllll</name>
         <load_address>0x1c26e</load_address>
         <run_address>0x1c26e</run_address>
         <size>0x3a</size>
         <input_file_ref idref="fl-ab"/>
      </object_component>
      <object_component id="oc-c58">
         <name>.text:__mspabi_srlll</name>
         <load_address>0x1c2a8</load_address>
         <run_address>0x1c2a8</run_address>
         <size>0x3a</size>
         <input_file_ref idref="fl-ab"/>
      </object_component>
      <object_component id="oc-144">
         <name>.text:Show_ButtonS1</name>
         <load_address>0x1c2e2</load_address>
         <run_address>0x1c2e2</run_address>
         <size>0x38</size>
         <input_file_ref idref="fl-a"/>
      </object_component>
      <object_component id="oc-15d">
         <name>.text:Show_ButtonS4</name>
         <load_address>0x1c31a</load_address>
         <run_address>0x1c31a</run_address>
         <size>0x38</size>
         <input_file_ref idref="fl-a"/>
      </object_component>
      <object_component id="oc-56c">
         <name>.text:int_adc</name>
         <load_address>0x1c352</load_address>
         <run_address>0x1c352</run_address>
         <size>0x38</size>
         <input_file_ref idref="fl-9"/>
      </object_component>
      <object_component id="oc-58d">
         <name>.text:NONUSE_LCD</name>
         <load_address>0x1c38a</load_address>
         <run_address>0x1c38a</run_address>
         <size>0x36</size>
         <input_file_ref idref="fl-a"/>
      </object_component>
      <object_component id="oc-663">
         <name>.text</name>
         <load_address>0x1c3c0</load_address>
         <run_address>0x1c3c0</run_address>
         <size>0x36</size>
         <input_file_ref idref="fl-95"/>
      </object_component>
      <object_component id="oc-eed">
         <name>.text:signal</name>
         <load_address>0x1c3f6</load_address>
         <run_address>0x1c3f6</run_address>
         <size>0x36</size>
         <input_file_ref idref="fl-c9"/>
      </object_component>
      <object_component id="oc-b7b">
         <name>.text:usbSetReport</name>
         <load_address>0x1c42c</load_address>
         <run_address>0x1c42c</run_address>
         <size>0x34</size>
         <input_file_ref idref="fl-11"/>
      </object_component>
      <object_component id="oc-6a5">
         <name>.text:USE_LCD</name>
         <load_address>0x1c460</load_address>
         <run_address>0x1c460</run_address>
         <size>0x32</size>
         <input_file_ref idref="fl-a"/>
      </object_component>
      <object_component id="oc-cb8">
         <name>.text:_Feraise</name>
         <load_address>0x1c492</load_address>
         <run_address>0x1c492</run_address>
         <size>0x32</size>
         <input_file_ref idref="fl-be"/>
      </object_component>
      <object_component id="oc-106">
         <name>.text:init_key</name>
         <load_address>0x1c4c4</load_address>
         <run_address>0x1c4c4</run_address>
         <size>0x32</size>
         <input_file_ref idref="fl-7"/>
      </object_component>
      <object_component id="oc-ec4">
         <name>.text:raise</name>
         <load_address>0x1c4f6</load_address>
         <run_address>0x1c4f6</run_address>
         <size>0x32</size>
         <input_file_ref idref="fl-c8"/>
      </object_component>
      <object_component id="oc-bc1">
         <name>.text:usbSetConfiguration</name>
         <load_address>0x1c528</load_address>
         <run_address>0x1c528</run_address>
         <size>0x32</size>
         <input_file_ref idref="fl-10"/>
      </object_component>
      <object_component id="oc-3ec">
         <name>.text:DRAW_POINT</name>
         <load_address>0x1c55a</load_address>
         <run_address>0x1c55a</run_address>
         <size>0x30</size>
         <input_file_ref idref="fl-a"/>
      </object_component>
      <object_component id="oc-e49">
         <name>.text:feraiseexcept</name>
         <load_address>0x1c58a</load_address>
         <run_address>0x1c58a</run_address>
         <size>0x30</size>
         <input_file_ref idref="fl-c5"/>
      </object_component>
      <object_component id="oc-c2b">
         <name>.text:usbDisableInEndpointInterrupt</name>
         <load_address>0x1c5ba</load_address>
         <run_address>0x1c5ba</run_address>
         <size>0x30</size>
         <input_file_ref idref="fl-10"/>
      </object_component>
      <object_component id="oc-c30">
         <name>.text:usbDisableOutEndpointInterrupt</name>
         <load_address>0x1c5ea</load_address>
         <run_address>0x1c5ea</run_address>
         <size>0x30</size>
         <input_file_ref idref="fl-10"/>
      </object_component>
      <object_component id="oc-bad">
         <name>.text:usbGetDeviceStatus</name>
         <load_address>0x1c61a</load_address>
         <run_address>0x1c61a</run_address>
         <size>0x30</size>
         <input_file_ref idref="fl-10"/>
      </object_component>
      <object_component id="oc-d86">
         <name>.text:usbSendDataPacketOnEP0</name>
         <load_address>0x1c64a</load_address>
         <run_address>0x1c64a</run_address>
         <size>0x30</size>
         <input_file_ref idref="fl-10"/>
      </object_component>
      <object_component id="oc-894">
         <name>.text:__mspabi_subd</name>
         <load_address>0x1c67a</load_address>
         <run_address>0x1c67a</run_address>
         <size>0x2e</size>
         <input_file_ref idref="fl-ba"/>
      </object_component>
      <object_component id="oc-1d7">
         <name>.text</name>
         <load_address>0x1c6a8</load_address>
         <run_address>0x1c6a8</run_address>
         <size>0x2c</size>
         <input_file_ref idref="fl-81"/>
      </object_component>
      <object_component id="oc-4f9">
         <name>.text:bcUartInit</name>
         <load_address>0x1c6d4</load_address>
         <run_address>0x1c6d4</run_address>
         <size>0x2a</size>
         <input_file_ref idref="fl-d"/>
      </object_component>
      <object_component id="oc-b76">
         <name>.text:usbGetReport</name>
         <load_address>0x1c6fe</load_address>
         <run_address>0x1c6fe</run_address>
         <size>0x2a</size>
         <input_file_ref idref="fl-11"/>
      </object_component>
      <object_component id="oc-650">
         <name>.text:__mspabi_fixdi</name>
         <load_address>0x1c728</load_address>
         <run_address>0x1c728</run_address>
         <size>0x28</size>
         <input_file_ref idref="fl-87"/>
      </object_component>
      <object_component id="oc-eb0">
         <name>.text:DMA_disableTransfers</name>
         <load_address>0x1c750</load_address>
         <run_address>0x1c750</run_address>
         <size>0x26</size>
         <input_file_ref idref="fl-3e"/>
      </object_component>
      <object_component id="oc-ea1">
         <name>.text:DMA_enableTransfers</name>
         <load_address>0x1c776</load_address>
         <run_address>0x1c776</run_address>
         <size>0x26</size>
         <input_file_ref idref="fl-3e"/>
      </object_component>
      <object_component id="oc-50b">
         <name>.text:Init_UART1</name>
         <load_address>0x1c79c</load_address>
         <run_address>0x1c79c</run_address>
         <size>0x26</size>
         <input_file_ref idref="fl-5"/>
      </object_component>
      <object_component id="oc-974">
         <name>.text:adc12</name>
         <load_address>0x1c7c2</load_address>
         <run_address>0x1c7c2</run_address>
         <size>0x26</size>
         <input_file_ref idref="fl-2"/>
      </object_component>
      <object_component id="oc-ea6">
         <name>.text:DMA_startTransfer</name>
         <load_address>0x1c7e8</load_address>
         <run_address>0x1c7e8</run_address>
         <size>0x24</size>
         <input_file_ref idref="fl-3e"/>
      </object_component>
      <object_component id="oc-659">
         <name>.text</name>
         <load_address>0x1c80c</load_address>
         <run_address>0x1c80c</run_address>
         <size>0x24</size>
         <input_file_ref idref="fl-99"/>
      </object_component>
      <object_component id="oc-eab">
         <name>.text:DMA_getInterruptStatus</name>
         <load_address>0x1c830</load_address>
         <run_address>0x1c830</run_address>
         <size>0x22</size>
         <input_file_ref idref="fl-3e"/>
      </object_component>
      <object_component id="oc-e9c">
         <name>.text:DMA_setTransferSize</name>
         <load_address>0x1c852</load_address>
         <run_address>0x1c852</run_address>
         <size>0x22</size>
         <input_file_ref idref="fl-3e"/>
      </object_component>
      <object_component id="oc-215">
         <name>.text:UCS_clearFaultFlag</name>
         <load_address>0x1c874</load_address>
         <run_address>0x1c874</run_address>
         <size>0x22</size>
         <input_file_ref idref="fl-23"/>
      </object_component>
      <object_component id="oc-21f">
         <name>.text:USB_disable</name>
         <load_address>0x1c896</load_address>
         <run_address>0x1c896</run_address>
         <size>0x22</size>
         <input_file_ref idref="fl-10"/>
      </object_component>
      <object_component id="oc-c74">
         <name>.text</name>
         <load_address>0x1c8b8</load_address>
         <run_address>0x1c8b8</run_address>
         <size>0x22</size>
         <input_file_ref idref="fl-b6"/>
      </object_component>
      <object_component id="oc-21a">
         <name>.text:SFR_clearInterrupt</name>
         <load_address>0x1c8da</load_address>
         <run_address>0x1c8da</run_address>
         <size>0x20</size>
         <input_file_ref idref="fl-2a"/>
      </object_component>
      <object_component id="oc-bbc">
         <name>.text:usbSetAddress</name>
         <load_address>0x1c8fa</load_address>
         <run_address>0x1c8fa</run_address>
         <size>0x20</size>
         <input_file_ref idref="fl-10"/>
      </object_component>
      <object_component id="oc-b85">
         <name>.text:usbGetHidDescriptor</name>
         <load_address>0x1c91a</load_address>
         <run_address>0x1c91a</run_address>
[...]
         <value>0x1cd3e</value>
         <object_component_ref idref="oc-b3"/>
      </symbol>
      <symbol id="sm-fdf">
         <name>__mspabi_fixdi</name>
         <value>0x1c728</value>
         <object_component_ref idref="oc-650"/>
      </symbol>
      <symbol id="sm-ff0">
         <name>__mspabi_fixdli</name>
         <value>0x1b78c</value>
         <object_component_ref idref="oc-928"/>
      </symbol>
      <symbol id="sm-ffd">
         <name>__mspabi_fixdu</name>
         <value>0x1cbc6</value>
         <object_component_ref idref="oc-873"/>
      </symbol>
      <symbol id="sm-100f">
         <name>__mspabi_fixdul</name>
         <value>0x1b654</value>
         <object_component_ref idref="oc-c64"/>
      </symbol>
      <symbol id="sm-1021">
         <name>floor</name>
         <value>0x17c60</value>
         <object_component_ref idref="oc-86e"/>
      </symbol>
      <symbol id="sm-102c">
         <name>__mspabi_fltid</name>
         <value>0x1ccc0</value>
         <object_component_ref idref="oc-637"/>
      </symbol>
      <symbol id="sm-1043">
         <name>__mspabi_fltlid</name>
         <value>0x1a6c8</value>
         <object_component_ref idref="oc-8fd"/>
      </symbol>
      <symbol id="sm-104e">
         <name>__mspabi_fltud</name>
         <value>0x1cd14</value>
         <object_component_ref idref="oc-869"/>
      </symbol>
      <symbol id="sm-1062">
         <name>__mspabi_fltuld</name>
         <value>0x1b3be</value>
         <object_component_ref idref="oc-c51"/>
      </symbol>
      <symbol id="sm-1082">
         <name>__TI_frcaddd</name>
         <value>0x16fae</value>
         <object_component_ref idref="oc-933"/>
      </symbol>
      <symbol id="sm-109c">
         <name>__TI_frcdivd</name>
         <value>0x1536c</value>
         <object_component_ref idref="oc-921"/>
      </symbol>
      <symbol id="sm-10b6">
         <name>__mspabi_subf</name>
         <value>0x187d8</value>
         <object_component_ref idref="oc-66b"/>
      </symbol>
      <symbol id="sm-10b7">
         <name>__mspabi_addf</name>
         <value>0x187de</value>
         <object_component_ref idref="oc-66b"/>
      </symbol>
      <symbol id="sm-10c6">
         <name>__mspabi_cmpf</name>
         <value>0x1bd26</value>
         <object_component_ref idref="oc-9b5"/>
      </symbol>
      <symbol id="sm-10d7">
         <name>__mspabi_divf</name>
         <value>0x1a908</value>
         <object_component_ref idref="oc-667"/>
      </symbol>
      <symbol id="sm-10e3">
         <name>__mspabi_fltif</name>
         <value>0x1c3c0</value>
         <object_component_ref idref="oc-663"/>
      </symbol>
      <symbol id="sm-10f9">
         <name>__mspabi_mpyf</name>
         <value>0x19f88</value>
         <object_component_ref idref="oc-987"/>
      </symbol>
      <symbol id="sm-1101">
         <name>__mspabi_negf</name>
         <value>0x1cce0</value>
         <object_component_ref idref="oc-cc0"/>
      </symbol>
      <symbol id="sm-1112">
         <name>__mspabi_fixfi</name>
         <value>0x1b6bc</value>
         <object_component_ref idref="oc-8eb"/>
      </symbol>
      <symbol id="sm-111c">
         <name>__mspabi_fltuf</name>
         <value>0x1c80c</value>
         <object_component_ref idref="oc-659"/>
      </symbol>
      <symbol id="sm-111f">
         <name>__TI_int41</name>
         <value>0xffd2</value>
         <object_component_ref idref="oc-69"/>
      </symbol>
      <symbol id="sm-1122">
         <name>__TI_int42</name>
         <value>0xffd4</value>
         <object_component_ref idref="oc-6a"/>
      </symbol>
      <symbol id="sm-1125">
         <name>__TI_int43</name>
         <value>0xffd6</value>
         <object_component_ref idref="oc-6b"/>
      </symbol>
      <symbol id="sm-1128">
         <name>__TI_int44</name>
         <value>0xffd8</value>
         <object_component_ref idref="oc-6c"/>
      </symbol>
      <symbol id="sm-112b">
         <name>__TI_int45</name>
         <value>0xffda</value>
         <object_component_ref idref="oc-6d"/>
      </symbol>
      <symbol id="sm-112e">
         <name>__TI_int48</name>
         <value>0xffe0</value>
         <object_component_ref idref="oc-70"/>
      </symbol>
      <symbol id="sm-1131">
         <name>__TI_int49</name>
         <value>0xffe2</value>
         <object_component_ref idref="oc-71"/>
      </symbol>
      <symbol id="sm-1134">
         <name>__TI_int50</name>
         <value>0xffe4</value>
         <object_component_ref idref="oc-77"/>
      </symbol>
      <symbol id="sm-1137">
         <name>__TI_int52</name>
         <value>0xffe8</value>
         <object_component_ref idref="oc-79"/>
      </symbol>
      <symbol id="sm-113a">
         <name>__TI_int53</name>
         <value>0xffea</value>
         <object_component_ref idref="oc-7a"/>
      </symbol>
      <symbol id="sm-113d">
         <name>__TI_int55</name>
         <value>0xffee</value>
         <object_component_ref idref="oc-7c"/>
      </symbol>
      <symbol id="sm-1140">
         <name>__TI_int57</name>
         <value>0xfff2</value>
         <object_component_ref idref="oc-7e"/>
      </symbol>
      <symbol id="sm-1143">
         <name>__TI_int58</name>
         <value>0xfff4</value>
         <object_component_ref idref="oc-7f"/>
      </symbol>
      <symbol id="sm-1146">
         <name>__TI_int59</name>
         <value>0xfff6</value>
         <object_component_ref idref="oc-80"/>
      </symbol>
      <symbol id="sm-1149">
         <name>__TI_int60</name>
         <value>0xfff8</value>
         <object_component_ref idref="oc-81"/>
      </symbol>
      <symbol id="sm-114c">
         <name>__TI_int62</name>
         <value>0xfffc</value>
         <object_component_ref idref="oc-83"/>
      </symbol>
      <symbol id="sm-1153">
         <name>__TI_ISR_TRAP</name>
         <value>0x1cd0e</value>
         <object_component_ref idref="oc-96"/>
      </symbol>
      <symbol id="sm-1169">
         <name>__mspabi_srlll</name>
         <value>0x1c2a8</value>
         <object_component_ref idref="oc-c58"/>
      </symbol>
      <symbol id="sm-116a">
         <name>__mspabi_sllll</name>
         <value>0x1c26e</value>
         <object_component_ref idref="oc-c5d"/>
      </symbol>
      <symbol id="sm-1172">
         <name>__mspabi_slli</name>
         <value>0x1ccea</value>
         <object_component_ref idref="oc-40c"/>
      </symbol>
      <symbol id="sm-1180">
         <name>__mspabi_slll_9</name>
         <value>0x1c0a6</value>
         <object_component_ref idref="oc-910"/>
      </symbol>
      <symbol id="sm-1181">
         <name>__mspabi_slll_8</name>
         <value>0x1c0aa</value>
         <object_component_ref idref="oc-910"/>
      </symbol>
      <symbol id="sm-1182">
         <name>__mspabi_slll_7</name>
         <value>0x1c0ae</value>
         <object_component_ref idref="oc-910"/>
      </symbol>
      <symbol id="sm-1183">
         <name>__mspabi_slll_6</name>
         <value>0x1c0b2</value>
         <object_component_ref idref="oc-910"/>
      </symbol>
      <symbol id="sm-1184">
         <name>__mspabi_slll_5</name>
         <value>0x1c0b6</value>
         <object_component_ref idref="oc-910"/>
      </symbol>
      <symbol id="sm-1185">
         <name>__mspabi_slll_4</name>
         <value>0x1c0ba</value>
         <object_component_ref idref="oc-910"/>
      </symbol>
      <symbol id="sm-1186">
         <name>__mspabi_slll_3</name>
         <value>0x1c0be</value>
         <object_component_ref idref="oc-910"/>
      </symbol>
      <symbol id="sm-1187">
         <name>__mspabi_slll_2</name>
         <value>0x1c0c2</value>
         <object_component_ref idref="oc-910"/>
      </symbol>
      <symbol id="sm-1188">
         <name>__mspabi_slll_1</name>
         <value>0x1c0c6</value>
         <object_component_ref idref="oc-910"/>
      </symbol>
      <symbol id="sm-1189">
         <name>__mspabi_slll</name>
         <value>0x1cc1c</value>
         <object_component_ref idref="oc-c8e"/>
      </symbol>
      <symbol id="sm-118a">
         <name>__mspabi_slll_15</name>
         <value>0x1c08e</value>
         <object_component_ref idref="oc-910"/>
      </symbol>
      <symbol id="sm-118b">
         <name>__mspabi_slll_14</name>
         <value>0x1c092</value>
         <object_component_ref idref="oc-910"/>
      </symbol>
      <symbol id="sm-118c">
         <name>__mspabi_slll_13</name>
         <value>0x1c096</value>
         <object_component_ref idref="oc-910"/>
      </symbol>
      <symbol id="sm-118d">
         <name>__mspabi_slll_12</name>
         <value>0x1c09a</value>
         <object_component_ref idref="oc-910"/>
      </symbol>
      <symbol id="sm-118e">
         <name>__mspabi_slll_11</name>
         <value>0x1c09e</value>
         <object_component_ref idref="oc-910"/>
      </symbol>
      <symbol id="sm-118f">
         <name>__mspabi_slll_10</name>
         <value>0x1c0a2</value>
         <object_component_ref idref="oc-910"/>
      </symbol>
      <symbol id="sm-1197">
         <name>__mspabi_srli</name>
         <value>0x1ccf4</value>
         <object_component_ref idref="oc-708"/>
      </symbol>
      <symbol id="sm-11a5">
         <name>__mspabi_srll_8</name>
         <value>0x1c0e8</value>
         <object_component_ref idref="oc-7a1"/>
      </symbol>
      <symbol id="sm-11a6">
         <name>__mspabi_srll_9</name>
         <value>0x1c0e4</value>
         <object_component_ref idref="oc-7a1"/>
      </symbol>
      <symbol id="sm-11a7">
         <name>__mspabi_srll_6</name>
         <value>0x1c0f0</value>
         <object_component_ref idref="oc-7a1"/>
      </symbol>
      <symbol id="sm-11a8">
         <name>__mspabi_srll_7</name>
         <value>0x1c0ec</value>
         <object_component_ref idref="oc-7a1"/>
      </symbol>
      <symbol id="sm-11a9">
         <name>__mspabi_srll_4</name>
         <value>0x1c0f8</value>
         <object_component_ref idref="oc-7a1"/>
      </symbol>
      <symbol id="sm-11aa">
         <name>__mspabi_srll_5</name>
         <value>0x1c0f4</value>
         <object_component_ref idref="oc-7a1"/>
      </symbol>
      <symbol id="sm-11ab">
         <name>__mspabi_srll_2</name>
         <value>0x1c100</value>
         <object_component_ref idref="oc-7a1"/>
      </symbol>
      <symbol id="sm-11ac">
         <name>__mspabi_srll_3</name>
         <value>0x1c0fc</value>
         <object_component_ref idref="oc-7a1"/>
      </symbol>
      <symbol id="sm-11ad">
         <name>__mspabi_srll_1</name>
         <value>0x1c104</value>
         <object_component_ref idref="oc-7a1"/>
      </symbol>
      <symbol id="sm-11ae">
         <name>__mspabi_srll_15</name>
         <value>0x1c0cc</value>
         <object_component_ref idref="oc-7a1"/>
      </symbol>
      <symbol id="sm-11af">
         <name>__mspabi_srll_14</name>
         <value>0x1c0d0</value>
         <object_component_ref idref="oc-7a1"/>
      </symbol>
      <symbol id="sm-11b0">
         <name>__mspabi_srll_13</name>
         <value>0x1c0d4</value>
         <object_component_ref idref="oc-7a1"/>
      </symbol>
      <symbol id="sm-11b1">
         <name>__mspabi_srll_12</name>
         <value>0x1c0d8</value>
         <object_component_ref idref="oc-7a1"/>
      </symbol>
      <symbol id="sm-11b2">
         <name>__mspabi_srll_11</name>
         <value>0x1c0dc</value>
         <object_component_ref idref="oc-7a1"/>
      </symbol>
      <symbol id="sm-11b3">
         <name>__mspabi_srll_10</name>
         <value>0x1c0e0</value>
         <object_component_ref idref="oc-7a1"/>
      </symbol>
      <symbol id="sm-11b4">
         <name>__mspabi_srll</name>
         <value>0x1cc2c</value>
         <object_component_ref idref="oc-c86"/>
      </symbol>
      <symbol id="sm-11c2">
         <name>ltoa</name>
         <value>0x1b342</value>
         <object_component_ref idref="oc-4f2"/>
      </symbol>
      <symbol id="sm-11cf">
         <name>memcpy</name>
         <value>0x1cbd8</value>
         <object_component_ref idref="oc-6ad"/>
      </symbol>
      <symbol id="sm-11dc">
         <name>memset</name>
         <value>0x1cb7a</value>
         <object_component_ref idref="oc-746"/>
      </symbol>
      <symbol id="sm-11fc">
         <name>__mspabi_mpyd</name>
         <value>0x16d2e</value>
         <object_component_ref idref="oc-63c"/>
      </symbol>
      <symbol id="sm-1203">
         <name>__mspabi_mpyi_f5hw</name>
         <value>0x1cb24</value>
         <object_component_ref idref="oc-267"/>
      </symbol>
      <symbol id="sm-120a">
         <name>__mspabi_mpyl_f5hw</name>
         <value>0x1c8b8</value>
         <object_component_ref idref="oc-c74"/>
      </symbol>
      <symbol id="sm-121e">
         <name>__TI_renormd</name>
         <value>0x1a03e</value>
         <object_component_ref idref="oc-c96"/>
      </symbol>
      <symbol id="sm-1234">
         <name>sqrtf</name>
         <value>0x18a36</value>
         <object_component_ref idref="oc-98f"/>
      </symbol>
      <symbol id="sm-123f">
         <name>__mspabi_subd</name>
         <value>0x1c67a</value>
         <object_component_ref idref="oc-894"/>
      </symbol>
      <symbol id="sm-125e">
         <name>_FAtan</name>
         <value>0x18908</value>
         <object_component_ref idref="oc-cc4"/>
      </symbol>
      <symbol id="sm-127a">
         <name>_FDscale</name>
         <value>0x18b4e</value>
         <object_component_ref idref="oc-cb3"/>
      </symbol>
      <symbol id="sm-128b">
         <name>_FDunscale</name>
         <value>0x1b7f2</value>
         <object_component_ref idref="oc-cae"/>
      </symbol>
      <symbol id="sm-1296">
         <name>_Feraise</name>
         <value>0x1c492</value>
         <object_component_ref idref="oc-cb8"/>
      </symbol>
      <symbol id="sm-129c">
         <name>_FZero</name>
         <value>0x3f42</value>
         <object_component_ref idref="oc-cbd"/>
      </symbol>
      <symbol id="sm-129d">
         <name>_FRteps</name>
         <value>0x3f2e</value>
         <object_component_ref idref="oc-cbd"/>
      </symbol>
      <symbol id="sm-129e">
         <name>_FSnan</name>
         <value>0x3f1e</value>
         <object_component_ref idref="oc-cbd"/>
      </symbol>
      <symbol id="sm-129f">
         <name>_FNan</name>
         <value>0x3f0e</value>
         <object_component_ref idref="oc-cbd"/>
      </symbol>
      <symbol id="sm-12a0">
         <name>_FInf</name>
         <value>0x3efe</value>
         <object_component_ref idref="oc-cbd"/>
      </symbol>
      <symbol id="sm-12a1">
         <name>_FEps</name>
         <value>0x3eee</value>
         <object_component_ref idref="oc-cbd"/>
      </symbol>
      <symbol id="sm-12a2">
         <name>_FXbig</name>
         <value>0x3f3e</value>
         <object_component_ref idref="oc-cbd"/>
      </symbol>
      <symbol id="sm-12a3">
         <name>_FDenorm</name>
         <value>0x3ede</value>
         <object_component_ref idref="oc-cbd"/>
      </symbol>
      <symbol id="sm-12b2">
         <name>_nop</name>
         <value>0x1cd42</value>
         <object_component_ref idref="oc-f07"/>
      </symbol>
      <symbol id="sm-12b3">
         <name>_lock</name>
         <value>0x3f84</value>
         <object_component_ref idref="oc-efa"/>
      </symbol>
      <symbol id="sm-12b4">
         <name>_unlock</name>
         <value>0x3f88</value>
         <object_component_ref idref="oc-efa"/>
      </symbol>
      <symbol id="sm-12c3">
         <name>__mspabi_sral</name>
         <value>0x1cc0c</value>
         <object_component_ref idref="oc-c92"/>
      </symbol>
      <symbol id="sm-12c4">
         <name>__mspabi_sral_15</name>
         <value>0x1c050</value>
         <object_component_ref idref="oc-91b"/>
      </symbol>
      <symbol id="sm-12c5">
         <name>__mspabi_sral_14</name>
         <value>0x1c054</value>
         <object_component_ref idref="oc-91b"/>
      </symbol>
      <symbol id="sm-12c6">
         <name>__mspabi_sral_13</name>
         <value>0x1c058</value>
         <object_component_ref idref="oc-91b"/>
      </symbol>
      <symbol id="sm-12c7">
         <name>__mspabi_sral_12</name>
         <value>0x1c05c</value>
         <object_component_ref idref="oc-91b"/>
      </symbol>
      <symbol id="sm-12c8">
         <name>__mspabi_sral_11</name>
         <value>0x1c060</value>
         <object_component_ref idref="oc-91b"/>
      </symbol>
      <symbol id="sm-12c9">
         <name>__mspabi_sral_10</name>
         <value>0x1c064</value>
         <object_component_ref idref="oc-91b"/>
      </symbol>
      <symbol id="sm-12ca">
         <name>__mspabi_sral_8</name>
         <value>0x1c06c</value>
         <object_component_ref idref="oc-91b"/>
      </symbol>
      <symbol id="sm-12cb">
         <name>__mspabi_sral_9</name>
         <value>0x1c068</value>
         <object_component_ref idref="oc-91b"/>
      </symbol>
      <symbol id="sm-12cc">
         <name>__mspabi_sral_6</name>
         <value>0x1c074</value>
         <object_component_ref idref="oc-91b"/>
      </symbol>
      <symbol id="sm-12cd">
         <name>__mspabi_sral_7</name>
         <value>0x1c070</value>
         <object_component_ref idref="oc-91b"/>
      </symbol>
      <symbol id="sm-12ce">
         <name>__mspabi_sral_4</name>
         <value>0x1c07c</value>
         <object_component_ref idref="oc-91b"/>
      </symbol>
      <symbol id="sm-12cf">
         <name>__mspabi_sral_5</name>
         <value>0x1c078</value>
         <object_component_ref idref="oc-91b"/>
      </symbol>
      <symbol id="sm-12d0">
         <name>__mspabi_sral_2</name>
         <value>0x1c084</value>
         <object_component_ref idref="oc-91b"/>
      </symbol>
      <symbol id="sm-12d1">
         <name>__mspabi_sral_3</name>
         <value>0x1c080</value>
         <object_component_ref idref="oc-91b"/>
      </symbol>
      <symbol id="sm-12d2">
         <name>__mspabi_sral_1</name>
         <value>0x1c088</value>
         <object_component_ref idref="oc-91b"/>
      </symbol>
      <symbol id="sm-12e7">
         <name>_auto_init</name>
         <value>0x1b434</value>
         <object_component_ref idref="oc-a9"/>
      </symbol>
      <symbol id="sm-12ed">
         <name>_Errno</name>
         <value>0x3fa8</value>
         <object_component_ref idref="oc-e4e"/>
      </symbol>
      <symbol id="sm-1303">
         <name>feraiseexcept</name>
         <value>0x1c58a</value>
         <object_component_ref idref="oc-e49"/>
      </symbol>
      <symbol id="sm-1304">
         <name>_Tls_setup__Fenv</name>
         <value>0x3f90</value>
         <object_component_ref idref="oc-ec2"/>
      </symbol>
      <symbol id="sm-1305">
         <name>_Fenv</name>
         <value>0x3f8c</value>
         <object_component_ref idref="oc-ec2"/>
      </symbol>
      <symbol id="sm-1315">
         <name>__TI_frcmpyd</name>
         <value>0x15f1c</value>
         <object_component_ref idref="oc-904"/>
      </symbol>
      <symbol id="sm-1329">
         <name>raise</name>
         <value>0x1c4f6</value>
         <object_component_ref idref="oc-ec4"/>
      </symbol>
      <symbol id="sm-133c">
         <name>signal</name>
         <value>0x1c3f6</value>
         <object_component_ref idref="oc-eed"/>
      </symbol>
      <symbol id="sm-134d">
         <name>_FDnorm</name>
         <value>0x1a996</value>
         <object_component_ref idref="oc-e40"/>
      </symbol>
      <symbol id="sm-134e">
         <name>__TI_exit</name>
         <value>0x1</value>
      </symbol>
      <symbol id="sm-134f">
         <name>__TI_args_main</name>
         <value>0x1</value>
      </symbol>
      <symbol id="sm-1350">
         <name>__TI_INITARRAY_Base</name>
         <value>0x0</value>
      </symbol>
      <symbol id="sm-1351">
         <name>__TI_INITARRAY_Limit</name>
         <value>0x0</value>
      </symbol>
   </symbol_table>
   <title>Link successful</title>
</link_info>
