******************************************************************************
                  MSP430 Linker PC v4.3.1                      
******************************************************************************
>> Linked Mon Jan 12 22:19:05 2015

OUTPUT FILE NAME:   <simpleUsbBackchannel.out>
ENTRY POINT SYMBOL: "_c_int00"  address: 0000498e


MEMORY CONFIGURATION

         name            origin    length      used     unused   attr    fill
----------------------  --------  ---------  --------  --------  ----  --------
  SFR                   00000000   00000010  00000000  00000010  RWIX
  PERIPHERALS_8BIT      00000010   000000f0  00000000  000000f0  RWIX
  PERIPHERALS_16BIT     00000100   00000100  00000000  00000100  RWIX
  INFOD                 00001800   00000080  00000000  00000080  RWIX
  INFOC                 00001880   00000080  00000000  00000080  RWIX
  INFOB                 00001900   00000080  00000000  00000080  RWIX
  INFOA                 00001980   00000080  00000000  00000080  RWIX
  USBRAM                00001c00   00000800  00000000  00000800  RWIX
  RAM                   00002400   00002000  00001e03  000001fd  RWIX
  FLASH                 00004400   0000bb80  00005466  0000671a  RWIX
  INT00                 0000ff80   00000002  00000000  00000002  RWIX
  INT01                 0000ff82   00000002  00000000  00000002  RWIX
  INT02                 0000ff84   00000002  00000000  00000002  RWIX
  INT03                 0000ff86   00000002  00000000  00000002  RWIX
  INT04                 0000ff88   00000002  00000000  00000002  RWIX
  INT05                 0000ff8a   00000002  00000000  00000002  RWIX
  INT06                 0000ff8c   00000002  00000000  00000002  RWIX
  INT07                 0000ff8e   00000002  00000000  00000002  RWIX
  INT08                 0000ff90   00000002  00000000  00000002  RWIX
  INT09                 0000ff92   00000002  00000000  00000002  RWIX
  INT10                 0000ff94   00000002  00000000  00000002  RWIX
  INT11                 0000ff96   00000002  00000000  00000002  RWIX
  INT12                 0000ff98   00000002  00000000  00000002  RWIX
  INT13                 0000ff9a   00000002  00000000  00000002  RWIX
  INT14                 0000ff9c   00000002  00000000  00000002  RWIX
  INT15                 0000ff9e   00000002  00000000  00000002  RWIX
  INT16                 0000ffa0   00000002  00000000  00000002  RWIX
  INT17                 0000ffa2   00000002  00000000  00000002  RWIX
  INT18                 0000ffa4   00000002  00000000  00000002  RWIX
  INT19                 0000ffa6   00000002  00000000  00000002  RWIX
  INT20                 0000ffa8   00000002  00000000  00000002  RWIX
  INT21                 0000ffaa   00000002  00000000  00000002  RWIX
  INT22                 0000ffac   00000002  00000000  00000002  RWIX
  INT23                 0000ffae   00000002  00000000  00000002  RWIX
  INT24                 0000ffb0   00000002  00000000  00000002  RWIX
  INT25                 0000ffb2   00000002  00000000  00000002  RWIX
  INT26                 0000ffb4   00000002  00000000  00000002  RWIX
  INT27                 0000ffb6   00000002  00000000  00000002  RWIX
  INT28                 0000ffb8   00000002  00000000  00000002  RWIX
  INT29                 0000ffba   00000002  00000000  00000002  RWIX
  INT30                 0000ffbc   00000002  00000000  00000002  RWIX
  INT31                 0000ffbe   00000002  00000000  00000002  RWIX
  INT32                 0000ffc0   00000002  00000000  00000002  RWIX
  INT33                 0000ffc2   00000002  00000000  00000002  RWIX
  INT34                 0000ffc4   00000002  00000000  00000002  RWIX
  INT35                 0000ffc6   00000002  00000000  00000002  RWIX
  INT36                 0000ffc8   00000002  00000000  00000002  RWIX
  INT37                 0000ffca   00000002  00000000  00000002  RWIX
  INT38                 0000ffcc   00000002  00000000  00000002  RWIX
  INT39                 0000ffce   00000002  00000000  00000002  RWIX
  INT40                 0000ffd0   00000002  00000000  00000002  RWIX
  INT41                 0000ffd2   00000002  00000002  00000000  RWIX
  INT42                 0000ffd4   00000002  00000002  00000000  RWIX
  INT43                 0000ffd6   00000002  00000002  00000000  RWIX
  INT44                 0000ffd8   00000002  00000002  00000000  RWIX
  INT45                 0000ffda   00000002  00000002  00000000  RWIX
  INT46                 0000ffdc   00000002  00000002  00000000  RWIX
  INT47                 0000ffde   00000002  00000002  00000000  RWIX
  INT48                 0000ffe0   00000002  00000002  00000000  RWIX
  INT49                 0000ffe2   00000002  00000002  00000000  RWIX
  INT50                 0000ffe4   00000002  00000002  00000000  RWIX
  INT51                 0000ffe6   00000002  00000002  00000000  RWIX
  INT52                 0000ffe8   00000002  00000002  00000000  RWIX
  INT53                 0000ffea   00000002  00000002  00000000  RWIX
  INT54                 0000ffec   00000002  00000002  00000000  RWIX
  INT55                 0000ffee   00000002  00000002  00000000  RWIX
  INT56                 0000fff0   00000002  00000002  00000000  RWIX
  INT57                 0000fff2   00000002  00000002  00000000  RWIX
  INT58                 0000fff4   00000002  00000002  00000000  RWIX
  INT59                 0000fff6   00000002  00000002  00000000  RWIX
  INT60                 0000fff8   00000002  00000002  00000000  RWIX
  INT61                 0000fffa   00000002  00000002  00000000  RWIX
  INT62                 0000fffc   00000002  00000002  00000000  RWIX
  RESET                 0000fffe   00000002  00000002  00000000  RWIX
  FLASH2                00010000   00014400  0000cd44  000076bc  RWIX


SECTION ALLOCATION MAP

 output                                  attributes/
section   page    origin      length       input sections
--------  ----  ----------  ----------   ----------------
.init_array 
*          0    00004400    00000000     UNINITIALIZED

.bss       0    00002400    00001a2e     UNINITIALIZED
                  00002400    00000bda     (.common:results1)
                  00002fda    00000bb8     (.common:results)
                  00003b92    00000080     (.common:bcUartRcvBuf)
                  00003c12    00000064     (.common:ddcc)
                  00003c76    00000064     (.common:rred)
                  00003cda    00000022     (.common:abramSerialStringDescriptor)
                  00003cfc    00000014     (.common:nr1_locate)
                  00003d10    00000014     (.common:nr_locate)
                  00003d24    00000014     (.common:r1_locate)
                  00003d38    00000014     (.common:r_locate)
                  00003d4c    00000010     (.common:HidReadCtrl)
                  00003d5c    00000008     (.common:HidWriteCtrl)
                  00003d64    00000008     (.common:abUsbRequestIncomingData)
                  00003d6c    00000008     (.common:abUsbRequestReturnData)
                  00003d74    00000006     (.common:str1)
                  00003d7a    00000004     (.common:Ax)
                  00003d7e    00000004     (.common:Axmax)
                  00003d82    00000004     (.common:Axmin)
                  00003d86    00000004     (.common:Ay)
                  00003d8a    00000004     (.common:Aymax)
                  00003d8e    00000004     (.common:Aymin)
                  00003d92    00000004     (.common:Az)
                  00003d96    00000004     (.common:Azmax)
                  00003d9a    00000004     (.common:Azmin)
                  00003d9e    00000004     (.common:Sa)
                  00003da2    00000004     (.common:Samax)
                  00003da6    00000004     (.common:Samin)
                  00003daa    00000004     (.common:USB_RX_memcpy)
                  00003dae    00000004     (.common:USB_TX_memcpy)
                  00003db2    00000004     (.common:alpha)
                  00003db6    00000004     (.common:beta)
                  00003dba    00000004     (.common:deltax)
                  00003dbe    00000004     (.common:deltay)
                  00003dc2    00000004     (.common:deltaz)
                  00003dc6    00000004     (.common:gamma)
                  00003dca    00000004     (.common:temp_final1)
                  00003dce    00000004     (.common:temp_final2)
                  00003dd2    00000002     (.common:CRCresult)
                  00003dd4    00000002     (.common:ECG_Faddr)
                  00003dd6    00000002     (.common:HRate)
                  00003dd8    00000002     (.common:LSB)
                  00003dda    00000002     (.common:MSB)
                  00003ddc    00000002     (.common:a)
                  00003dde    00000002     (.common:b)
                  00003de0    00000002     (.common:flag)
                  00003de2    00000002     (.common:flagg)
                  00003de4    00000002     (.common:i)
                  00003de6    00000002     (.common:index11)
                  00003de8    00000002     (.common:index_ECG)
                  00003dea    00000002     (.common:j)
                  00003dec    00000002     (.common:max1)
                  00003dee    00000002     (.common:maxt)
                  00003df0    00000002     (.common:menu_select)
                  00003df2    00000002     (.common:min)
                  00003df4    00000002     (.common:mm)
                  00003df6    00000002     (.common:n)
                  00003df8    00000002     (.common:pbIEP0Buffer)
                  00003dfa    00000002     (.common:pbOEP0Buffer)
                  00003dfc    00000002     (.common:pkn)
                  00003dfe    00000002     (.common:re)
                  00003e00    00000002     (.common:rep)
                  00003e02    00000002     (.common:result0)
                  00003e04    00000002     (.common:result1)
                  00003e06    00000002     (.common:result2)
                  00003e08    00000002     (.common:rxByteCount)
                  00003e0a    00000002     (.common:section)
                  00003e0c    00000002     (.common:sh)
                  00003e0e    00000002     (.common:shp)
                  00003e10    00000002     (.common:step)
                  00003e12    00000002     (.common:t1)
                  00003e14    00000002     (.common:timen)
                  00003e16    00000002     (.common:tran_mode_SP)
                  00003e18    00000002     (.common:wBytesRemainingOnIEP0)
                  00003e1a    00000002     (.common:wBytesRemainingOnOEP0)
                  00003e1c    00000002     (.common:wUsbEventMask)
                  00003e1e    00000002     (.common:x)
                  00003e20    00000002     (.common:xaxis)
                  00003e22    00000002     (.common:xx)
                  00003e24    00000001     (.common:CRCindex)
                  00003e25    00000001     (.common:CRCtmp)
                  00003e26    00000001     (.common:bConfigurationNumber)
                  00003e27    00000001     (.common:bInterfaceNumber)
                  00003e28    00000001     (.common:bRemoteWakeup)
                  00003e29    00000001     (.common:bStatusAction)
                  00003e2a    00000001     (.common:dd)
                  00003e2b    00000001     (.common:k)
                  00003e2c    00000001     (.common:m)
                  00003e2d    00000001     (.common:nn)

.TI.noinit 
*          0    00002400    00000000     UNINITIALIZED

.data      0    00003e2e    0000017d     UNINITIALIZED
                  00003e2e    000000b0     rts430x_lc_sd_eabi.lib : signal.obj (.data:sigtable)
                  00003ede    00000068                            : xfvalues.obj (.data)
                  00003f46    00000034     spo2h.obj (.data)
                  00003f7a    0000000a     key.obj (.data)
                  00003f84    00000008     rts430x_lc_sd_eabi.lib : _lock.obj (.data)
                  00003f8c    00000008                            : feraiseexcept.obj (.data)
                  00003f94    00000006     accel.obj (.data)
                  00003f9a    00000006     usb.obj (.data)
                  00003fa0    00000003     BCUart.obj (.data)
                  00003fa3    00000001     bt.obj (.data)
                  00003fa4    00000002     bloodpreasure.obj (.data)
                  00003fa6    00000002     heartrate.obj (.data)
                  00003fa8    00000002     rts430x_lc_sd_eabi.lib : errno.obj (.data)
                  00003faa    00000001     UsbHid.obj (.data:hidProtocol)

.TI.persistent 
*          0    00003e2e    00000000     UNINITIALIZED

.stack     0    000041a8    00000258     UNINITIALIZED
                  000041a8    00000002     rts430x_lc_sd_eabi.lib : boot.obj (.stack)
                  000041aa    00000256     --HOLE--

.text:_isr 
*          0    00004400    000005ba     
                  00004400    00000316     ADC12.obj (.text:_isr:ADC12ISR)
                  00004716    000001a2     UsbIsr.obj (.text:_isr:iUsbInterruptHandler)
                  000048b8    0000005e     heartrate.obj (.text:_isr:UNMI_ISR)
                  00004916    00000050     key.obj (.text:_isr:Port1_ISR)
                  00004966    00000028     BCUart.obj (.text:_isr:bcUartISR)
                  0000498e    0000001a     rts430x_lc_sd_eabi.lib : boot.obj (.text:_isr:_c_int00_noexit)
                  000049a8    00000012     bt.obj (.text:_isr:USCI_A0_ISR)

.const     0    000049ba    00004e40     
                  000049ba    00000a20     TFT_Screen.obj (.const:Bug1)
                  000053da    00000700     TFT_Screen.obj (.const:Theme)
                  00005ada    00000500     bloodpreasure.obj (.const:BPhan)
                  00005fda    00000400     accel.obj (.const:Walk1)
                  000063da    00000380     accel.obj (.const:Walk2)
                  0000675a    00000360     TFT_Screen.obj (.const:Bug3)
                  00006aba    00000340     TFT_Screen.obj (.const:other)
                  00006dfa    00000300     accel.obj (.const:Ahan3)
                  000070fa    00000300     spo2h.obj (.const:HRhan2)
                  000073fa    000002c0     TFT_Screen.obj (.const:MSP)
                  000076ba    00000280     TFT_Screen.obj (.const:num)
                  0000793a    00000240     TFT_Screen.obj (.const:Bug2)
                  00007b7a    00000200     accel.obj (.const:Ahan)
                  00007d7a    00000200     accel.obj (.const:CRC_TA3)
                  00007f7a    00000200     heartrate.obj (.const:CRC_TA)
                  0000817a    00000200     TFT_Screen.obj (.const:HRhan)
                  0000837a    00000180     accel.obj (.const:Ahan2)
                  000084fa    00000180     TFT_Screen.obj (.const:Ahan)
                  0000867a    00000180     accel.obj (.const:Walk)
                  000087fa    00000160     TFT_Screen.obj (.const:BME)
                  0000895a    00000140     accel.obj (.const:Ahan1)
                  00008a9a    00000118     descriptors.obj (.const:tUsbRequestList)
                  00008bb2    00000100     TFT_Screen.obj (.const:ATheme2)
                  00008cb2    00000100     TFT_Screen.obj (.const:ATheme3)
                  00008db2    00000100     TFT_Screen.obj (.const:Back)
                  00008eb2    00000100     heartrate.obj (.const:HRhan1)
                  00008fb2    00000100     TFT_Screen.obj (.const:Hhan)
                  000090b2    00000100     TFT_Screen.obj (.const:Phan)
                  000091b2    00000100     TFT_Screen.obj (.const:Shan)
                  000092b2    00000100     TFT_Screen.obj (.const:Sure)
                  000093b2    000000e0     TFT_Screen.obj (.const:heart)
                  00009492    00000084     descriptors.obj (.const:.string:abromStringDescriptor)
                  00009516    00000080     TFT_Screen.obj (.const:Down)
                  00009596    00000080     TFT_Screen.obj (.const:Mi)
                  00009616    00000080     TFT_Screen.obj (.const:SEU)
                  00009696    00000080     TFT_Screen.obj (.const:Up)
                  00009716    00000029     descriptors.obj (.const)
                  0000973f    00000001     --HOLE-- [fill = 0]
                  00009740    00000024     descriptors.obj (.const:.string:report_desc_HID0)
                  00009764    00000020     usb.obj (.const:.string)
                  00009784    00000020     rts430x_lc_sd_eabi.lib : xfatan.obj (.const:a)
                  000097a4    00000012     descriptors.obj (.const:.string:abromDeviceDescriptor)
                  000097b6    00000010     descriptors.obj (.const:stUsbHandle)
                  000097c6    00000008     rts430x_lc_sd_eabi.lib : xfatan.obj (.const:c)
                  000097ce    00000007     accel.obj (.const:.string:$P$T0$1)
                  000097d5    00000001     --HOLE-- [fill = 0]
                  000097d6    00000007     spo2h.obj (.const:.string:$P$T0$1)
                  000097dd    00000001     --HOLE-- [fill = 0]
                  000097de    00000007     accel.obj (.const:.string:$P$T2$3)
                  000097e5    00000001     --HOLE-- [fill = 0]
                  000097e6    00000004     rts430x_lc_sd_eabi.lib : xfatan.obj (.const:s)
                  000097ea    00000003     accel.obj (.const:.string:$P$T1$2)
                  000097ed    00000001     --HOLE-- [fill = 0]
                  000097ee    00000003     spo2h.obj (.const:.string:$P$T1$2)
                  000097f1    00000001     --HOLE-- [fill = 0]
                  000097f2    00000003     accel.obj (.const:.string:$P$T3$4)
                  000097f5    00000001     --HOLE-- [fill = 0]
                  000097f6    00000002     descriptors.obj (.const:report_desc)
                  000097f8    00000002     descriptors.obj (.const:report_desc_size)

.cinit     0    000097fa    0000006c     
                  000097fa    0000004a     (.cinit..data.load) [load image, compression = rle]
                  00009844    0000000c     (__TI_handler_table)
                  00009850    00000006     (.cinit..bss.load) [load image, compression = zero_init]
                  00009856    00000010     (__TI_cinit_table)

RTC        0    0000ffd2    00000002     
                  0000ffd2    00000002     rts430x_lc_sd_eabi.lib : int41.obj (.int41)

PORT2      0    0000ffd4    00000002     
                  0000ffd4    00000002     rts430x_lc_sd_eabi.lib : int42.obj (.int42)

TIMER2_A1 
*          0    0000ffd6    00000002     
                  0000ffd6    00000002     rts430x_lc_sd_eabi.lib : int43.obj (.int43)

TIMER2_A0 
*          0    0000ffd8    00000002     
                  0000ffd8    00000002     rts430x_lc_sd_eabi.lib : int44.obj (.int44)

USCI_B1    0    0000ffda    00000002     
                  0000ffda    00000002     rts430x_lc_sd_eabi.lib : int45.obj (.int45)

USCI_A1    0    0000ffdc    00000002     
                  0000ffdc    00000002     BCUart.obj (.int46)

PORT1      0    0000ffde    00000002     
                  0000ffde    00000002     key.obj (.int47)

TIMER1_A1 
*          0    0000ffe0    00000002     
                  0000ffe0    00000002     rts430x_lc_sd_eabi.lib : int48.obj (.int48)

TIMER1_A0 
*          0    0000ffe2    00000002     
                  0000ffe2    00000002     rts430x_lc_sd_eabi.lib : int49.obj (.int49)

DMA        0    0000ffe4    00000002     
                  0000ffe4    00000002     rts430x_lc_sd_eabi.lib : int50.obj (.int50)

USB_UBM    0    0000ffe6    00000002     
                  0000ffe6    00000002     UsbIsr.obj (.int51)

TIMER0_A1 
*          0    0000ffe8    00000002     
                  0000ffe8    00000002     rts430x_lc_sd_eabi.lib : int52.obj (.int52)

TIMER0_A0 
*          0    0000ffea    00000002     
                  0000ffea    00000002     rts430x_lc_sd_eabi.lib : int53.obj (.int53)

ADC12      0    0000ffec    00000002     
                  0000ffec    00000002     ADC12.obj (.int54)

USCI_B0    0    0000ffee    00000002     
                  0000ffee    00000002     rts430x_lc_sd_eabi.lib : int55.obj (.int55)

USCI_A0    0    0000fff0    00000002     
                  0000fff0    00000002     bt.obj (.int56)

WDT        0    0000fff2    00000002     
                  0000fff2    00000002     rts430x_lc_sd_eabi.lib : int57.obj (.int57)

TIMER0_B1 
*          0    0000fff4    00000002     
                  0000fff4    00000002     rts430x_lc_sd_eabi.lib : int58.obj (.int58)

TIMER0_B0 
*          0    0000fff6    00000002     
                  0000fff6    00000002     rts430x_lc_sd_eabi.lib : int59.obj (.int59)

COMP_B     0    0000fff8    00000002     
                  0000fff8    00000002     rts430x_lc_sd_eabi.lib : int60.obj (.int60)

UNMI       0    0000fffa    00000002     
                  0000fffa    00000002     heartrate.obj (.int61)

SYSNMI     0    0000fffc    00000002     
                  0000fffc    00000002     rts430x_lc_sd_eabi.lib : int62.obj (.int62)

.reset     0    0000fffe    00000002     
                  0000fffe    00000002     rts430x_lc_sd_eabi.lib : boot.obj (.reset)

.text      0    00010000    0000cd44     
                  00010000    000018da     accel.obj (.text:WALK)
                  000118da    0000158e     accel.obj (.text:ACCEL)
                  00012e68    0000119a     spo2h.obj (.text:SPO2H)
                  00014002    00000562     heartrate.obj (.text:HRCaculate)
                  00014564    00000522     heartrate.obj (.text:HR)
                  00014a86    00000482     accel.obj (.text:judgementone)
                  00014f08    00000464     TFT_Screen.obj (.text:Show_TranMenuMode)
                  0001536c    00000456     rts430x_lc_sd_eabi.lib : frcdivd.obj (.text:__TI_frcdivd)
                  000157c2    000003f6     bloodpreasure.obj (.text:findBP)
                  00015bb8    00000364     TFT_Screen.obj (.text:Show_MenuMode)
                  00015f1c    000002e8     rts430x_lc_sd_eabi.lib : frcmpyd.obj (.text:__TI_frcmpyd)
                  00016204    000002d6                            : addd.obj (.text:__mspabi_addd)
                  000164da    000002d4     main.obj (.text:main)
                  000167ae    000002c6     spo2h.obj (.text:wave)
                  00016a74    000002ba     TFT_Screen.obj (.text:ILI9325_CMO24_Initial)
                  00016d2e    00000280     rts430x_lc_sd_eabi.lib : mpyd.obj (.text:__mspabi_mpyd)
                  00016fae    0000026a                            : frcaddd.obj (.text:__TI_frcaddd)
                  00017218    00000240     bloodpreasure.obj (.text:int_findpk)
                  00017458    00000220     rts430x_lc_sd_eabi.lib : divd.obj (.text:__mspabi_divd)
                  00017678    0000021c     bloodpreasure.obj (.text:BP)
                  00017894    000001f2     UsbHid.obj (.text:HidToBufferFromHost)
                  00017a86    000001da     main.obj (.text:transmit_menu)
                  00017c60    000001c4     rts430x_lc_sd_eabi.lib : floor.obj (.text:floor)
                  00017e24    000001c2     UsbHid.obj (.text:HidToHostFromBuffer)
                  00017fe6    0000017e     pmm.obj (.text:PMM_setVCoreUp)
                  00018164    00000166     ucs.obj (.text:UCS_initFLL)
                  000182ca    0000014e     usb.obj (.text:USB_reset)
                  00018418    0000014a     ucs.obj (.text:UCS_clockSignalInit)
                  00018562    0000013c     TFT_Screen.obj (.text:Show_splash)
                  0001869e    0000013a     usb.obj (.text:USB_InitSerialStringDescriptor)
                  000187d8    00000130     rts430x_lc_sd_eabi.lib : fs_add.obj (.text)
                  00018908    0000012e                            : xfatan.obj (.text:_FAtan)
                  00018a36    00000118                            : sqrtf.obj (.text:sqrtf)
                  00018b4e    00000114                            : xfdscale.obj (.text:_FDscale)
                  00018c62    00000112     pmm.obj (.text:PMM_setVCoreDown)
                  00018d74    0000010a     bloodpreasure.obj (.text:drawbpletter)
                  00018e7e    00000108     accel.obj (.text:ACCELMENU)
                  00018f86    00000106     gpio.obj (.text:privateGPIOGetBaseAddress)
                  0001908c    00000106     bloodpreasure.obj (.text:smooth)
                  00019192    000000f6     HAL_PMM.obj (.text:SetVCoreUp)
                  00019288    000000f4     usb.obj (.text:USB_enable)
                  0001937c    000000f4     spo2h.obj (.text:on_red)
                  00019470    000000f2     TFT_Screen.obj (.text:DRAW_LINE)
                  00019562    000000f2     spo2h.obj (.text:SpO2_lcd)
                  00019654    000000ea     usb.obj (.text:usbDecodeAndProcessUsbRequest)
                  0001973e    000000e6     UsbHid.obj (.text:USBHID_intfStatus)
                  00019824    000000e6     spo2h.obj (.text:on_ired)
                  0001990a    000000d8     gpio.obj (.text:GPIO_setAsPeripheralModuleFunctionOutputPin)
                  000199e2    000000d8     TFT_Screen.obj (.text:Show_MenuTheme)
                  00019aba    000000d8     rts430x_lc_sd_eabi.lib : copy_decompress_rle.obj (.text:__TI_decompress_rle_core)
                  00019b92    000000d8                            : cmpd.obj (.text:__mspabi_cmpd)
                  00019c6a    000000d6     UsbHid.obj (.text:HidCopyUsbToBuff)
                  00019d40    000000d6     TFT_Screen.obj (.text:Show_ACCELMenuMode)
                  00019e16    000000ba     usb.obj (.text:USB_determineFreq)
                  00019ed0    000000b8     rts430x_lc_sd_eabi.lib : atanf.obj (.text:atanf)
                  00019f88    000000b6                            : fs_mpy.obj (.text)
                  0001a03e    000000b4                            : renormd.obj (.text:__TI_renormd)
                  0001a0f2    000000b0     key.obj (.text:scankey)
                  0001a1a2    000000ae     HAL_PMM.obj (.text:SetVCoreDown)
                  0001a250    000000ae     usb.obj (.text:USB_init)
                  0001a2fe    000000ac     usbdma.obj (.text:memcpyDMA)
                  0001a3aa    000000a6     usb.obj (.text:usbGetEndpointStatus)
                  0001a450    000000a0     dma.obj (.text:DMA_init)
                  0001a4f0    000000a0     UsbHid.obj (.text:USBHID_sendData)
                  0001a590    000000a0     usbConstructs.obj (.text:hidSendDataInBackground)
                  0001a630    00000098     TFT_Screen.obj (.text:Show_ALLTHEME)
                  0001a6c8    00000094     rts430x_lc_sd_eabi.lib : fltlid.obj (.text:__mspabi_fltlid)
                  0001a75c    00000090     TFT_Screen.obj (.text:DRAW_Heart)
                  0001a7ec    0000008e     TFT_Screen.obj (.text:DRAW_NUM)
                  0001a87a    0000008e     TFT_Screen.obj (.text:Show_Select)
                  0001a908    0000008e     rts430x_lc_sd_eabi.lib : fs_div.obj (.text)
                  0001a996    0000008c                            : xfdnorm.obj (.text:_FDnorm)
                  0001aa22    0000008c                            : cvtdf.obj (.text:__mspabi_cvtdf)
                  0001aaae    0000008a     TFT_Screen.obj (.text:DRAW_Other)
                  0001ab38    00000084     bloodpreasure.obj (.text:int_aerate)
                  0001abbc    00000082     TFT_Screen.obj (.text:DRAW_Mi)
                  0001ac3e    00000082     TFT_Screen.obj (.text:DRAW_Mifan)
                  0001acc0    00000082     TFT_Screen.obj (.text:DRAW_NUM1)
                  0001ad42    00000082     TFT_Screen.obj (.text:DRAW_NUM1fan)
                  0001adc4    00000082     TFT_Screen.obj (.text:DRAW_han1616)
                  0001ae46    00000082     pmm.obj (.text:PMM_setVCore)
                  0001aec8    00000082     hal.obj (.text:initClocks)
                  0001af4a    00000080     TFT_Screen.obj (.text:DRAW_NUM4848)
                  0001afca    00000080     TFT_Screen.obj (.text:DRAW_han4848)
                  0001b04a    00000080     TFT_Screen.obj (.text:DRAW_han)
                  0001b0ca    00000080     TFT_Screen.obj (.text:DRAW_hanfan)
                  0001b14a    0000007e     UsbIsr.obj (.text:PWRVBUSoffHandler)
                  0001b1c8    0000007e     tlv.obj (.text:TLV_getInfo)
                  0001b246    0000007e     ucs.obj (.text:UCS_XT2StartWithTimeout)
                  0001b2c4    0000007e     usb.obj (.text:usbSendNextPacketOnIEP0)
                  0001b342    0000007c     rts430x_lc_sd_eabi.lib : ltoa.obj (.text:ltoa)
                  0001b3be    00000076                            : fltuld.obj (.text:__mspabi_fltuld)
                  0001b434    00000070                            : autoinit.obj (.text:_auto_init)
                  0001b4a4    0000006e     usb.obj (.text:usbGetStringDescriptor)
                  0001b512    0000006c     UsbIsr.obj (.text:PWRVBUSonHandler)
                  0001b57e    0000006c     TFT_Screen.obj (.text:SPILCD_SetWindow)
                  0001b5ea    0000006a     HAL_PMM.obj (.text:SetVCore)
                  0001b654    00000068     rts430x_lc_sd_eabi.lib : fixdul.obj (.text:__mspabi_fixdul)
                  0001b6bc    00000068                            : fs_toi.obj (.text)
                  0001b724    00000068     usb.obj (.text:usbReceiveNextPacketOnOEP0)
                  0001b78c    00000066     rts430x_lc_sd_eabi.lib : fixdli.obj (.text:__mspabi_fixdli)
                  0001b7f2    00000064                            : xfdunsca.obj (.text:_FDunscale)
                  0001b856    00000064                            : cvtfd.obj (.text:__mspabi_cvtfd)
                  0001b8ba    00000064     heartrate.obj (.text:convertTwoDigBinToASCII)
                  0001b91e    00000060     dma.obj (.text:DMA_setDstAddress)
                  0001b97e    0000005c     dma.obj (.text:DMA_setSrcAddress)
                  0001b9da    0000005c     UsbIsr.obj (.text:SetupPacketInterruptHandler)
                  0001ba36    00000058     TFT_Screen.obj (.text:SPILCD_Clear_Lim)
                  0001ba8e    00000058     ucs.obj (.text:UCS_initFLLSettle)
                  0001bae6    00000058     rts430x_lc_sd_eabi.lib : div32u.obj (.text)
                  0001bb3e    00000056     usb.obj (.text:usbSetEndpointFeature)
                  0001bb94    00000054     TFT_Screen.obj (.text:SPILCD_Clear)
                  0001bbe8    00000054     usb.obj (.text:usbClearEndpointFeature)
                  0001bc3c    0000004e     heartrate.obj (.text:ADC12_IO_Init)
                  0001bc8a    0000004e     usbdma.obj (.text:USB_initMemcpy)
                  0001bcd8    0000004e     BCUart.obj (.text:bcUartSend_char)
                  0001bd26    0000004a     rts430x_lc_sd_eabi.lib : fs_cmp.obj (.text)
                  0001bd70    00000048     spo2h.obj (.text:ad)
                  0001bdb8    00000048     usbdma.obj (.text:memcpyV)
                  0001be00    00000046     usb.obj (.text:USB_setup)
                  0001be46    00000046     spo2h.obj (.text:save)
                  0001be8c    00000044     bloodpreasure.obj (.text:int_adc12)
                  0001bed0    00000042     accel.obj (.text:Init_ADC)
                  0001bf12    00000040     UsbIsr.obj (.text:OEP0InterruptHandler)
                  0001bf52    00000040     usb.obj (.text:USB_connectionInfo)
                  0001bf92    00000040     rts430x_lc_sd_eabi.lib : cpy_util.obj (.text:__memcpy_far)
                  0001bfd2    00000040                            : div32s.obj (.text)
                  0001c012    0000003e                            : copy_zero_init.obj (.text:decompress:ZI:__TI_zero_init)
                  0001c050    0000003e                            : asr32.obj (.text:l_asr_const)
                  0001c08e    0000003e                            : lsl32.obj (.text:l_lsl_const)
                  0001c0cc    0000003e                            : lsr32.obj (.text:l_lsr_const)
                  0001c10a    0000003c     usbEventHandling.obj (.text:USBHID_handleEP0GetReport)
                  0001c146    0000003c     usbEventHandling.obj (.text:USBHID_handleEP0SetReport)
                  0001c182    0000003c     rts430x_lc_sd_eabi.lib : copy_decompress_none.obj (.text:decompress:none:__TI_decompress_none)
                  0001c1be    0000003c     spo2h.obj (.text:int_dac)
                  0001c1fa    0000003a     TFT_Screen.obj (.text:Delayms)
                  0001c234    0000003a     UsbHid.obj (.text:HidResetData)
                  0001c26e    0000003a     rts430x_lc_sd_eabi.lib : llmath.obj (.text:__mspabi_sllll)
                  0001c2a8    0000003a                            : llmath.obj (.text:__mspabi_srlll)
                  0001c2e2    00000038     TFT_Screen.obj (.text:Show_ButtonS1)
                  0001c31a    00000038     TFT_Screen.obj (.text:Show_ButtonS4)
                  0001c352    00000038     spo2h.obj (.text:int_adc)
                  0001c38a    00000036     TFT_Screen.obj (.text:NONUSE_LCD)
                  0001c3c0    00000036     rts430x_lc_sd_eabi.lib : fs_itof.obj (.text)
                  0001c3f6    00000036                            : signal.obj (.text:signal)
                  0001c42c    00000034     UsbHidReq.obj (.text:usbSetReport)
                  0001c460    00000032     TFT_Screen.obj (.text:USE_LCD)
                  0001c492    00000032     rts430x_lc_sd_eabi.lib : xferaise.obj (.text:_Feraise)
                  0001c4c4    00000032     key.obj (.text:init_key)
                  0001c4f6    00000032     rts430x_lc_sd_eabi.lib : raise.obj (.text:raise)
                  0001c528    00000032     usb.obj (.text:usbSetConfiguration)
                  0001c55a    00000030     TFT_Screen.obj (.text:DRAW_POINT)
                  0001c58a    00000030     rts430x_lc_sd_eabi.lib : feraiseexcept.obj (.text:feraiseexcept)
                  0001c5ba    00000030     usb.obj (.text:usbDisableInEndpointInterrupt)
                  0001c5ea    00000030     usb.obj (.text:usbDisableOutEndpointInterrupt)
                  0001c61a    00000030     usb.obj (.text:usbGetDeviceStatus)
                  0001c64a    00000030     usb.obj (.text:usbSendDataPacketOnEP0)
                  0001c67a    0000002e     rts430x_lc_sd_eabi.lib : subd.obj (.text:__mspabi_subd)
                  0001c6a8    0000002c                            : div16s.obj (.text)
                  0001c6d4    0000002a     BCUart.obj (.text:bcUartInit)
                  0001c6fe    0000002a     UsbHidReq.obj (.text:usbGetReport)
                  0001c728    00000028     rts430x_lc_sd_eabi.lib : fixdi.obj (.text:__mspabi_fixdi)
                  0001c750    00000026     dma.obj (.text:DMA_disableTransfers)
                  0001c776    00000026     dma.obj (.text:DMA_enableTransfers)
                  0001c79c    00000026     bt.obj (.text:Init_UART1)
                  0001c7c2    00000026     accel.obj (.text:adc12)
                  0001c7e8    00000024     dma.obj (.text:DMA_startTransfer)
                  0001c80c    00000024     rts430x_lc_sd_eabi.lib : fs_utof.obj (.text)
                  0001c830    00000022     dma.obj (.text:DMA_getInterruptStatus)
                  0001c852    00000022     dma.obj (.text:DMA_setTransferSize)
                  0001c874    00000022     ucs.obj (.text:UCS_clearFaultFlag)
                  0001c896    00000022     usb.obj (.text:USB_disable)
                  0001c8b8    00000022     rts430x_lc_sd_eabi.lib : mult32_f5hw.obj (.text)
                  0001c8da    00000020     sfr.obj (.text:SFR_clearInterrupt)
                  0001c8fa    00000020     usb.obj (.text:usbSetAddress)
                  0001c91a    0000001e     UsbHidReq.obj (.text:usbGetHidDescriptor)
                  0001c938    0000001e     usb.obj (.text:usbGetInterface)
                  0001c956    0000001e     usb.obj (.text:usbGetInterfaceStatus)
                  0001c974    0000001e     UsbHidReq.obj (.text:usbGetReportDescriptor)
                  0001c992    0000001c     UsbIsr.obj (.text:IEP0InterruptHandler)
                  0001c9ae    0000001c     TFT_Screen.obj (.text:LCD_WriteData)
                  0001c9ca    0000001c     spo2h.obj (.text:delay_2)
                  0001c9e6    0000001c     delay.obj (.text:myDelay)
                  0001ca02    0000001c     usb.obj (.text:usbReceiveDataPacketOnEP0)
                  0001ca1e    0000001a     TFT_Screen.obj (.text:LCD_WriteByteSPI)
                  0001ca38    0000001a     usb.obj (.text:USB_connect)
                  0001ca52    0000001a     TFT_Screen.obj (.text:init_LCD_hardware)
                  0001ca6c    00000018     UsbHid.obj (.text:HidIsReceiveInProgress)
                  0001ca84    00000018     usb.obj (.text:USB_resume)
                  0001ca9c    00000018     usb.obj (.text:usbClearDeviceFeature)
                  0001cab4    00000018     usb.obj (.text:usbSetDeviceFeature)
                  0001cacc    00000016     dma.obj (.text:DMA_disableTransferDuringReadModifyWrite)
                  0001cae2    00000016     dma.obj (.text:DMA_enableTransferDuringReadModifyWrite)
                  0001caf8    00000016     TFT_Screen.obj (.text:LCD_WriteRegIndex)
                  0001cb0e    00000016     rts430x_lc_sd_eabi.lib : div16u.obj (.text)
                  0001cb24    00000016                            : mult16_f5hw.obj (.text)
                  0001cb3a    00000016     usb.obj (.text:usbGetConfigurationDescriptor)
                  0001cb50    00000016     usb.obj (.text:usbGetDeviceDescriptor)
                  0001cb66    00000014     usbEventHandling.obj (.text:USB_handleVbusOnEvent)
                  0001cb7a    00000014     rts430x_lc_sd_eabi.lib : memset.obj (.text:memset)
                  0001cb8e    00000014     usb.obj (.text:usbGetConfiguration)
                  0001cba2    00000012     TFT_Screen.obj (.text:Show_ButtonS2)
                  0001cbb4    00000012     TFT_Screen.obj (.text:Show_ButtonS3)
                  0001cbc6    00000012     rts430x_lc_sd_eabi.lib : fixdu.obj (.text:__mspabi_fixdu)
                  0001cbd8    00000012                            : memcpy.obj (.text:memcpy)
                  0001cbea    00000012     usb.obj (.text:usbSetInterface)
                  0001cbfc    00000010     usb.obj (.text:USB_setEnabledEvents)
                  0001cc0c    00000010     rts430x_lc_sd_eabi.lib : asr32.obj (.text:l_asr)
                  0001cc1c    00000010                            : lsl32.obj (.text:l_lsl)
                  0001cc2c    00000010                            : lsr32.obj (.text:l_lsr)
                  0001cc3c    0000000e     TFT_Screen.obj (.text:SPILCD_WriteRAM)
                  0001cc4a    0000000e     rts430x_lc_sd_eabi.lib : copy_decompress_rle.obj (.text:decompress:rle24:__TI_decompress_rle24)
                  0001cc58    0000000e     usb.obj (.text:usbInvalidRequest)
                  0001cc66    0000000e     usb.obj (.text:usbRestoreInEndpointInterrupt)
                  0001cc74    0000000e     usb.obj (.text:usbRestoreOutEndpointInterrupt)
                  0001cc82    0000000e     usb.obj (.text:usbSendZeroLengthPacketOnIEP0)
                  0001cc90    0000000c     usbEventHandling.obj (.text:USBHID_handleDataReceived)
                  0001cc9c    0000000c     usbEventHandling.obj (.text:USBHID_handleEP0SetReportDataAvailable)
                  0001cca8    0000000c     usbEventHandling.obj (.text:USBHID_handleReceiveCompleted)
                  0001ccb4    0000000c     usbEventHandling.obj (.text:USBHID_handleSendCompleted)
                  0001ccc0    0000000c     rts430x_lc_sd_eabi.lib : fltid.obj (.text:__mspabi_fltid)
                  0001cccc    0000000a     system_pre_init.obj (.text:_system_pre_init)
                  0001ccd6    0000000a     rts430x_lc_sd_eabi.lib : abs.obj (.text:abs)
                  0001cce0    0000000a                            : fs_neg.obj (.text)
                  0001ccea    0000000a                            : lsl16.obj (.text)
                  0001ccf4    0000000a                            : lsr16.obj (.text)
                  0001ccfe    0000000a     usb.obj (.text:usbStallEndpoint0)
                  0001cd08    00000006     usb.obj (.text:USB_getVersion)
                  0001cd0e    00000006     rts430x_lc_sd_eabi.lib : isr_trap.obj (.text:__TI_ISR_TRAP)
                  0001cd14    00000006                            : fltud.obj (.text:__mspabi_fltud)
                  0001cd1a    00000006     usb.obj (.text:usbClearOEP0ByteCount)
                  0001cd20    00000006     usb.obj (.text:usbStallOEP0)
                  0001cd26    00000004     usbEventHandling.obj (.text:USB_handleClockEvent)
                  0001cd2a    00000004     usbEventHandling.obj (.text:USB_handleEnumCompleteEvent)
                  0001cd2e    00000004     usbEventHandling.obj (.text:USB_handleResetEvent)
                  0001cd32    00000004     usbEventHandling.obj (.text:USB_handleResumeEvent)
                  0001cd36    00000004     usbEventHandling.obj (.text:USB_handleSuspendEvent)
                  0001cd3a    00000004     usbEventHandling.obj (.text:USB_handleVbusOffEvent)
                  0001cd3e    00000004     rts430x_lc_sd_eabi.lib : exit.obj (.text:abort)
                  0001cd42    00000002                            : _lock.obj (.text:_nop)


LINKER GENERATED COPY TABLES

__TI_cinit_table @ 00009856 records: 2, size/record: 8, table size: 16
	.data: load addr=000097fa, load size=0000004a bytes, run addr=00003e2e, run size=0000017d bytes, compression=rle
	.bss: load addr=00009850, load size=00000006 bytes, run addr=00002400, run size=00001a2e bytes, compression=zero_init


LINKER GENERATED HANDLER TABLE

__TI_handler_table @ 00009844 records: 3, size/record: 4, table size: 12
	index: 0, handler: __TI_zero_init
	index: 1, handler: __TI_decompress_rle24
	index: 2, handler: __TI_decompress_none


GLOBAL SYMBOLS: SORTED ALPHABETICALLY BY Name 

address    name
--------   ----
000118da   ACCEL
00018e7e   ACCELMENU
00000700   ADC12CTL0
00000701   ADC12CTL0_H
00000700   ADC12CTL0_L
00000702   ADC12CTL1
00000703   ADC12CTL1_H
00000702   ADC12CTL1_L
00000704   ADC12CTL2
00000705   ADC12CTL2_H
00000704   ADC12CTL2_L
0000070c   ADC12IE
0000070d   ADC12IE_H
0000070c   ADC12IE_L
0000070a   ADC12IFG
0000070b   ADC12IFG_H
0000070a   ADC12IFG_L
00004400   ADC12ISR
0000070e   ADC12IV
0000070f   ADC12IV_H
0000070e   ADC12IV_L
00000710   ADC12MCTL0
00000711   ADC12MCTL1
0000071a   ADC12MCTL10
0000071b   ADC12MCTL11
0000071c   ADC12MCTL12
0000071d   ADC12MCTL13
0000071e   ADC12MCTL14
0000071f   ADC12MCTL15
00000712   ADC12MCTL2
00000713   ADC12MCTL3
00000714   ADC12MCTL4
00000715   ADC12MCTL5
00000716   ADC12MCTL6
00000717   ADC12MCTL7
00000718   ADC12MCTL8
00000719   ADC12MCTL9
00000720   ADC12MEM0
00000721   ADC12MEM0_H
00000720   ADC12MEM0_L
00000722   ADC12MEM1
00000734   ADC12MEM10
00000735   ADC12MEM10_H
00000734   ADC12MEM10_L
00000736   ADC12MEM11
00000737   ADC12MEM11_H
00000736   ADC12MEM11_L
00000738   ADC12MEM12
00000739   ADC12MEM12_H
00000738   ADC12MEM12_L
0000073a   ADC12MEM13
0000073b   ADC12MEM13_H
0000073a   ADC12MEM13_L
0000073c   ADC12MEM14
0000073d   ADC12MEM14_H
0000073c   ADC12MEM14_L
0000073e   ADC12MEM15
0000073f   ADC12MEM15_H
0000073e   ADC12MEM15_L
00000723   ADC12MEM1_H
00000722   ADC12MEM1_L
00000724   ADC12MEM2
00000725   ADC12MEM2_H
00000724   ADC12MEM2_L
00000726   ADC12MEM3
00000727   ADC12MEM3_H
00000726   ADC12MEM3_L
00000728   ADC12MEM4
00000729   ADC12MEM4_H
00000728   ADC12MEM4_L
0000072a   ADC12MEM5
0000072b   ADC12MEM5_H
0000072a   ADC12MEM5_L
0000072c   ADC12MEM6
0000072d   ADC12MEM6_H
0000072c   ADC12MEM6_L
0000072e   ADC12MEM7
0000072f   ADC12MEM7_H
0000072e   ADC12MEM7_L
00000730   ADC12MEM8
00000731   ADC12MEM8_H
00000730   ADC12MEM8_L
00000732   ADC12MEM9
00000733   ADC12MEM9_H
00000732   ADC12MEM9_L
0001bc3c   ADC12_IO_Init
00008bb2   ATheme2
00008cb2   ATheme3
000084fa   Ahan
00003d7a   Ax
00003d7e   Axmax
00003d82   Axmin
00003d86   Ay
00003d8a   Aymax
00003d8e   Aymin
00003d92   Az
00003d96   Azmax
00003d9a   Azmin
000087fa   BME
00017678   BP
00005ada   BPhan
00003f7a   BUTTON_S1
00003f7c   BUTTON_S2
00003f7e   BUTTON_S3
00003f80   BUTTON_S4
00008db2   Back
0000793a   Bug2
0000675a   Bug3
0001cd3e   C$$EXIT
000008c0   CBCTL0
000008c1   CBCTL0_H
000008c0   CBCTL0_L
000008c2   CBCTL1
000008c3   CBCTL1_H
000008c2   CBCTL1_L
000008c4   CBCTL2
000008c5   CBCTL2_H
000008c4   CBCTL2_L
000008c6   CBCTL3
000008c7   CBCTL3_H
000008c6   CBCTL3_L
000008cc   CBINT
000008cd   CBINT_H
000008cc   CBINT_L
000008ce   CBIV
00000150   CRCDI
00000152   CRCDIRB
00000153   CRCDIRB_H
00000152   CRCDIRB_L
00000151   CRCDI_H
00000150   CRCDI_L
00000154   CRCINIRES
00000155   CRCINIRES_H
00000154   CRCINIRES_L
00000156   CRCRESR
00000157   CRCRESR_H
00000156   CRCRESR_L
00007f7a   CRC_TA
00007d7a   CRC_TA3
00003e24   CRCindex
00003dd2   CRCresult
00003e25   CRCtmp
00000510   DMA0CTL
00000511   DMA0CTL_H
00000510   DMA0CTL_L
00000516   DMA0DA
00000516   DMA0DAL
00000512   DMA0SA
00000512   DMA0SAL
0000051a   DMA0SZ
00000520   DMA1CTL
00000521   DMA1CTL_H
00000520   DMA1CTL_L
00000526   DMA1DA
00000526   DMA1DAL
00000522   DMA1SA
00000522   DMA1SAL
0000052a   DMA1SZ
00000530   DMA2CTL
00000531   DMA2CTL_H
00000530   DMA2CTL_L
00000536   DMA2DA
00000536   DMA2DAL
00000532   DMA2SA
00000532   DMA2SAL
0000053a   DMA2SZ
00000500   DMACTL0
00000501   DMACTL0_H
00000500   DMACTL0_L
00000502   DMACTL1
00000503   DMACTL1_H
00000502   DMACTL1_L
00000504   DMACTL2
00000505   DMACTL2_H
00000504   DMACTL2_L
00000506   DMACTL3
00000507   DMACTL3_H
00000506   DMACTL3_L
00000508   DMACTL4
00000509   DMACTL4_H
00000508   DMACTL4_L
0000050e   DMAIV
0000050f   DMAIV_H
0000050e   DMAIV_L
0001cacc   DMA_disableTransferDuringReadModifyWrite
0001c750   DMA_disableTransfers
0001cae2   DMA_enableTransferDuringReadModifyWrite
0001c776   DMA_enableTransfers
0001c830   DMA_getInterruptStatus
0001a450   DMA_init
0001b91e   DMA_setDstAddress
0001b97e   DMA_setSrcAddress
0001c852   DMA_setTransferSize
0001c7e8   DMA_startTransfer
0001a75c   DRAW_Heart
00019470   DRAW_LINE
0001abbc   DRAW_Mi
0001ac3e   DRAW_Mifan
0001a7ec   DRAW_NUM
0001acc0   DRAW_NUM1
0001ad42   DRAW_NUM1fan
0001af4a   DRAW_NUM4848
0001aaae   DRAW_Other
0001c55a   DRAW_POINT
0001b04a   DRAW_han
0001adc4   DRAW_han1616
0001afca   DRAW_han4848
0001b0ca   DRAW_hanfan
0001c1fa   Delayms
00009516   Down
00003dd4   ECG_Faddr
00000140   FCTL1
00000141   FCTL1_H
00000140   FCTL1_L
00000144   FCTL3
00000145   FCTL3_H
00000144   FCTL3_L
00000146   FCTL4
00000147   FCTL4_H
00000146   FCTL4_L
0001990a   GPIO_setAsPeripheralModuleFunctionOutputPin
00014564   HR
00014002   HRCaculate
00003dd6   HRate
0000817a   HRhan
000070fa   HRhan2
00008fb2   Hhan
00019c6a   HidCopyUsbToBuff
0001ca6c   HidIsReceiveInProgress
0001c234   HidResetData
00017894   HidToBufferFromHost
00017e24   HidToHostFromBuffer
0001c992   IEP0InterruptHandler
00016a74   ILI9325_CMO24_Initial
0001bed0   Init_ADC
0001c79c   Init_UART1
0001ca1e   LCD_WriteByteSPI
0001c9ae   LCD_WriteData
0001caf8   LCD_WriteRegIndex
00003dd8   LSB
000004c4   MAC
000004da   MAC32H
000004db   MAC32H_H
000004da   MAC32H_L
000004d8   MAC32L
000004d9   MAC32L_H
000004d8   MAC32L_L
000004c6   MACS
000004de   MACS32H
000004df   MACS32H_H
000004de   MACS32H_L
000004dc   MACS32L
000004dd   MACS32L_H
000004dc   MACS32L_L
000004c7   MACS_H
000004c6   MACS_L
000004c5   MAC_H
000004c4   MAC_L
000004c0   MPY
000004ec   MPY32CTL0
000004ed   MPY32CTL0_H
000004ec   MPY32CTL0_L
000004d2   MPY32H
000004d3   MPY32H_H
000004d2   MPY32H_L
000004d0   MPY32L
000004d1   MPY32L_H
000004d0   MPY32L_L
000004c2   MPYS
000004d6   MPYS32H
000004d7   MPYS32H_H
000004d6   MPYS32H_L
000004d4   MPYS32L
000004d5   MPYS32L_H
000004d4   MPYS32L_L
000004c3   MPYS_H
000004c2   MPYS_L
000004c1   MPY_H
000004c0   MPY_L
00003dda   MSB
000073fa   MSP
00009596   Mi
0001c38a   NONUSE_LCD
0001bf12   OEP0InterruptHandler
000004c8   OP2
000004e2   OP2H
000004e3   OP2H_H
000004e2   OP2H_L
000004e0   OP2L
000004e1   OP2L_H
000004e0   OP2L_L
000004c9   OP2_H
000004c8   OP2_L
0000020e   P1IV
0000021e   P2IV
000001e0   P4MAP01
000001e1   P4MAP01_H
000001e0   P4MAP01_L
000001e2   P4MAP23
000001e3   P4MAP23_H
000001e2   P4MAP23_L
000001e4   P4MAP45
000001e5   P4MAP45_H
000001e4   P4MAP45_L
000001e6   P4MAP67
000001e7   P4MAP67_H
000001e6   P4MAP67_L
00000204   PADIR
00000205   PADIR_H
00000204   PADIR_L
00000208   PADS
00000209   PADS_H
00000208   PADS_L
0000021a   PAIE
00000218   PAIES
00000219   PAIES_H
00000218   PAIES_L
0000021b   PAIE_H
0000021a   PAIE_L
0000021c   PAIFG
0000021d   PAIFG_H
0000021c   PAIFG_L
00000200   PAIN
00000201   PAIN_H
00000200   PAIN_L
00000202   PAOUT
00000203   PAOUT_H
00000202   PAOUT_L
00000206   PAREN
00000207   PAREN_H
00000206   PAREN_L
0000020a   PASEL
0000020b   PASEL_H
0000020a   PASEL_L
00000224   PBDIR
00000225   PBDIR_H
00000224   PBDIR_L
00000228   PBDS
00000229   PBDS_H
00000228   PBDS_L
00000220   PBIN
00000221   PBIN_H
00000220   PBIN_L
00000222   PBOUT
00000223   PBOUT_H
00000222   PBOUT_L
00000226   PBREN
00000227   PBREN_H
00000226   PBREN_L
0000022a   PBSEL
0000022b   PBSEL_H
0000022a   PBSEL_L
00000244   PCDIR
00000245   PCDIR_H
00000244   PCDIR_L
00000248   PCDS
00000249   PCDS_H
00000248   PCDS_L
00000240   PCIN
00000241   PCIN_H
00000240   PCIN_L
00000242   PCOUT
00000243   PCOUT_H
00000242   PCOUT_L
00000246   PCREN
00000247   PCREN_H
00000246   PCREN_L
0000024a   PCSEL
0000024b   PCSEL_H
0000024a   PCSEL_L
00000264   PDDIR
00000265   PDDIR_H
00000264   PDDIR_L
00000268   PDDS
00000269   PDDS_H
00000268   PDDS_L
00000260   PDIN
00000261   PDIN_H
00000260   PDIN_L
00000262   PDOUT
00000263   PDOUT_H
00000262   PDOUT_L
00000266   PDREN
00000267   PDREN_H
00000266   PDREN_L
0000026a   PDSEL
0000026b   PDSEL_H
0000026a   PDSEL_L
00000324   PJDIR
00000325   PJDIR_H
00000324   PJDIR_L
00000328   PJDS
00000329   PJDS_H
00000328   PJDS_L
00000320   PJIN
00000321   PJIN_H
00000320   PJIN_L
00000322   PJOUT
00000323   PJOUT_H
00000322   PJOUT_L
00000326   PJREN
00000327   PJREN_H
00000326   PJREN_L
00000130   PM5CTL0
00000131   PM5CTL0_H
00000130   PM5CTL0_L
000001c2   PMAPCTL
000001c3   PMAPCTL_H
000001c2   PMAPCTL_L
000001c0   PMAPKEYID
000001c1   PMAPKEYID_H
000001c0   PMAPKEYID_L
00000120   PMMCTL0
00000121   PMMCTL0_H
00000120   PMMCTL0_L
00000122   PMMCTL1
00000123   PMMCTL1_H
00000122   PMMCTL1_L
0000012c   PMMIFG
0000012d   PMMIFG_H
0000012c   PMMIFG_L
0000012e   PMMRIE
0000012f   PMMRIE_H
0000012e   PMMRIE_L
0001ae46   PMM_setVCore
00018c62   PMM_setVCoreDown
00017fe6   PMM_setVCoreUp
0001b14a   PWRVBUSoffHandler
0001b512   PWRVBUSonHandler
000090b2   Phan
00004916   Port1_ISR
00003f50   Q
00003f58   Q1
00003f5c   Q2
00000158   RCCTL0
00000159   RCCTL0_H
00000158   RCCTL0_L
000001b0   REFCTL0
000001b1   REFCTL0_H
000001b0   REFCTL0_L
000004e4   RES0
000004e5   RES0_H
000004e4   RES0_L
000004e6   RES1
000004e7   RES1_H
000004e6   RES1_L
000004e8   RES2
000004e9   RES2_H
000004e8   RES2_L
000004ea   RES3
000004eb   RES3_H
000004ea   RES3_L
000004cc   RESHI
000004cd   RESHI_H
000004cc   RESHI_L
000004ca   RESLO
000004cb   RESLO_H
000004ca   RESLO_L
000004ba   RTCADOWDAY
000004bb   RTCADOWDAY_H
000004ba   RTCADOWDAY_L
000004b8   RTCAMINHR
000004b9   RTCAMINHR_H
000004b8   RTCAMINHR_L
000004a0   RTCCTL01
000004a1   RTCCTL01_H
000004a0   RTCCTL01_L
000004a2   RTCCTL23
000004a3   RTCCTL23_H
000004a2   RTCCTL23_L
000004b4   RTCDATE
000004b5   RTCDATE_H
000004b4   RTCDATE_L
000004ae   RTCIV
000004ac   RTCPS
000004a8   RTCPS0CTL
000004a9   RTCPS0CTL_H
000004a8   RTCPS0CTL_L
000004aa   RTCPS1CTL
000004ab   RTCPS1CTL_H
000004aa   RTCPS1CTL_L
000004ad   RTCPS_H
000004ac   RTCPS_L
000004b0   RTCTIM0
000004b1   RTCTIM0_H
000004b0   RTCTIM0_L
000004b2   RTCTIM1
000004b3   RTCTIM1_H
000004b2   RTCTIM1_L
000004b6   RTCYEAR
000004b7   RTCYEAR_H
000004b6   RTCYEAR_L
00009616   SEU
00000100   SFRIE1
00000101   SFRIE1_H
00000100   SFRIE1_L
00000102   SFRIFG1
00000103   SFRIFG1_H
00000102   SFRIFG1_L
00000104   SFRRPCR
00000105   SFRRPCR_H
00000104   SFRRPCR_L
0001c8da   SFR_clearInterrupt
0001bb94   SPILCD_Clear
0001ba36   SPILCD_Clear_Lim
0001b57e   SPILCD_SetWindow
0001cc3c   SPILCD_WriteRAM
00012e68   SPO2H
000004ce   SUMEXT
000004cf   SUMEXT_H
000004ce   SUMEXT_L
00000124   SVSMHCTL
00000125   SVSMHCTL_H
00000124   SVSMHCTL_L
00000128   SVSMIO
00000129   SVSMIO_H
00000128   SVSMIO_L
00000126   SVSMLCTL
00000127   SVSMLCTL_H
00000126   SVSMLCTL_L
00000198   SYSBERRIV
00000199   SYSBERRIV_H
00000198   SYSBERRIV_L
00000182   SYSBSLC
00000183   SYSBSLC_H
00000182   SYSBSLC_L
00000180   SYSCTL
00000181   SYSCTL_H
00000180   SYSCTL_L
00000186   SYSJMBC
00000187   SYSJMBC_H
00000186   SYSJMBC_L
00000188   SYSJMBI0
00000189   SYSJMBI0_H
00000188   SYSJMBI0_L
0000018a   SYSJMBI1
0000018b   SYSJMBI1_H
0000018a   SYSJMBI1_L
0000018c   SYSJMBO0
0000018d   SYSJMBO0_H
0000018c   SYSJMBO0_L
0000018e   SYSJMBO1
0000018f   SYSJMBO1_H
0000018e   SYSJMBO1_L
0000019e   SYSRSTIV
0000019f   SYSRSTIV_H
0000019e   SYSRSTIV_L
0000019c   SYSSNIV
0000019d   SYSSNIV_H
0000019c   SYSSNIV_L
0000019a   SYSUNIV
0000019b   SYSUNIV_H
0000019a   SYSUNIV_L
00003d9e   Sa
00003da2   Samax
00003da6   Samin
0001b5ea   SetVCore
0001b9da   SetupPacketInterruptHandler
000091b2   Shan
00019d40   Show_ACCELMenuMode
0001a630   Show_ALLTHEME
0001c2e2   Show_ButtonS1
0001cba2   Show_ButtonS2
0001cbb4   Show_ButtonS3
0001c31a   Show_ButtonS4
00015bb8   Show_MenuMode
000199e2   Show_MenuTheme
0001a87a   Show_Select
00014f08   Show_TranMenuMode
00018562   Show_splash
00019562   SpO2_lcd
000092b2   Sure
00000352   TA0CCR0
00000354   TA0CCR1
00000356   TA0CCR2
00000358   TA0CCR3
0000035a   TA0CCR4
00000342   TA0CCTL0
00000344   TA0CCTL1
00000346   TA0CCTL2
00000348   TA0CCTL3
0000034a   TA0CCTL4
00000340   TA0CTL
00000360   TA0EX0
0000036e   TA0IV
00000350   TA0R
00000392   TA1CCR0
00000394   TA1CCR1
00000396   TA1CCR2
00000382   TA1CCTL0
00000384   TA1CCTL1
00000386   TA1CCTL2
00000380   TA1CTL
000003a0   TA1EX0
000003ae   TA1IV
00000390   TA1R
00000412   TA2CCR0
00000414   TA2CCR1
00000416   TA2CCR2
00000402   TA2CCTL0
00000404   TA2CCTL1
00000406   TA2CCTL2
00000400   TA2CTL
00000420   TA2EX0
0000042e   TA2IV
00000410   TA2R
000003d2   TB0CCR0
000003d4   TB0CCR1
000003d6   TB0CCR2
000003d8   TB0CCR3
000003da   TB0CCR4
000003dc   TB0CCR5
000003de   TB0CCR6
000003c2   TB0CCTL0
000003c4   TB0CCTL1
000003c6   TB0CCTL2
000003c8   TB0CCTL3
000003ca   TB0CCTL4
000003cc   TB0CCTL5
000003ce   TB0CCTL6
000003c0   TB0CTL
000003e0   TB0EX0
000003ee   TB0IV
000003d0   TB0R
0001b1c8   TLV_getInfo
000053da   Theme
000005d0   UCA0ABCTL
000005c6   UCA0BRW
000005c7   UCA0BRW_H
000005c6   UCA0BRW_L
000005c0   UCA0CTLW0
000005c1   UCA0CTLW0_H
000005c0   UCA0CTLW0_L
000005dc   UCA0ICTL
000005dd   UCA0ICTL_H
000005dc   UCA0ICTL_L
000005d2   UCA0IRCTL
000005d3   UCA0IRCTL_H
000005d2   UCA0IRCTL_L
000005de   UCA0IV
000005c8   UCA0MCTL
000005cc   UCA0RXBUF
000005ca   UCA0STAT
000005ce   UCA0TXBUF
00000610   UCA1ABCTL
00000606   UCA1BRW
00000607   UCA1BRW_H
00000606   UCA1BRW_L
00000600   UCA1CTLW0
00000601   UCA1CTLW0_H
00000600   UCA1CTLW0_L
0000061c   UCA1ICTL
0000061d   UCA1ICTL_H
0000061c   UCA1ICTL_L
00000612   UCA1IRCTL
00000613   UCA1IRCTL_H
00000612   UCA1IRCTL_L
0000061e   UCA1IV
00000608   UCA1MCTL
0000060c   UCA1RXBUF
0000060a   UCA1STAT
0000060e   UCA1TXBUF
000005e6   UCB0BRW
000005e7   UCB0BRW_H
000005e6   UCB0BRW_L
000005e0   UCB0CTLW0
000005e1   UCB0CTLW0_H
000005e0   UCB0CTLW0_L
000005f0   UCB0I2COA
000005f1   UCB0I2COA_H
000005f0   UCB0I2COA_L
000005f2   UCB0I2CSA
000005f3   UCB0I2CSA_H
000005f2   UCB0I2CSA_L
000005fc   UCB0ICTL
000005fd   UCB0ICTL_H
000005fc   UCB0ICTL_L
000005fe   UCB0IV
000005ec   UCB0RXBUF
000005ea   UCB0STAT
000005ee   UCB0TXBUF
00000626   UCB1BRW
00000627   UCB1BRW_H
00000626   UCB1BRW_L
00000620   UCB1CTLW0
00000621   UCB1CTLW0_H
00000620   UCB1CTLW0_L
00000630   UCB1I2COA
00000631   UCB1I2COA_H
00000630   UCB1I2COA_L
00000632   UCB1I2CSA
00000633   UCB1I2CSA_H
00000632   UCB1I2CSA_L
0000063c   UCB1ICTL
0000063d   UCB1ICTL_H
0000063c   UCB1ICTL_L
0000063e   UCB1IV
0000062c   UCB1RXBUF
0000062a   UCB1STAT
0000062e   UCB1TXBUF
00000160   UCSCTL0
00000161   UCSCTL0_H
00000160   UCSCTL0_L
00000162   UCSCTL1
00000163   UCSCTL1_H
00000162   UCSCTL1_L
00000164   UCSCTL2
00000165   UCSCTL2_H
00000164   UCSCTL2_L
00000166   UCSCTL3
00000167   UCSCTL3_H
00000166   UCSCTL3_L
00000168   UCSCTL4
00000169   UCSCTL4_H
00000168   UCSCTL4_L
0000016a   UCSCTL5
0000016b   UCSCTL5_H
0000016a   UCSCTL5_L
0000016c   UCSCTL6
0000016d   UCSCTL6_H
0000016c   UCSCTL6_L
0000016e   UCSCTL7
0000016f   UCSCTL7_H
0000016e   UCSCTL7_L
00000170   UCSCTL8
00000171   UCSCTL8_H
00000170   UCSCTL8_L
0001b246   UCS_XT2StartWithTimeout
0001c874   UCS_clearFaultFlag
00018418   UCS_clockSignalInit
00018164   UCS_initFLL
0001ba8e   UCS_initFLLSettle
000048b8   UNMI_ISR
00000902   USBCNF
00000903   USBCNF_H
00000902   USBCNF_L
0000093c   USBCTL
0000093a   USBFN
0000093b   USBFN_H
0000093a   USBFN_L
0000093f   USBFUNADR
0001cc90   USBHID_handleDataReceived
0001c10a   USBHID_handleEP0GetReport
0001c146   USBHID_handleEP0SetReport
0001cc9c   USBHID_handleEP0SetReportDataAvailable
0001cca8   USBHID_handleReceiveCompleted
0001ccb4   USBHID_handleSendCompleted
0001973e   USBHID_intfStatus
0001a4f0   USBHID_sendData
0000093d   USBIE
00002378   USBIEP0BUF
000023c9   USBIEPBBAX_1
000023d1   USBIEPBBAX_2
000023d9   USBIEPBBAX_3
000023e1   USBIEPBBAX_4
000023e9   USBIEPBBAX_5
000023f1   USBIEPBBAX_6
000023f9   USBIEPBBAX_7
000023cd   USBIEPBBAY_1
000023d5   USBIEPBBAY_2
000023dd   USBIEPBBAY_3
000023e5   USBIEPBBAY_4
000023ed   USBIEPBBAY_5
000023f5   USBIEPBBAY_6
000023fd   USBIEPBBAY_7
000023ca   USBIEPBCTX_1
000023d2   USBIEPBCTX_2
000023da   USBIEPBCTX_3
000023e2   USBIEPBCTX_4
000023ea   USBIEPBCTX_5
000023f2   USBIEPBCTX_6
000023fa   USBIEPBCTX_7
000023ce   USBIEPBCTY_1
000023d6   USBIEPBCTY_2
000023de   USBIEPBCTY_3
000023e6   USBIEPBCTY_4
000023ee   USBIEPBCTY_5
000023f6   USBIEPBCTY_6
000023fe   USBIEPBCTY_7
00000920   USBIEPCNF_0
000023c8   USBIEPCNF_1
000023d0   USBIEPCNF_2
000023d8   USBIEPCNF_3
000023e0   USBIEPCNF_4
000023e8   USBIEPCNF_5
000023f0   USBIEPCNF_6
000023f8   USBIEPCNF_7
00000921   USBIEPCNT_0
0000092e   USBIEPIE
00000930   USBIEPIFG
000023cf   USBIEPSIZXY_1
000023d7   USBIEPSIZXY_2
000023df   USBIEPSIZXY_3
000023e7   USBIEPSIZXY_4
000023ef   USBIEPSIZXY_5
000023f7   USBIEPSIZXY_6
000023ff   USBIEPSIZXY_7
0000093e   USBIFG
00000900   USBKEYID
00000901   USBKEYID_H
00000900   USBKEYID_L
00000936   USBMAINT
00000937   USBMAINT_H
00000936   USBMAINT_L
00002370   USBOEP0BUF
00002389   USBOEPBBAX_1
00002391   USBOEPBBAX_2
00002399   USBOEPBBAX_3
000023a1   USBOEPBBAX_4
000023a9   USBOEPBBAX_5
000023b1   USBOEPBBAX_6
000023b9   USBOEPBBAX_7
0000238d   USBOEPBBAY_1
00002395   USBOEPBBAY_2
0000239d   USBOEPBBAY_3
000023a5   USBOEPBBAY_4
000023ad   USBOEPBBAY_5
000023b5   USBOEPBBAY_6
000023bd   USBOEPBBAY_7
0000238a   USBOEPBCTX_1
00002392   USBOEPBCTX_2
0000239a   USBOEPBCTX_3
000023a2   USBOEPBCTX_4
000023aa   USBOEPBCTX_5
000023b2   USBOEPBCTX_6
000023ba   USBOEPBCTX_7
0000238e   USBOEPBCTY_1
00002396   USBOEPBCTY_2
0000239e   USBOEPBCTY_3
000023a6   USBOEPBCTY_4
000023ae   USBOEPBCTY_5
000023b6   USBOEPBCTY_6
000023be   USBOEPBCTY_7
00000922   USBOEPCNF_0
00002388   USBOEPCNF_1
00002390   USBOEPCNF_2
00002398   USBOEPCNF_3
000023a0   USBOEPCNF_4
000023a8   USBOEPCNF_5
000023b0   USBOEPCNF_6
000023b8   USBOEPCNF_7
00000923   USBOEPCNT_0
0000092f   USBOEPIE
00000931   USBOEPIFG
0000238f   USBOEPSIZXY_1
00002397   USBOEPSIZXY_2
0000239f   USBOEPSIZXY_3
000023a7   USBOEPSIZXY_4
000023af   USBOEPSIZXY_5
000023b7   USBOEPSIZXY_6
000023bf   USBOEPSIZXY_7
00000904   USBPHYCTL
00000905   USBPHYCTL_H
00000904   USBPHYCTL_L
00000910   USBPLLCTL
00000911   USBPLLCTL_H
00000910   USBPLLCTL_L
00000912   USBPLLDIVB
00000913   USBPLLDIVB_H
00000912   USBPLLDIVB_L
00000914   USBPLLIR
00000915   USBPLLIR_H
00000914   USBPLLIR_L
00000908   USBPWRCTL
00000909   USBPWRCTL_H
00000908   USBPWRCTL_L
00001c00   USBSTABUFF
00002380   USBSUBLK
0000236f   USBTOPBUFF
00000938   USBTSREG
00000939   USBTSREG_H
00000938   USBTSREG_L
00000932   USBVECINT
00000933   USBVECINT_H
00000932   USBVECINT_L
0001869e   USB_InitSerialStringDescriptor
00003daa   USB_RX_memcpy
00003dae   USB_TX_memcpy
0001ca38   USB_connect
0001bf52   USB_connectionInfo
00019e16   USB_determineFreq
0001c896   USB_disable
00019288   USB_enable
0001cd08   USB_getVersion
0001cd26   USB_handleClockEvent
0001cd2a   USB_handleEnumCompleteEvent
0001cd2e   USB_handleResetEvent
0001cd32   USB_handleResumeEvent
0001cd36   USB_handleSuspendEvent
0001cd3a   USB_handleVbusOffEvent
0001cb66   USB_handleVbusOnEvent
0001a250   USB_init
0001bc8a   USB_initMemcpy
000182ca   USB_reset
0001ca84   USB_resume
0001cbfc   USB_setEnabledEvents
0001be00   USB_setup
000049a8   USCI_A0_ISR
0001c460   USE_LCD
00009696   Up
00003f9e   VERSION
00010000   WALK
0000015c   WDTCTL
0000015d   WDTCTL_H
0000015c   WDTCTL_L
00003fa8   _Errno
00018908   _FAtan
00003ede   _FDenorm
0001a996   _FDnorm
00018b4e   _FDscale
0001b7f2   _FDunscale
00003eee   _FEps
00003efe   _FInf
00003f0e   _FNan
00003f2e   _FRteps
00003f1e   _FSnan
00003f3e   _FXbig
00003f42   _FZero
00003f8c   _Fenv
0001c492   _Feraise
00003f90   _Tls_setup__Fenv
00004400   __STACK_END
00000258   __STACK_SIZE
00009856   __TI_CINIT_Base
00009866   __TI_CINIT_Limit
00009844   __TI_Handler_Table_Base
00009850   __TI_Handler_Table_Limit
UNDEFED    __TI_INITARRAY_Base
UNDEFED    __TI_INITARRAY_Limit
0001cd0e   __TI_ISR_TRAP
00000001   __TI_args_main
0001c182   __TI_decompress_none
0001cc4a   __TI_decompress_rle24
00000001   __TI_exit
00016fae   __TI_frcaddd
0001536c   __TI_frcdivd
00015f1c   __TI_frcmpyd
0000ffd2   __TI_int41
0000ffd4   __TI_int42
0000ffd6   __TI_int43
0000ffd8   __TI_int44
0000ffda   __TI_int45
0000ffdc   __TI_int46
0000ffde   __TI_int47
0000ffe0   __TI_int48
0000ffe2   __TI_int49
0000ffe4   __TI_int50
0000ffe6   __TI_int51
0000ffe8   __TI_int52
0000ffea   __TI_int53
0000ffec   __TI_int54
0000ffee   __TI_int55
0000fff0   __TI_int56
0000fff2   __TI_int57
0000fff4   __TI_int58
0000fff6   __TI_int59
0000fff8   __TI_int60
0000fffa   __TI_int61
0000fffc   __TI_int62
0001a03e   __TI_renormd
0001c012   __TI_zero_init
ffffffff   __binit__
ffffffff   __c_args__
0001bf92   __memcpy_far
00016204   __mspabi_addd
000187de   __mspabi_addf
00019b92   __mspabi_cmpd
0001bd26   __mspabi_cmpf
0001aa22   __mspabi_cvtdf
0001b856   __mspabi_cvtfd
00017458   __mspabi_divd
0001a908   __mspabi_divf
0001c6a8   __mspabi_divi
0001bfd2   __mspabi_divli
0001cb0e   __mspabi_divu
0001bae6   __mspabi_divul
0001c728   __mspabi_fixdi
0001b78c   __mspabi_fixdli
0001cbc6   __mspabi_fixdu
0001b654   __mspabi_fixdul
0001b6bc   __mspabi_fixfi
0001ccc0   __mspabi_fltid
0001c3c0   __mspabi_fltif
0001a6c8   __mspabi_fltlid
0001cd14   __mspabi_fltud
0001c80c   __mspabi_fltuf
0001b3be   __mspabi_fltuld
00016d2e   __mspabi_mpyd
00019f88   __mspabi_mpyf
0001cb24   __mspabi_mpyi_f5hw
0001c8b8   __mspabi_mpyl_f5hw
0001cce0   __mspabi_negf
0001c6a8   __mspabi_remi
0001bfd2   __mspabi_remli
0001cb0e   __mspabi_remu
0001bae6   __mspabi_remul
0001ccea   __mspabi_slli
0001cc1c   __mspabi_slll
0001c0c6   __mspabi_slll_1
0001c0a2   __mspabi_slll_10
0001c09e   __mspabi_slll_11
0001c09a   __mspabi_slll_12
0001c096   __mspabi_slll_13
0001c092   __mspabi_slll_14
0001c08e   __mspabi_slll_15
0001c0c2   __mspabi_slll_2
0001c0be   __mspabi_slll_3
0001c0ba   __mspabi_slll_4
0001c0b6   __mspabi_slll_5
0001c0b2   __mspabi_slll_6
0001c0ae   __mspabi_slll_7
0001c0aa   __mspabi_slll_8
0001c0a6   __mspabi_slll_9
0001c26e   __mspabi_sllll
0001cc0c   __mspabi_sral
0001c088   __mspabi_sral_1
0001c064   __mspabi_sral_10
0001c060   __mspabi_sral_11
0001c05c   __mspabi_sral_12
0001c058   __mspabi_sral_13
0001c054   __mspabi_sral_14
0001c050   __mspabi_sral_15
0001c084   __mspabi_sral_2
0001c080   __mspabi_sral_3
0001c07c   __mspabi_sral_4
0001c078   __mspabi_sral_5
0001c074   __mspabi_sral_6
0001c070   __mspabi_sral_7
0001c06c   __mspabi_sral_8
0001c068   __mspabi_sral_9
0001ccf4   __mspabi_srli
0001cc2c   __mspabi_srll
0001c104   __mspabi_srll_1
0001c0e0   __mspabi_srll_10
0001c0dc   __mspabi_srll_11
0001c0d8   __mspabi_srll_12
0001c0d4   __mspabi_srll_13
0001c0d0   __mspabi_srll_14
0001c0cc   __mspabi_srll_15
0001c100   __mspabi_srll_2
0001c0fc   __mspabi_srll_3
0001c0f8   __mspabi_srll_4
0001c0f4   __mspabi_srll_5
0001c0f0   __mspabi_srll_6
0001c0ec   __mspabi_srll_7
0001c0e8   __mspabi_srll_8
0001c0e4   __mspabi_srll_9
0001c2a8   __mspabi_srlll
0001c67a   __mspabi_subd
000187d8   __mspabi_subf
0001b434   _auto_init
0000498e   _c_int00
0000498e   _c_int00_noexit
00003f84   _lock
0001cd42   _nop
0000fffe   _reset_vector
000041a8   _stack
0001cccc   _system_pre_init
00003f88   _unlock
00003ddc   a
00002378   abIEP0Buffer
00002370   abOEP0Buffer
00003d64   abUsbRequestIncomingData
00003d6c   abUsbRequestReturnData
0001cd3e   abort
00003cda   abramSerialStringDescriptor
00009716   abromConfigurationDescriptorGroup
000097a4   abromDeviceDescriptor
00009492   abromStringDescriptor
0001ccd6   abs
0001bd70   ad
0001c7c2   adc12
00003db2   alpha
00019ed0   atanf
00003dde   b
00003f9c   bEnumerationStatus
00003f9b   bFunctionSuspended
00003e29   bStatusAction
00004966   bcUartISR
0001c6d4   bcUartInit
00003b92   bcUartRcvBuf
00003fa0   bcUartRcvBufIndex
00003fa2   bcUartRxThreshReached
0001bcd8   bcUartSend_char
00003db6   beta
ffffffff   binit
00003f82   buttonsPressed
0001b8ba   convertTwoDigBinToASCII
00003f78   count
00003fa6   d11
00003e2a   dd
00003c12   ddcc
00003fa3   degc
0001c9ca   delay_2
00003fa4   delta
00003dba   deltax
00003dbe   deltay
00003dc2   deltaz
00018d74   drawbpletter
0001c58a   feraiseexcept
000157c2   findBP
00003de0   flag
00003de2   flagg
00017c60   floor
00003f46   g
00003dc6   gamma
000093b2   heart
00003faa   hidProtocol
0001a590   hidSendDataInBackground
00003de4   i
00004716   iUsbInterruptHandler
00003de6   index11
00003de8   index_ECG
0001aec8   initClocks
0001ca52   init_LCD_hardware
0001c4c4   init_key
0001c352   int_adc
0001be8c   int_adc12
0001ab38   int_aerate
0001c1be   int_dac
00017218   int_findpk
00003f94   interupt_flag
00003f4a   ired_ac
00003f66   ired_dc
00003f4e   ired_min
00003dea   j
00014a86   judgementone
00003e2b   k
00003f6a   length_dc
00003f6e   length_idc
0001b342   ltoa
00003e2c   m
000164da   main
00003dec   max1
00003dee   maxt
0001cbd8   memcpy
0001a2fe   memcpyDMA
0001bdb8   memcpyV
0001cb7a   memset
00003df0   menu_select
00003df2   min
00003df4   mm
0001c9e6   myDelay
00003df6   n
00003e2d   nn
00003cfc   nr1_locate
00003d10   nr_locate
000076ba   num
00003f72   num1
00003f74   num2
00019824   on_ired
0001937c   on_red
00006aba   other
00001c00   pbXBufferAddressEp1
00001d00   pbXBufferAddressEp2
00001e00   pbXBufferAddressEp3
00001f00   pbXBufferAddressEp4
00002000   pbXBufferAddressEp5
00002100   pbXBufferAddressEp6
00002200   pbXBufferAddressEp7
00001c80   pbXBufferAddressEp81
00001d80   pbXBufferAddressEp82
00001e80   pbXBufferAddressEp83
00001f80   pbXBufferAddressEp84
00002080   pbXBufferAddressEp85
00002180   pbXBufferAddressEp86
00002280   pbXBufferAddressEp87
00001c40   pbYBufferAddressEp1
00001d40   pbYBufferAddressEp2
00001e40   pbYBufferAddressEp3
00001f40   pbYBufferAddressEp4
00002040   pbYBufferAddressEp5
00002140   pbYBufferAddressEp6
00002240   pbYBufferAddressEp7
00001cc0   pbYBufferAddressEp81
00001dc0   pbYBufferAddressEp82
00001ec0   pbYBufferAddressEp83
00001fc0   pbYBufferAddressEp84
000020c0   pbYBufferAddressEp85
000021c0   pbYBufferAddressEp86
000022c0   pbYBufferAddressEp87
00003dfc   pkn
00003f54   pre_Q
00003d24   r1_locate
00003d38   r_locate
0001c4f6   raise
00003dfe   re
00003f48   red_ac
00003f62   red_dc
00003f76   red_flage
00003f4c   red_min
00003e00   rep
000097f6   report_desc
00009740   report_desc_HID0
000097f8   report_desc_size
00003e02   result0
00003e04   result1
00003e06   result2
00002fda   results
00002400   results1
00003c76   rred
00003e08   rxByteCount
00003f60   sao2
0001be46   save
0001a0f2   scankey
00003e0a   section
00003e0c   sh
00003e0e   shp
0001c3f6   signal
0001908c   smooth
00018a36   sqrtf
000097b6   stUsbHandle
00003f98   status
00003e10   step
00003d74   str1
00003e12   t1
00000920   tEndPoint0DescriptorBlock
000023c8   tInputEndPointDescriptorBlock
00002388   tOutputEndPointDescriptorBlock
00002380   tSetupPacket
00008a9a   tUsbRequestList
00003dca   temp_final1
00003dce   temp_final2
00003e14   timen
00003e16   tran_mode_SP
00017a86   transmit_menu
0001ca9c   usbClearDeviceFeature
0001bbe8   usbClearEndpointFeature
0001cd1a   usbClearOEP0ByteCount
00019654   usbDecodeAndProcessUsbRequest
0001c5ba   usbDisableInEndpointInterrupt
0001c5ea   usbDisableOutEndpointInterrupt
0001cb8e   usbGetConfiguration
0001cb3a   usbGetConfigurationDescriptor
0001cb50   usbGetDeviceDescriptor
0001c61a   usbGetDeviceStatus
0001a3aa   usbGetEndpointStatus
0001c91a   usbGetHidDescriptor
0001c938   usbGetInterface
0001c956   usbGetInterfaceStatus
0001c6fe   usbGetReport
0001c974   usbGetReportDescriptor
0001b4a4   usbGetStringDescriptor
0001cc58   usbInvalidRequest
0001ca02   usbReceiveDataPacketOnEP0
0001b724   usbReceiveNextPacketOnOEP0
0001cc66   usbRestoreInEndpointInterrupt
0001cc74   usbRestoreOutEndpointInterrupt
0001c64a   usbSendDataPacketOnEP0
0001b2c4   usbSendNextPacketOnIEP0
0001cc82   usbSendZeroLengthPacketOnIEP0
0001c8fa   usbSetAddress
0001c528   usbSetConfiguration
0001cab4   usbSetDeviceFeature
0001bb3e   usbSetEndpointFeature
0001cbea   usbSetInterface
0001c42c   usbSetReport
0001ccfe   usbStallEndpoint0
0001cd20   usbStallOEP0
00003e18   wBytesRemainingOnIEP0
00003e1a   wBytesRemainingOnOEP0
00003e1c   wUsbEventMask
000167ae   wave
00003e1e   x
00003e20   xaxis
00003e22   xx


GLOBAL SYMBOLS: SORTED BY Symbol Address 

address    name
--------   ----
00000001   __TI_args_main
00000001   __TI_exit
00000100   SFRIE1
00000100   SFRIE1_L
00000101   SFRIE1_H
00000102   SFRIFG1
00000102   SFRIFG1_L
00000103   SFRIFG1_H
00000104   SFRRPCR
00000104   SFRRPCR_L
00000105   SFRRPCR_H
00000120   PMMCTL0
00000120   PMMCTL0_L
00000121   PMMCTL0_H
00000122   PMMCTL1
00000122   PMMCTL1_L
00000123   PMMCTL1_H
00000124   SVSMHCTL
00000124   SVSMHCTL_L
00000125   SVSMHCTL_H
00000126   SVSMLCTL
00000126   SVSMLCTL_L
00000127   SVSMLCTL_H
00000128   SVSMIO
00000128   SVSMIO_L
00000129   SVSMIO_H
0000012c   PMMIFG
0000012c   PMMIFG_L
0000012d   PMMIFG_H
0000012e   PMMRIE
0000012e   PMMRIE_L
0000012f   PMMRIE_H
00000130   PM5CTL0
00000130   PM5CTL0_L
00000131   PM5CTL0_H
00000140   FCTL1
00000140   FCTL1_L
00000141   FCTL1_H
00000144   FCTL3
00000144   FCTL3_L
00000145   FCTL3_H
00000146   FCTL4
00000146   FCTL4_L
00000147   FCTL4_H
00000150   CRCDI
00000150   CRCDI_L
00000151   CRCDI_H
00000152   CRCDIRB
00000152   CRCDIRB_L
00000153   CRCDIRB_H
00000154   CRCINIRES
00000154   CRCINIRES_L
00000155   CRCINIRES_H
00000156   CRCRESR
00000156   CRCRESR_L
00000157   CRCRESR_H
00000158   RCCTL0
00000158   RCCTL0_L
00000159   RCCTL0_H
0000015c   WDTCTL
0000015c   WDTCTL_L
0000015d   WDTCTL_H
00000160   UCSCTL0
00000160   UCSCTL0_L
00000161   UCSCTL0_H
00000162   UCSCTL1
00000162   UCSCTL1_L
00000163   UCSCTL1_H
00000164   UCSCTL2
00000164   UCSCTL2_L
00000165   UCSCTL2_H
00000166   UCSCTL3
00000166   UCSCTL3_L
00000167   UCSCTL3_H
00000168   UCSCTL4
00000168   UCSCTL4_L
00000169   UCSCTL4_H
0000016a   UCSCTL5
0000016a   UCSCTL5_L
0000016b   UCSCTL5_H
0000016c   UCSCTL6
0000016c   UCSCTL6_L
0000016d   UCSCTL6_H
0000016e   UCSCTL7
0000016e   UCSCTL7_L
0000016f   UCSCTL7_H
00000170   UCSCTL8
00000170   UCSCTL8_L
00000171   UCSCTL8_H
00000180   SYSCTL
00000180   SYSCTL_L
00000181   SYSCTL_H
00000182   SYSBSLC
00000182   SYSBSLC_L
00000183   SYSBSLC_H
00000186   SYSJMBC
00000186   SYSJMBC_L
00000187   SYSJMBC_H
00000188   SYSJMBI0
00000188   SYSJMBI0_L
00000189   SYSJMBI0_H
0000018a   SYSJMBI1
0000018a   SYSJMBI1_L
0000018b   SYSJMBI1_H
0000018c   SYSJMBO0
0000018c   SYSJMBO0_L
0000018d   SYSJMBO0_H
0000018e   SYSJMBO1
0000018e   SYSJMBO1_L
0000018f   SYSJMBO1_H
00000198   SYSBERRIV
00000198   SYSBERRIV_L
00000199   SYSBERRIV_H
0000019a   SYSUNIV
0000019a   SYSUNIV_L
0000019b   SYSUNIV_H
0000019c   SYSSNIV
0000019c   SYSSNIV_L
0000019d   SYSSNIV_H
0000019e   SYSRSTIV
0000019e   SYSRSTIV_L
0000019f   SYSRSTIV_H
000001b0   REFCTL0
000001b0   REFCTL0_L
000001b1   REFCTL0_H
000001c0   PMAPKEYID
000001c0   PMAPKEYID_L
000001c1   PMAPKEYID_H
000001c2   PMAPCTL
000001c2   PMAPCTL_L
000001c3   PMAPCTL_H
000001e0   P4MAP01
000001e0   P4MAP01_L
000001e1   P4MAP01_H
000001e2   P4MAP23
000001e2   P4MAP23_L
000001e3   P4MAP23_H
000001e4   P4MAP45
000001e4   P4MAP45_L
000001e5   P4MAP45_H
000001e6   P4MAP67
000001e6   P4MAP67_L
000001e7   P4MAP67_H
00000200   PAIN
00000200   PAIN_L
00000201   PAIN_H
00000202   PAOUT
00000202   PAOUT_L
00000203   PAOUT_H
00000204   PADIR
00000204   PADIR_L
00000205   PADIR_H
00000206   PAREN
00000206   PAREN_L
00000207   PAREN_H
00000208   PADS
00000208   PADS_L
00000209   PADS_H
0000020a   PASEL
0000020a   PASEL_L
0000020b   PASEL_H
0000020e   P1IV
00000218   PAIES
00000218   PAIES_L
00000219   PAIES_H
0000021a   PAIE
0000021a   PAIE_L
0000021b   PAIE_H
0000021c   PAIFG
0000021c   PAIFG_L
0000021d   PAIFG_H
0000021e   P2IV
00000220   PBIN
00000220   PBIN_L
00000221   PBIN_H
00000222   PBOUT
00000222   PBOUT_L
00000223   PBOUT_H
00000224   PBDIR
00000224   PBDIR_L
00000225   PBDIR_H
00000226   PBREN
00000226   PBREN_L
00000227   PBREN_H
00000228   PBDS
00000228   PBDS_L
00000229   PBDS_H
0000022a   PBSEL
0000022a   PBSEL_L
0000022b   PBSEL_H
00000240   PCIN
00000240   PCIN_L
00000241   PCIN_H
00000242   PCOUT
00000242   PCOUT_L
00000243   PCOUT_H
00000244   PCDIR
00000244   PCDIR_L
00000245   PCDIR_H
00000246   PCREN
00000246   PCREN_L
00000247   PCREN_H
00000248   PCDS
00000248   PCDS_L
00000249   PCDS_H
0000024a   PCSEL
0000024a   PCSEL_L
0000024b   PCSEL_H
00000258   __STACK_SIZE
00000260   PDIN
00000260   PDIN_L
00000261   PDIN_H
00000262   PDOUT
00000262   PDOUT_L
00000263   PDOUT_H
00000264   PDDIR
00000264   PDDIR_L
00000265   PDDIR_H
00000266   PDREN
00000266   PDREN_L
00000267   PDREN_H
00000268   PDDS
00000268   PDDS_L
00000269   PDDS_H
0000026a   PDSEL
0000026a   PDSEL_L
0000026b   PDSEL_H
00000320   PJIN
00000320   PJIN_L
00000321   PJIN_H
00000322   PJOUT
00000322   PJOUT_L
00000323   PJOUT_H
00000324   PJDIR
00000324   PJDIR_L
00000325   PJDIR_H
00000326   PJREN
00000326   PJREN_L
00000327   PJREN_H
00000328   PJDS
00000328   PJDS_L
00000329   PJDS_H
00000340   TA0CTL
00000342   TA0CCTL0
00000344   TA0CCTL1
00000346   TA0CCTL2
00000348   TA0CCTL3
0000034a   TA0CCTL4
00000350   TA0R
00000352   TA0CCR0
00000354   TA0CCR1
00000356   TA0CCR2
00000358   TA0CCR3
0000035a   TA0CCR4
00000360   TA0EX0
0000036e   TA0IV
00000380   TA1CTL
00000382   TA1CCTL0
00000384   TA1CCTL1
00000386   TA1CCTL2
00000390   TA1R
00000392   TA1CCR0
00000394   TA1CCR1
00000396   TA1CCR2
000003a0   TA1EX0
000003ae   TA1IV
000003c0   TB0CTL
000003c2   TB0CCTL0
000003c4   TB0CCTL1
000003c6   TB0CCTL2
000003c8   TB0CCTL3
000003ca   TB0CCTL4
000003cc   TB0CCTL5
000003ce   TB0CCTL6
000003d0   TB0R
000003d2   TB0CCR0
000003d4   TB0CCR1
000003d6   TB0CCR2
000003d8   TB0CCR3
000003da   TB0CCR4
000003dc   TB0CCR5
000003de   TB0CCR6
000003e0   TB0EX0
000003ee   TB0IV
00000400   TA2CTL
00000402   TA2CCTL0
00000404   TA2CCTL1
00000406   TA2CCTL2
00000410   TA2R
00000412   TA2CCR0
00000414   TA2CCR1
00000416   TA2CCR2
00000420   TA2EX0
0000042e   TA2IV
000004a0   RTCCTL01
000004a0   RTCCTL01_L
000004a1   RTCCTL01_H
000004a2   RTCCTL23
000004a2   RTCCTL23_L
000004a3   RTCCTL23_H
000004a8   RTCPS0CTL
000004a8   RTCPS0CTL_L
000004a9   RTCPS0CTL_H
000004aa   RTCPS1CTL
000004aa   RTCPS1CTL_L
000004ab   RTCPS1CTL_H
000004ac   RTCPS
000004ac   RTCPS_L
000004ad   RTCPS_H
000004ae   RTCIV
000004b0   RTCTIM0
000004b0   RTCTIM0_L
000004b1   RTCTIM0_H
000004b2   RTCTIM1
000004b2   RTCTIM1_L
000004b3   RTCTIM1_H
000004b4   RTCDATE
000004b4   RTCDATE_L
000004b5   RTCDATE_H
000004b6   RTCYEAR
000004b6   RTCYEAR_L
000004b7   RTCYEAR_H
000004b8   RTCAMINHR
000004b8   RTCAMINHR_L
000004b9   RTCAMINHR_H
000004ba   RTCADOWDAY
000004ba   RTCADOWDAY_L
000004bb   RTCADOWDAY_H
000004c0   MPY
000004c0   MPY_L
000004c1   MPY_H
000004c2   MPYS
000004c2   MPYS_L
000004c3   MPYS_H
000004c4   MAC
000004c4   MAC_L
000004c5   MAC_H
000004c6   MACS
000004c6   MACS_L
000004c7   MACS_H
000004c8   OP2
000004c8   OP2_L
000004c9   OP2_H
000004ca   RESLO
000004ca   RESLO_L
000004cb   RESLO_H
000004cc   RESHI
000004cc   RESHI_L
000004cd   RESHI_H
000004ce   SUMEXT
000004ce   SUMEXT_L
000004cf   SUMEXT_H
000004d0   MPY32L
000004d0   MPY32L_L
000004d1   MPY32L_H
000004d2   MPY32H
000004d2   MPY32H_L
000004d3   MPY32H_H
000004d4   MPYS32L
000004d4   MPYS32L_L
000004d5   MPYS32L_H
000004d6   MPYS32H
000004d6   MPYS32H_L
000004d7   MPYS32H_H
000004d8   MAC32L
000004d8   MAC32L_L
000004d9   MAC32L_H
000004da   MAC32H
000004da   MAC32H_L
000004db   MAC32H_H
000004dc   MACS32L
000004dc   MACS32L_L
000004dd   MACS32L_H
000004de   MACS32H
000004de   MACS32H_L
000004df   MACS32H_H
000004e0   OP2L
000004e0   OP2L_L
000004e1   OP2L_H
000004e2   OP2H
000004e2   OP2H_L
000004e3   OP2H_H
000004e4   RES0
000004e4   RES0_L
000004e5   RES0_H
000004e6   RES1
000004e6   RES1_L
000004e7   RES1_H
000004e8   RES2
000004e8   RES2_L
000004e9   RES2_H
000004ea   RES3
000004ea   RES3_L
000004eb   RES3_H
000004ec   MPY32CTL0
000004ec   MPY32CTL0_L
000004ed   MPY32CTL0_H
00000500   DMACTL0
00000500   DMACTL0_L
00000501   DMACTL0_H
00000502   DMACTL1
00000502   DMACTL1_L
00000503   DMACTL1_H
00000504   DMACTL2
00000504   DMACTL2_L
00000505   DMACTL2_H
00000506   DMACTL3
00000506   DMACTL3_L
00000507   DMACTL3_H
00000508   DMACTL4
00000508   DMACTL4_L
00000509   DMACTL4_H
0000050e   DMAIV
0000050e   DMAIV_L
0000050f   DMAIV_H
00000510   DMA0CTL
00000510   DMA0CTL_L
00000511   DMA0CTL_H
00000512   DMA0SA
00000512   DMA0SAL
00000516   DMA0DA
00000516   DMA0DAL
0000051a   DMA0SZ
00000520   DMA1CTL
00000520   DMA1CTL_L
00000521   DMA1CTL_H
00000522   DMA1SA
00000522   DMA1SAL
00000526   DMA1DA
00000526   DMA1DAL
0000052a   DMA1SZ
00000530   DMA2CTL
00000530   DMA2CTL_L
00000531   DMA2CTL_H
00000532   DMA2SA
00000532   DMA2SAL
00000536   DMA2DA
00000536   DMA2DAL
0000053a   DMA2SZ
000005c0   UCA0CTLW0
000005c0   UCA0CTLW0_L
000005c1   UCA0CTLW0_H
000005c6   UCA0BRW
000005c6   UCA0BRW_L
000005c7   UCA0BRW_H
000005c8   UCA0MCTL
000005ca   UCA0STAT
000005cc   UCA0RXBUF
000005ce   UCA0TXBUF
000005d0   UCA0ABCTL
000005d2   UCA0IRCTL
000005d2   UCA0IRCTL_L
000005d3   UCA0IRCTL_H
000005dc   UCA0ICTL
000005dc   UCA0ICTL_L
000005dd   UCA0ICTL_H
000005de   UCA0IV
000005e0   UCB0CTLW0
000005e0   UCB0CTLW0_L
000005e1   UCB0CTLW0_H
000005e6   UCB0BRW
000005e6   UCB0BRW_L
000005e7   UCB0BRW_H
000005ea   UCB0STAT
000005ec   UCB0RXBUF
000005ee   UCB0TXBUF
000005f0   UCB0I2COA
000005f0   UCB0I2COA_L
000005f1   UCB0I2COA_H
000005f2   UCB0I2CSA
000005f2   UCB0I2CSA_L
000005f3   UCB0I2CSA_H
000005fc   UCB0ICTL
000005fc   UCB0ICTL_L
000005fd   UCB0ICTL_H
000005fe   UCB0IV
00000600   UCA1CTLW0
00000600   UCA1CTLW0_L
00000601   UCA1CTLW0_H
00000606   UCA1BRW
00000606   UCA1BRW_L
00000607   UCA1BRW_H
00000608   UCA1MCTL
0000060a   UCA1STAT
0000060c   UCA1RXBUF
0000060e   UCA1TXBUF
00000610   UCA1ABCTL
00000612   UCA1IRCTL
00000612   UCA1IRCTL_L
00000613   UCA1IRCTL_H
0000061c   UCA1ICTL
0000061c   UCA1ICTL_L
0000061d   UCA1ICTL_H
0000061e   UCA1IV
00000620   UCB1CTLW0
00000620   UCB1CTLW0_L
00000621   UCB1CTLW0_H
00000626   UCB1BRW
00000626   UCB1BRW_L
00000627   UCB1BRW_H
0000062a   UCB1STAT
0000062c   UCB1RXBUF
0000062e   UCB1TXBUF
00000630   UCB1I2COA
00000630   UCB1I2COA_L
00000631   UCB1I2COA_H
00000632   UCB1I2CSA
00000632   UCB1I2CSA_L
00000633   UCB1I2CSA_H
0000063c   UCB1ICTL
0000063c   UCB1ICTL_L
0000063d   UCB1ICTL_H
0000063e   UCB1IV
00000700   ADC12CTL0
00000700   ADC12CTL0_L
00000701   ADC12CTL0_H
00000702   ADC12CTL1
00000702   ADC12CTL1_L
00000703   ADC12CTL1_H
00000704   ADC12CTL2
00000704   ADC12CTL2_L
00000705   ADC12CTL2_H
0000070a   ADC12IFG
0000070a   ADC12IFG_L
0000070b   ADC12IFG_H
0000070c   ADC12IE
0000070c   ADC12IE_L
0000070d   ADC12IE_H
0000070e   ADC12IV
0000070e   ADC12IV_L
0000070f   ADC12IV_H
00000710   ADC12MCTL0
00000711   ADC12MCTL1
00000712   ADC12MCTL2
00000713   ADC12MCTL3
00000714   ADC12MCTL4
00000715   ADC12MCTL5
00000716   ADC12MCTL6
00000717   ADC12MCTL7
00000718   ADC12MCTL8
00000719   ADC12MCTL9
0000071a   ADC12MCTL10
0000071b   ADC12MCTL11
0000071c   ADC12MCTL12
0000071d   ADC12MCTL13
0000071e   ADC12MCTL14
0000071f   ADC12MCTL15
00000720   ADC12MEM0
00000720   ADC12MEM0_L
00000721   ADC12MEM0_H
00000722   ADC12MEM1
00000722   ADC12MEM1_L
00000723   ADC12MEM1_H
00000724   ADC12MEM2
00000724   ADC12MEM2_L
00000725   ADC12MEM2_H
00000726   ADC12MEM3
00000726   ADC12MEM3_L
00000727   ADC12MEM3_H
00000728   ADC12MEM4
00000728   ADC12MEM4_L
00000729   ADC12MEM4_H
0000072a   ADC12MEM5
0000072a   ADC12MEM5_L
0000072b   ADC12MEM5_H
0000072c   ADC12MEM6
0000072c   ADC12MEM6_L
0000072d   ADC12MEM6_H
0000072e   ADC12MEM7
0000072e   ADC12MEM7_L
0000072f   ADC12MEM7_H
00000730   ADC12MEM8
00000730   ADC12MEM8_L
00000731   ADC12MEM8_H
00000732   ADC12MEM9
00000732   ADC12MEM9_L
00000733   ADC12MEM9_H
00000734   ADC12MEM10
00000734   ADC12MEM10_L
00000735   ADC12MEM10_H
00000736   ADC12MEM11
00000736   ADC12MEM11_L
00000737   ADC12MEM11_H
00000738   ADC12MEM12
00000738   ADC12MEM12_L
00000739   ADC12MEM12_H
0000073a   ADC12MEM13
0000073a   ADC12MEM13_L
0000073b   ADC12MEM13_H
0000073c   ADC12MEM14
0000073c   ADC12MEM14_L
0000073d   ADC12MEM14_H
0000073e   ADC12MEM15
0000073e   ADC12MEM15_L
0000073f   ADC12MEM15_H
000008c0   CBCTL0
000008c0   CBCTL0_L
000008c1   CBCTL0_H
000008c2   CBCTL1
000008c2   CBCTL1_L
000008c3   CBCTL1_H
000008c4   CBCTL2
000008c4   CBCTL2_L
000008c5   CBCTL2_H
000008c6   CBCTL3
000008c6   CBCTL3_L
000008c7   CBCTL3_H
000008cc   CBINT
000008cc   CBINT_L
000008cd   CBINT_H
000008ce   CBIV
00000900   USBKEYID
00000900   USBKEYID_L
00000901   USBKEYID_H
00000902   USBCNF
00000902   USBCNF_L
00000903   USBCNF_H
00000904   USBPHYCTL
00000904   USBPHYCTL_L
00000905   USBPHYCTL_H
00000908   USBPWRCTL
00000908   USBPWRCTL_L
00000909   USBPWRCTL_H
00000910   USBPLLCTL
00000910   USBPLLCTL_L
00000911   USBPLLCTL_H
00000912   USBPLLDIVB
00000912   USBPLLDIVB_L
00000913   USBPLLDIVB_H
00000914   USBPLLIR
00000914   USBPLLIR_L
00000915   USBPLLIR_H
00000920   USBIEPCNF_0
00000920   tEndPoint0DescriptorBlock
00000921   USBIEPCNT_0
00000922   USBOEPCNF_0
00000923   USBOEPCNT_0
0000092e   USBIEPIE
0000092f   USBOEPIE
00000930   USBIEPIFG
00000931   USBOEPIFG
00000932   USBVECINT
00000932   USBVECINT_L
00000933   USBVECINT_H
00000936   USBMAINT
00000936   USBMAINT_L
00000937   USBMAINT_H
00000938   USBTSREG
00000938   USBTSREG_L
00000939   USBTSREG_H
0000093a   USBFN
0000093a   USBFN_L
0000093b   USBFN_H
0000093c   USBCTL
0000093d   USBIE
0000093e   USBIFG
0000093f   USBFUNADR
00001c00   USBSTABUFF
00001c00   pbXBufferAddressEp1
00001c40   pbYBufferAddressEp1
00001c80   pbXBufferAddressEp81
00001cc0   pbYBufferAddressEp81
00001d00   pbXBufferAddressEp2
00001d40   pbYBufferAddressEp2
00001d80   pbXBufferAddressEp82
00001dc0   pbYBufferAddressEp82
00001e00   pbXBufferAddressEp3
00001e40   pbYBufferAddressEp3
00001e80   pbXBufferAddressEp83
00001ec0   pbYBufferAddressEp83
00001f00   pbXBufferAddressEp4
00001f40   pbYBufferAddressEp4
00001f80   pbXBufferAddressEp84
00001fc0   pbYBufferAddressEp84
00002000   pbXBufferAddressEp5
00002040   pbYBufferAddressEp5
00002080   pbXBufferAddressEp85
000020c0   pbYBufferAddressEp85
00002100   pbXBufferAddressEp6
00002140   pbYBufferAddressEp6
00002180   pbXBufferAddressEp86
000021c0   pbYBufferAddressEp86
00002200   pbXBufferAddressEp7
00002240   pbYBufferAddressEp7
00002280   pbXBufferAddressEp87
000022c0   pbYBufferAddressEp87
0000236f   USBTOPBUFF
00002370   USBOEP0BUF
00002370   abOEP0Buffer
00002378   USBIEP0BUF
00002378   abIEP0Buffer
00002380   USBSUBLK
00002380   tSetupPacket
00002388   USBOEPCNF_1
00002388   tOutputEndPointDescriptorBlock
00002389   USBOEPBBAX_1
0000238a   USBOEPBCTX_1
0000238d   USBOEPBBAY_1
0000238e   USBOEPBCTY_1
0000238f   USBOEPSIZXY_1
00002390   USBOEPCNF_2
00002391   USBOEPBBAX_2
00002392   USBOEPBCTX_2
00002395   USBOEPBBAY_2
00002396   USBOEPBCTY_2
00002397   USBOEPSIZXY_2
00002398   USBOEPCNF_3
00002399   USBOEPBBAX_3
0000239a   USBOEPBCTX_3
0000239d   USBOEPBBAY_3
0000239e   USBOEPBCTY_3
0000239f   USBOEPSIZXY_3
000023a0   USBOEPCNF_4
000023a1   USBOEPBBAX_4
000023a2   USBOEPBCTX_4
000023a5   USBOEPBBAY_4
000023a6   USBOEPBCTY_4
000023a7   USBOEPSIZXY_4
000023a8   USBOEPCNF_5
000023a9   USBOEPBBAX_5
000023aa   USBOEPBCTX_5
000023ad   USBOEPBBAY_5
000023ae   USBOEPBCTY_5
000023af   USBOEPSIZXY_5
000023b0   USBOEPCNF_6
000023b1   USBOEPBBAX_6
000023b2   USBOEPBCTX_6
000023b5   USBOEPBBAY_6
000023b6   USBOEPBCTY_6
000023b7   USBOEPSIZXY_6
000023b8   USBOEPCNF_7
000023b9   USBOEPBBAX_7
000023ba   USBOEPBCTX_7
000023bd   USBOEPBBAY_7
000023be   USBOEPBCTY_7
000023bf   USBOEPSIZXY_7
000023c8   USBIEPCNF_1
000023c8   tInputEndPointDescriptorBlock
000023c9   USBIEPBBAX_1
000023ca   USBIEPBCTX_1
000023cd   USBIEPBBAY_1
000023ce   USBIEPBCTY_1
000023cf   USBIEPSIZXY_1
000023d0   USBIEPCNF_2
000023d1   USBIEPBBAX_2
000023d2   USBIEPBCTX_2
000023d5   USBIEPBBAY_2
000023d6   USBIEPBCTY_2
000023d7   USBIEPSIZXY_2
000023d8   USBIEPCNF_3
000023d9   USBIEPBBAX_3
000023da   USBIEPBCTX_3
000023dd   USBIEPBBAY_3
000023de   USBIEPBCTY_3
000023df   USBIEPSIZXY_3
000023e0   USBIEPCNF_4
000023e1   USBIEPBBAX_4
000023e2   USBIEPBCTX_4
000023e5   USBIEPBBAY_4
000023e6   USBIEPBCTY_4
000023e7   USBIEPSIZXY_4
000023e8   USBIEPCNF_5
000023e9   USBIEPBBAX_5
000023ea   USBIEPBCTX_5
000023ed   USBIEPBBAY_5
000023ee   USBIEPBCTY_5
000023ef   USBIEPSIZXY_5
000023f0   USBIEPCNF_6
000023f1   USBIEPBBAX_6
000023f2   USBIEPBCTX_6
000023f5   USBIEPBBAY_6
000023f6   USBIEPBCTY_6
000023f7   USBIEPSIZXY_6
000023f8   USBIEPCNF_7
000023f9   USBIEPBBAX_7
000023fa   USBIEPBCTX_7
000023fd   USBIEPBBAY_7
000023fe   USBIEPBCTY_7
000023ff   USBIEPSIZXY_7
00002400   results1
00002fda   results
00003b92   bcUartRcvBuf
00003c12   ddcc
00003c76   rred
00003cda   abramSerialStringDescriptor
00003cfc   nr1_locate
00003d10   nr_locate
00003d24   r1_locate
00003d38   r_locate
00003d64   abUsbRequestIncomingData
00003d6c   abUsbRequestReturnData
00003d74   str1
00003d7a   Ax
00003d7e   Axmax
00003d82   Axmin
00003d86   Ay
00003d8a   Aymax
00003d8e   Aymin
00003d92   Az
00003d96   Azmax
00003d9a   Azmin
00003d9e   Sa
00003da2   Samax
00003da6   Samin
00003daa   USB_RX_memcpy
00003dae   USB_TX_memcpy
00003db2   alpha
00003db6   beta
00003dba   deltax
00003dbe   deltay
00003dc2   deltaz
00003dc6   gamma
00003dca   temp_final1
00003dce   temp_final2
00003dd2   CRCresult
00003dd4   ECG_Faddr
00003dd6   HRate
00003dd8   LSB
00003dda   MSB
00003ddc   a
00003dde   b
00003de0   flag
00003de2   flagg
00003de4   i
00003de6   index11
00003de8   index_ECG
00003dea   j
00003dec   max1
00003dee   maxt
00003df0   menu_select
00003df2   min
00003df4   mm
00003df6   n
00003dfc   pkn
00003dfe   re
00003e00   rep
00003e02   result0
00003e04   result1
00003e06   result2
00003e08   rxByteCount
00003e0a   section
00003e0c   sh
00003e0e   shp
00003e10   step
00003e12   t1
00003e14   timen
00003e16   tran_mode_SP
00003e18   wBytesRemainingOnIEP0
00003e1a   wBytesRemainingOnOEP0
00003e1c   wUsbEventMask
00003e1e   x
00003e20   xaxis
00003e22   xx
00003e24   CRCindex
00003e25   CRCtmp
00003e29   bStatusAction
00003e2a   dd
00003e2b   k
00003e2c   m
00003e2d   nn
00003ede   _FDenorm
00003eee   _FEps
00003efe   _FInf
00003f0e   _FNan
00003f1e   _FSnan
00003f2e   _FRteps
00003f3e   _FXbig
00003f42   _FZero
00003f46   g
00003f48   red_ac
00003f4a   ired_ac
00003f4c   red_min
00003f4e   ired_min
00003f50   Q
00003f54   pre_Q
00003f58   Q1
00003f5c   Q2
00003f60   sao2
00003f62   red_dc
00003f66   ired_dc
00003f6a   length_dc
00003f6e   length_idc
00003f72   num1
00003f74   num2
00003f76   red_flage
00003f78   count
00003f7a   BUTTON_S1
00003f7c   BUTTON_S2
00003f7e   BUTTON_S3
00003f80   BUTTON_S4
00003f82   buttonsPressed
00003f84   _lock
00003f88   _unlock
00003f8c   _Fenv
00003f90   _Tls_setup__Fenv
00003f94   interupt_flag
00003f98   status
00003f9b   bFunctionSuspended
00003f9c   bEnumerationStatus
00003f9e   VERSION
00003fa0   bcUartRcvBufIndex
00003fa2   bcUartRxThreshReached
00003fa3   degc
00003fa4   delta
00003fa6   d11
00003fa8   _Errno
00003faa   hidProtocol
000041a8   _stack
00004400   ADC12ISR
00004400   __STACK_END
00004716   iUsbInterruptHandler
000048b8   UNMI_ISR
00004916   Port1_ISR
00004966   bcUartISR
0000498e   _c_int00
0000498e   _c_int00_noexit
000049a8   USCI_A0_ISR
000053da   Theme
00005ada   BPhan
0000675a   Bug3
00006aba   other
000070fa   HRhan2
000073fa   MSP
000076ba   num
0000793a   Bug2
00007d7a   CRC_TA3
00007f7a   CRC_TA
0000817a   HRhan
000084fa   Ahan
000087fa   BME
00008a9a   tUsbRequestList
00008bb2   ATheme2
00008cb2   ATheme3
00008db2   Back
00008fb2   Hhan
000090b2   Phan
000091b2   Shan
000092b2   Sure
000093b2   heart
00009492   abromStringDescriptor
00009516   Down
00009596   Mi
00009616   SEU
00009696   Up
00009716   abromConfigurationDescriptorGroup
00009740   report_desc_HID0
000097a4   abromDeviceDescriptor
000097b6   stUsbHandle
000097f6   report_desc
000097f8   report_desc_size
00009844   __TI_Handler_Table_Base
00009850   __TI_Handler_Table_Limit
00009856   __TI_CINIT_Base
00009866   __TI_CINIT_Limit
0000ffd2   __TI_int41
0000ffd4   __TI_int42
0000ffd6   __TI_int43
0000ffd8   __TI_int44
0000ffda   __TI_int45
0000ffdc   __TI_int46
0000ffde   __TI_int47
0000ffe0   __TI_int48
0000ffe2   __TI_int49
0000ffe4   __TI_int50
0000ffe6   __TI_int51
0000ffe8   __TI_int52
0000ffea   __TI_int53
0000ffec   __TI_int54
0000ffee   __TI_int55
0000fff0   __TI_int56
0000fff2   __TI_int57
0000fff4   __TI_int58
0000fff6   __TI_int59
0000fff8   __TI_int60
0000fffa   __TI_int61
0000fffc   __TI_int62
0000fffe   _reset_vector
00010000   WALK
000118da   ACCEL
00012e68   SPO2H
00014002   HRCaculate
00014564   HR
00014a86   judgementone
00014f08   Show_TranMenuMode
0001536c   __TI_frcdivd
000157c2   findBP
00015bb8   Show_MenuMode
00015f1c   __TI_frcmpyd
00016204   __mspabi_addd
000164da   main
000167ae   wave
00016a74   ILI9325_CMO24_Initial
00016d2e   __mspabi_mpyd
00016fae   __TI_frcaddd
00017218   int_findpk
00017458   __mspabi_divd
00017678   BP
00017894   HidToBufferFromHost
00017a86   transmit_menu
00017c60   floor
00017e24   HidToHostFromBuffer
00017fe6   PMM_setVCoreUp
00018164   UCS_initFLL
000182ca   USB_reset
00018418   UCS_clockSignalInit
00018562   Show_splash
0001869e   USB_InitSerialStringDescriptor
000187d8   __mspabi_subf
000187de   __mspabi_addf
00018908   _FAtan
00018a36   sqrtf
00018b4e   _FDscale
00018c62   PMM_setVCoreDown
00018d74   drawbpletter
00018e7e   ACCELMENU
0001908c   smooth
00019288   USB_enable
0001937c   on_red
00019470   DRAW_LINE
00019562   SpO2_lcd
00019654   usbDecodeAndProcessUsbRequest
0001973e   USBHID_intfStatus
00019824   on_ired
0001990a   GPIO_setAsPeripheralModuleFunctionOutputPin
000199e2   Show_MenuTheme
00019b92   __mspabi_cmpd
00019c6a   HidCopyUsbToBuff
00019d40   Show_ACCELMenuMode
00019e16   USB_determineFreq
00019ed0   atanf
00019f88   __mspabi_mpyf
0001a03e   __TI_renormd
0001a0f2   scankey
0001a250   USB_init
0001a2fe   memcpyDMA
0001a3aa   usbGetEndpointStatus
0001a450   DMA_init
0001a4f0   USBHID_sendData
0001a590   hidSendDataInBackground
0001a630   Show_ALLTHEME
0001a6c8   __mspabi_fltlid
0001a75c   DRAW_Heart
0001a7ec   DRAW_NUM
0001a87a   Show_Select
0001a908   __mspabi_divf
0001a996   _FDnorm
0001aa22   __mspabi_cvtdf
0001aaae   DRAW_Other
0001ab38   int_aerate
0001abbc   DRAW_Mi
0001ac3e   DRAW_Mifan
0001acc0   DRAW_NUM1
0001ad42   DRAW_NUM1fan
0001adc4   DRAW_han1616
0001ae46   PMM_setVCore
0001aec8   initClocks
0001af4a   DRAW_NUM4848
0001afca   DRAW_han4848
0001b04a   DRAW_han
0001b0ca   DRAW_hanfan
0001b14a   PWRVBUSoffHandler
0001b1c8   TLV_getInfo
0001b246   UCS_XT2StartWithTimeout
0001b2c4   usbSendNextPacketOnIEP0
0001b342   ltoa
0001b3be   __mspabi_fltuld
0001b434   _auto_init
0001b4a4   usbGetStringDescriptor
0001b512   PWRVBUSonHandler
0001b57e   SPILCD_SetWindow
0001b5ea   SetVCore
0001b654   __mspabi_fixdul
0001b6bc   __mspabi_fixfi
0001b724   usbReceiveNextPacketOnOEP0
0001b78c   __mspabi_fixdli
0001b7f2   _FDunscale
0001b856   __mspabi_cvtfd
0001b8ba   convertTwoDigBinToASCII
0001b91e   DMA_setDstAddress
0001b97e   DMA_setSrcAddress
0001b9da   SetupPacketInterruptHandler
0001ba36   SPILCD_Clear_Lim
0001ba8e   UCS_initFLLSettle
0001bae6   __mspabi_divul
0001bae6   __mspabi_remul
0001bb3e   usbSetEndpointFeature
0001bb94   SPILCD_Clear
0001bbe8   usbClearEndpointFeature
0001bc3c   ADC12_IO_Init
0001bc8a   USB_initMemcpy
0001bcd8   bcUartSend_char
0001bd26   __mspabi_cmpf
0001bd70   ad
0001bdb8   memcpyV
0001be00   USB_setup
0001be46   save
0001be8c   int_adc12
0001bed0   Init_ADC
0001bf12   OEP0InterruptHandler
0001bf52   USB_connectionInfo
0001bf92   __memcpy_far
0001bfd2   __mspabi_divli
0001bfd2   __mspabi_remli
0001c012   __TI_zero_init
0001c050   __mspabi_sral_15
0001c054   __mspabi_sral_14
0001c058   __mspabi_sral_13
0001c05c   __mspabi_sral_12
0001c060   __mspabi_sral_11
0001c064   __mspabi_sral_10
0001c068   __mspabi_sral_9
0001c06c   __mspabi_sral_8
0001c070   __mspabi_sral_7
0001c074   __mspabi_sral_6
0001c078   __mspabi_sral_5
0001c07c   __mspabi_sral_4
0001c080   __mspabi_sral_3
0001c084   __mspabi_sral_2
0001c088   __mspabi_sral_1
0001c08e   __mspabi_slll_15
0001c092   __mspabi_slll_14
0001c096   __mspabi_slll_13
0001c09a   __mspabi_slll_12
0001c09e   __mspabi_slll_11
0001c0a2   __mspabi_slll_10
0001c0a6   __mspabi_slll_9
0001c0aa   __mspabi_slll_8
0001c0ae   __mspabi_slll_7
0001c0b2   __mspabi_slll_6
0001c0b6   __mspabi_slll_5
0001c0ba   __mspabi_slll_4
0001c0be   __mspabi_slll_3
0001c0c2   __mspabi_slll_2
0001c0c6   __mspabi_slll_1
0001c0cc   __mspabi_srll_15
0001c0d0   __mspabi_srll_14
0001c0d4   __mspabi_srll_13
0001c0d8   __mspabi_srll_12
0001c0dc   __mspabi_srll_11
0001c0e0   __mspabi_srll_10
0001c0e4   __mspabi_srll_9
0001c0e8   __mspabi_srll_8
0001c0ec   __mspabi_srll_7
0001c0f0   __mspabi_srll_6
0001c0f4   __mspabi_srll_5
0001c0f8   __mspabi_srll_4
0001c0fc   __mspabi_srll_3
0001c100   __mspabi_srll_2
0001c104   __mspabi_srll_1
0001c10a   USBHID_handleEP0GetReport
0001c146   USBHID_handleEP0SetReport
0001c182   __TI_decompress_none
0001c1be   int_dac
0001c1fa   Delayms
0001c234   HidResetData
0001c26e   __mspabi_sllll
0001c2a8   __mspabi_srlll
0001c2e2   Show_ButtonS1
0001c31a   Show_ButtonS4
0001c352   int_adc
0001c38a   NONUSE_LCD
0001c3c0   __mspabi_fltif
0001c3f6   signal
0001c42c   usbSetReport
0001c460   USE_LCD
0001c492   _Feraise
0001c4c4   init_key
0001c4f6   raise
0001c528   usbSetConfiguration
0001c55a   DRAW_POINT
0001c58a   feraiseexcept
0001c5ba   usbDisableInEndpointInterrupt
0001c5ea   usbDisableOutEndpointInterrupt
0001c61a   usbGetDeviceStatus
0001c64a   usbSendDataPacketOnEP0
0001c67a   __mspabi_subd
0001c6a8   __mspabi_divi
0001c6a8   __mspabi_remi
0001c6d4   bcUartInit
0001c6fe   usbGetReport
0001c728   __mspabi_fixdi
0001c750   DMA_disableTransfers
0001c776   DMA_enableTransfers
0001c79c   Init_UART1
0001c7c2   adc12
0001c7e8   DMA_startTransfer
0001c80c   __mspabi_fltuf
0001c830   DMA_getInterruptStatus
0001c852   DMA_setTransferSize
0001c874   UCS_clearFaultFlag
0001c896   USB_disable
0001c8b8   __mspabi_mpyl_f5hw
0001c8da   SFR_clearInterrupt
0001c8fa   usbSetAddress
0001c91a   usbGetHidDescriptor
0001c938   usbGetInterface
0001c956   usbGetInterfaceStatus
0001c974   usbGetReportDescriptor
0001c992   IEP0InterruptHandler
0001c9ae   LCD_WriteData
0001c9ca   delay_2
0001c9e6   myDelay
0001ca02   usbReceiveDataPacketOnEP0
0001ca1e   LCD_WriteByteSPI
0001ca38   USB_connect
0001ca52   init_LCD_hardware
0001ca6c   HidIsReceiveInProgress
0001ca84   USB_resume
0001ca9c   usbClearDeviceFeature
0001cab4   usbSetDeviceFeature
0001cacc   DMA_disableTransferDuringReadModifyWrite
0001cae2   DMA_enableTransferDuringReadModifyWrite
0001caf8   LCD_WriteRegIndex
0001cb0e   __mspabi_divu
0001cb0e   __mspabi_remu
0001cb24   __mspabi_mpyi_f5hw
0001cb3a   usbGetConfigurationDescriptor
0001cb50   usbGetDeviceDescriptor
0001cb66   USB_handleVbusOnEvent
0001cb7a   memset
0001cb8e   usbGetConfiguration
0001cba2   Show_ButtonS2
0001cbb4   Show_ButtonS3
0001cbc6   __mspabi_fixdu
0001cbd8   memcpy
0001cbea   usbSetInterface
0001cbfc   USB_setEnabledEvents
0001cc0c   __mspabi_sral
0001cc1c   __mspabi_slll
0001cc2c   __mspabi_srll
0001cc3c   SPILCD_WriteRAM
0001cc4a   __TI_decompress_rle24
0001cc58   usbInvalidRequest
0001cc66   usbRestoreInEndpointInterrupt
0001cc74   usbRestoreOutEndpointInterrupt
0001cc82   usbSendZeroLengthPacketOnIEP0
0001cc90   USBHID_handleDataReceived
0001cc9c   USBHID_handleEP0SetReportDataAvailable
0001cca8   USBHID_handleReceiveCompleted
0001ccb4   USBHID_handleSendCompleted
0001ccc0   __mspabi_fltid
0001cccc   _system_pre_init
0001ccd6   abs
0001cce0   __mspabi_negf
0001ccea   __mspabi_slli
0001ccf4   __mspabi_srli
0001ccfe   usbStallEndpoint0
0001cd08   USB_getVersion
0001cd0e   __TI_ISR_TRAP
0001cd14   __mspabi_fltud
0001cd1a   usbClearOEP0ByteCount
0001cd20   usbStallOEP0
0001cd26   USB_handleClockEvent
0001cd2a   USB_handleEnumCompleteEvent
0001cd2e   USB_handleResetEvent
0001cd32   USB_handleResumeEvent
0001cd36   USB_handleSuspendEvent
0001cd3a   USB_handleVbusOffEvent
0001cd3e   C$$EXIT
0001cd3e   abort
0001cd42   _nop
ffffffff   __binit__
ffffffff   __c_args__
ffffffff   binit
UNDEFED    __TI_INITARRAY_Base
UNDEFED    __TI_INITARRAY_Limit

[1266 symbols]
